Component: ARM Compiler 5.05 update 1 (build 106) Tool: armlink [4d0efa]

==============================================================================

Section Cross References

    main.o(i.SysTick_Handler) refers to motor_vel_encoder_mode.o(i.encoder_vel_calc) for encoder_vel_calc
    main.o(i.SysTick_Handler) refers to motor_pwm.o(i.motor_pid_controller) for motor_pid_controller
    main.o(i.SysTick_Handler) refers to ccd.o(i.ccd_get_line) for ccd_get_line
    main.o(i.SysTick_Handler) refers to main.o(.data) for systick_count
    main.o(i.main) refers to misc.o(i.NVIC_PriorityGroupConfig) for NVIC_PriorityGroupConfig
    main.o(i.main) refers to motor_pwm.o(i.TIMx_PWMInit) for TIMx_PWMInit
    main.o(i.main) refers to motor_vel_encoder_mode.o(i.EncodeInit) for EncodeInit
    main.o(i.main) refers to main.o(i.systickInit) for systickInit
    main.o(i.main) refers to motor_vel_time_interval.o(i.TIM1_Cap_Init) for TIM1_Cap_Init
    main.o(i.main) refers to ultrasonic.o(i.TIM2_Init) for TIM2_Init
    main.o(i.main) refers to ultrasonic.o(i.TIM6_Init) for TIM6_Init
    main.o(i.main) refers to ultrasonic.o(i.Ultrasonic_Init) for Ultrasonic_Init
    main.o(i.main) refers to ccd.o(i.Adc_Init) for Adc_Init
    main.o(i.main) refers to controller.o(i.simple_controller_init) for simple_controller_init
    main.o(i.main) refers to ccd.o(i.Read_CCD) for Read_CCD
    main.o(i.main) refers to ultrasonic.o(i.Ultrasonic_Trig) for Ultrasonic_Trig
    main.o(i.main) refers to main.o(.data) for pulse
    main.o(i.systickInit) refers to main.o(i.NVIC_SetPriority) for NVIC_SetPriority
    main.o(i.systickInit) refers to system_stm32f10x.o(.data) for SystemCoreClock
    system_stm32f10x.o(i.SetSysClock) refers to system_stm32f10x.o(i.SetSysClockTo72) for SetSysClockTo72
    system_stm32f10x.o(i.SystemCoreClockUpdate) refers to system_stm32f10x.o(.data) for SystemCoreClock
    system_stm32f10x.o(i.SystemInit) refers to system_stm32f10x.o(i.SetSysClock) for SetSysClock
    motor_pwm.o(i.TIMx_PWMInit) refers to stm32f10x_rcc.o(i.RCC_APB2PeriphClockCmd) for RCC_APB2PeriphClockCmd
    motor_pwm.o(i.TIMx_PWMInit) refers to stm32f10x_gpio.o(i.GPIO_Init) for GPIO_Init
    motor_pwm.o(i.TIMx_PWMInit) refers to stm32f10x_rcc.o(i.RCC_APB1PeriphClockCmd) for RCC_APB1PeriphClockCmd
    motor_pwm.o(i.TIMx_PWMInit) refers to stm32f10x_tim.o(i.TIM_TimeBaseInit) for TIM_TimeBaseInit
    motor_pwm.o(i.TIMx_PWMInit) refers to stm32f10x_tim.o(i.TIM_OC1Init) for TIM_OC1Init
    motor_pwm.o(i.TIMx_PWMInit) refers to stm32f10x_tim.o(i.TIM_OC2Init) for TIM_OC2Init
    motor_pwm.o(i.TIMx_PWMInit) refers to stm32f10x_tim.o(i.TIM_OC3Init) for TIM_OC3Init
    motor_pwm.o(i.TIMx_PWMInit) refers to stm32f10x_tim.o(i.TIM_OC4Init) for TIM_OC4Init
    motor_pwm.o(i.TIMx_PWMInit) refers to stm32f10x_tim.o(i.TIM_OC1PreloadConfig) for TIM_OC1PreloadConfig
    motor_pwm.o(i.TIMx_PWMInit) refers to stm32f10x_tim.o(i.TIM_OC2PreloadConfig) for TIM_OC2PreloadConfig
    motor_pwm.o(i.TIMx_PWMInit) refers to stm32f10x_tim.o(i.TIM_OC3PreloadConfig) for TIM_OC3PreloadConfig
    motor_pwm.o(i.TIMx_PWMInit) refers to stm32f10x_tim.o(i.TIM_OC4PreloadConfig) for TIM_OC4PreloadConfig
    motor_pwm.o(i.TIMx_PWMInit) refers to stm32f10x_tim.o(i.TIM_ARRPreloadConfig) for TIM_ARRPreloadConfig
    motor_pwm.o(i.TIMx_PWMInit) refers to stm32f10x_tim.o(i.TIM_Cmd) for TIM_Cmd
    motor_pwm.o(i.TIMx_PWMInit) refers to stm32f10x_tim.o(i.TIM_CtrlPWMOutputs) for TIM_CtrlPWMOutputs
    motor_pwm.o(i.TIMx_PWMInit) refers to motor_pwm.o(.bss) for TIM_TimeBaseInitStructure
    motor_pwm.o(i.TIMx_PWMInit) refers to main.o(.data) for motor_pwm_period
    motor_pwm.o(i.motor_pid_controller) refers to stm32f10x_gpio.o(i.GPIO_SetBits) for GPIO_SetBits
    motor_pwm.o(i.motor_pid_controller) refers to stm32f10x_gpio.o(i.GPIO_ResetBits) for GPIO_ResetBits
    motor_pwm.o(i.motor_pid_controller) refers to stm32f10x_tim.o(i.TIM_OC1Init) for TIM_OC1Init
    motor_pwm.o(i.motor_pid_controller) refers to stm32f10x_tim.o(i.TIM_OC1PreloadConfig) for TIM_OC1PreloadConfig
    motor_pwm.o(i.motor_pid_controller) refers to stm32f10x_tim.o(i.TIM_OC2Init) for TIM_OC2Init
    motor_pwm.o(i.motor_pid_controller) refers to stm32f10x_tim.o(i.TIM_OC2PreloadConfig) for TIM_OC2PreloadConfig
    motor_pwm.o(i.motor_pid_controller) refers to stm32f10x_tim.o(i.TIM_OC3Init) for TIM_OC3Init
    motor_pwm.o(i.motor_pid_controller) refers to stm32f10x_tim.o(i.TIM_OC3PreloadConfig) for TIM_OC3PreloadConfig
    motor_pwm.o(i.motor_pid_controller) refers to stm32f10x_tim.o(i.TIM_OC4Init) for TIM_OC4Init
    motor_pwm.o(i.motor_pid_controller) refers to stm32f10x_tim.o(i.TIM_OC4PreloadConfig) for TIM_OC4PreloadConfig
    motor_pwm.o(i.motor_pid_controller) refers to stm32f10x_tim.o(i.TIM_ARRPreloadConfig) for TIM_ARRPreloadConfig
    motor_pwm.o(i.motor_pid_controller) refers to stm32f10x_tim.o(i.TIM_Cmd) for TIM_Cmd
[...]
    Removing stm32f10x_dac.o(i.DAC_Cmd), (40 bytes).
    Removing stm32f10x_dac.o(i.DAC_DMACmd), (44 bytes).
    Removing stm32f10x_dac.o(i.DAC_DeInit), (22 bytes).
    Removing stm32f10x_dac.o(i.DAC_DualSoftwareTriggerCmd), (36 bytes).
    Removing stm32f10x_dac.o(i.DAC_GetDataOutputValue), (36 bytes).
    Removing stm32f10x_dac.o(i.DAC_Init), (52 bytes).
    Removing stm32f10x_dac.o(i.DAC_SetChannel1Data), (32 bytes).
    Removing stm32f10x_dac.o(i.DAC_SetChannel2Data), (32 bytes).
    Removing stm32f10x_dac.o(i.DAC_SetDualChannelData), (36 bytes).
    Removing stm32f10x_dac.o(i.DAC_SoftwareTriggerCmd), (44 bytes).
    Removing stm32f10x_dac.o(i.DAC_StructInit), (12 bytes).
    Removing stm32f10x_dac.o(i.DAC_WaveGenerationCmd), (40 bytes).
    Removing stm32f10x_dbgmcu.o(i.DBGMCU_Config), (32 bytes).
    Removing stm32f10x_dbgmcu.o(i.DBGMCU_GetDEVID), (16 bytes).
    Removing stm32f10x_dbgmcu.o(i.DBGMCU_GetREVID), (12 bytes).
    Removing stm32f10x_dma.o(i.DMA_ClearFlag), (28 bytes).
    Removing stm32f10x_dma.o(i.DMA_ClearITPendingBit), (28 bytes).
    Removing stm32f10x_dma.o(i.DMA_Cmd), (24 bytes).
    Removing stm32f10x_dma.o(i.DMA_DeInit), (332 bytes).
    Removing stm32f10x_dma.o(i.DMA_GetCurrDataCounter), (8 bytes).
    Removing stm32f10x_dma.o(i.DMA_GetFlagStatus), (44 bytes).
    Removing stm32f10x_dma.o(i.DMA_GetITStatus), (44 bytes).
    Removing stm32f10x_dma.o(i.DMA_ITConfig), (18 bytes).
    Removing stm32f10x_dma.o(i.DMA_Init), (60 bytes).
    Removing stm32f10x_dma.o(i.DMA_SetCurrDataCounter), (4 bytes).
    Removing stm32f10x_dma.o(i.DMA_StructInit), (26 bytes).
    Removing stm32f10x_exti.o(i.EXTI_ClearFlag), (12 bytes).
    Removing stm32f10x_exti.o(i.EXTI_DeInit), (36 bytes).
    Removing stm32f10x_exti.o(i.EXTI_GenerateSWInterrupt), (16 bytes).
    Removing stm32f10x_exti.o(i.EXTI_GetFlagStatus), (24 bytes).
    Removing stm32f10x_exti.o(i.EXTI_StructInit), (16 bytes).
    Removing stm32f10x_flash.o(i.FLASH_ClearFlag), (12 bytes).
    Removing stm32f10x_flash.o(i.FLASH_EnableWriteProtection), (196 bytes).
    Removing stm32f10x_flash.o(i.FLASH_EraseAllBank1Pages), (72 bytes).
    Removing stm32f10x_flash.o(i.FLASH_EraseAllPages), (72 bytes).
    Removing stm32f10x_flash.o(i.FLASH_EraseOptionBytes), (168 bytes).
    Removing stm32f10x_flash.o(i.FLASH_ErasePage), (76 bytes).
    Removing stm32f10x_flash.o(i.FLASH_GetBank1Status), (52 bytes).
    Removing stm32f10x_flash.o(i.FLASH_GetFlagStatus), (48 bytes).
    Removing stm32f10x_flash.o(i.FLASH_GetPrefetchBufferStatus), (24 bytes).
    Removing stm32f10x_flash.o(i.FLASH_GetReadOutProtectionStatus), (24 bytes).
    Removing stm32f10x_flash.o(i.FLASH_GetStatus), (52 bytes).
    Removing stm32f10x_flash.o(i.FLASH_GetUserOptionByte), (12 bytes).
    Removing stm32f10x_flash.o(i.FLASH_GetWriteProtectionOptionByte), (12 bytes).
    Removing stm32f10x_flash.o(i.FLASH_HalfCycleAccessCmd), (28 bytes).
    Removing stm32f10x_flash.o(i.FLASH_ITConfig), (32 bytes).
    Removing stm32f10x_flash.o(i.FLASH_Lock), (20 bytes).
    Removing stm32f10x_flash.o(i.FLASH_LockBank1), (20 bytes).
    Removing stm32f10x_flash.o(i.FLASH_PrefetchBufferCmd), (28 bytes).
    Removing stm32f10x_flash.o(i.FLASH_ProgramHalfWord), (64 bytes).
    Removing stm32f10x_flash.o(i.FLASH_ProgramOptionByteData), (84 bytes).
    Removing stm32f10x_flash.o(i.FLASH_ProgramWord), (108 bytes).
    Removing stm32f10x_flash.o(i.FLASH_ReadOutProtection), (172 bytes).
    Removing stm32f10x_flash.o(i.FLASH_SetLatency), (24 bytes).
    Removing stm32f10x_flash.o(i.FLASH_Unlock), (24 bytes).
    Removing stm32f10x_flash.o(i.FLASH_UnlockBank1), (24 bytes).
    Removing stm32f10x_flash.o(i.FLASH_UserOptionByteConfig), (104 bytes).
    Removing stm32f10x_flash.o(i.FLASH_WaitForLastBank1Operation), (38 bytes).
    Removing stm32f10x_flash.o(i.FLASH_WaitForLastOperation), (38 bytes).
    Removing stm32f10x_fsmc.o(i.FSMC_ClearFlag), (64 bytes).
    Removing stm32f10x_fsmc.o(i.FSMC_ClearITPendingBit), (72 bytes).
    Removing stm32f10x_fsmc.o(i.FSMC_GetECC), (28 bytes).
    Removing stm32f10x_fsmc.o(i.FSMC_GetFlagStatus), (56 bytes).
    Removing stm32f10x_fsmc.o(i.FSMC_GetITStatus), (68 bytes).
    Removing stm32f10x_fsmc.o(i.FSMC_ITConfig), (128 bytes).
    Removing stm32f10x_fsmc.o(i.FSMC_NANDCmd), (92 bytes).
    Removing stm32f10x_fsmc.o(i.FSMC_NANDDeInit), (68 bytes).
    Removing stm32f10x_fsmc.o(i.FSMC_NANDECCCmd), (92 bytes).
    Removing stm32f10x_fsmc.o(i.FSMC_NANDInit), (136 bytes).
    Removing stm32f10x_fsmc.o(i.FSMC_NANDStructInit), (54 bytes).
    Removing stm32f10x_fsmc.o(i.FSMC_NORSRAMCmd), (52 bytes).
    Removing stm32f10x_fsmc.o(i.FSMC_NORSRAMDeInit), (54 bytes).
    Removing stm32f10x_fsmc.o(i.FSMC_NORSRAMInit), (230 bytes).
    Removing stm32f10x_fsmc.o(i.FSMC_NORSRAMStructInit), (114 bytes).
    Removing stm32f10x_fsmc.o(i.FSMC_PCCARDCmd), (48 bytes).
    Removing stm32f10x_fsmc.o(i.FSMC_PCCARDDeInit), (40 bytes).
    Removing stm32f10x_fsmc.o(i.FSMC_PCCARDInit), (132 bytes).
    Removing stm32f10x_fsmc.o(i.FSMC_PCCARDStructInit), (60 bytes).
    Removing stm32f10x_gpio.o(i.GPIO_AFIODeInit), (20 bytes).
    Removing stm32f10x_gpio.o(i.GPIO_DeInit), (200 bytes).
    Removing stm32f10x_gpio.o(i.GPIO_ETH_MediaInterfaceConfig), (12 bytes).
    Removing stm32f10x_gpio.o(i.GPIO_EventOutputCmd), (12 bytes).
    Removing stm32f10x_gpio.o(i.GPIO_EventOutputConfig), (32 bytes).
    Removing stm32f10x_gpio.o(i.GPIO_PinLockConfig), (18 bytes).
    Removing stm32f10x_gpio.o(i.GPIO_PinRemapConfig), (144 bytes).
    Removing stm32f10x_gpio.o(i.GPIO_ReadInputData), (8 bytes).
    Removing stm32f10x_gpio.o(i.GPIO_ReadOutputData), (8 bytes).
    Removing stm32f10x_gpio.o(i.GPIO_ReadOutputDataBit), (18 bytes).
    Removing stm32f10x_gpio.o(i.GPIO_StructInit), (16 bytes).
    Removing stm32f10x_gpio.o(i.GPIO_Write), (4 bytes).
    Removing stm32f10x_i2c.o(i.I2C_ARPCmd), (24 bytes).
    Removing stm32f10x_i2c.o(i.I2C_AcknowledgeConfig), (24 bytes).
    Removing stm32f10x_i2c.o(i.I2C_CalculatePEC), (24 bytes).
    Removing stm32f10x_i2c.o(i.I2C_CheckEvent), (42 bytes).
    Removing stm32f10x_i2c.o(i.I2C_ClearFlag), (12 bytes).
    Removing stm32f10x_i2c.o(i.I2C_ClearITPendingBit), (12 bytes).
    Removing stm32f10x_i2c.o(i.I2C_Cmd), (24 bytes).
    Removing stm32f10x_i2c.o(i.I2C_DMACmd), (24 bytes).
    Removing stm32f10x_i2c.o(i.I2C_DMALastTransferCmd), (24 bytes).
    Removing stm32f10x_i2c.o(i.I2C_DeInit), (56 bytes).
    Removing stm32f10x_i2c.o(i.I2C_DualAddressCmd), (24 bytes).
    Removing stm32f10x_i2c.o(i.I2C_FastModeDutyCycleConfig), (28 bytes).
    Removing stm32f10x_i2c.o(i.I2C_GeneralCallCmd), (24 bytes).
    Removing stm32f10x_i2c.o(i.I2C_GenerateSTART), (24 bytes).
    Removing stm32f10x_i2c.o(i.I2C_GenerateSTOP), (24 bytes).
    Removing stm32f10x_i2c.o(i.I2C_GetFlagStatus), (58 bytes).
    Removing stm32f10x_i2c.o(i.I2C_GetITStatus), (38 bytes).
    Removing stm32f10x_i2c.o(i.I2C_GetLastEvent), (26 bytes).
    Removing stm32f10x_i2c.o(i.I2C_GetPEC), (8 bytes).
    Removing stm32f10x_i2c.o(i.I2C_ITConfig), (18 bytes).
    Removing stm32f10x_i2c.o(i.I2C_Init), (236 bytes).
    Removing stm32f10x_i2c.o(i.I2C_NACKPositionConfig), (28 bytes).
    Removing stm32f10x_i2c.o(i.I2C_OwnAddress2Config), (22 bytes).
    Removing stm32f10x_i2c.o(i.I2C_PECPositionConfig), (28 bytes).
    Removing stm32f10x_i2c.o(i.I2C_ReadRegister), (22 bytes).
    Removing stm32f10x_i2c.o(i.I2C_ReceiveData), (8 bytes).
    Removing stm32f10x_i2c.o(i.I2C_SMBusAlertConfig), (28 bytes).
    Removing stm32f10x_i2c.o(i.I2C_Send7bitAddress), (18 bytes).
    Removing stm32f10x_i2c.o(i.I2C_SendData), (4 bytes).
    Removing stm32f10x_i2c.o(i.I2C_SoftwareResetCmd), (22 bytes).
    Removing stm32f10x_i2c.o(i.I2C_StretchClockCmd), (24 bytes).
    Removing stm32f10x_i2c.o(i.I2C_StructInit), (30 bytes).
    Removing stm32f10x_i2c.o(i.I2C_TransmitPEC), (24 bytes).
    Removing stm32f10x_iwdg.o(i.IWDG_Enable), (16 bytes).
    Removing stm32f10x_iwdg.o(i.IWDG_GetFlagStatus), (24 bytes).
    Removing stm32f10x_iwdg.o(i.IWDG_ReloadCounter), (16 bytes).
    Removing stm32f10x_iwdg.o(i.IWDG_SetPrescaler), (12 bytes).
    Removing stm32f10x_iwdg.o(i.IWDG_SetReload), (12 bytes).
    Removing stm32f10x_iwdg.o(i.IWDG_WriteAccessCmd), (12 bytes).
    Removing stm32f10x_pwr.o(i.PWR_BackupAccessCmd), (12 bytes).
    Removing stm32f10x_pwr.o(i.PWR_ClearFlag), (20 bytes).
    Removing stm32f10x_pwr.o(i.PWR_DeInit), (22 bytes).
    Removing stm32f10x_pwr.o(i.PWR_EnterSTANDBYMode), (52 bytes).
    Removing stm32f10x_pwr.o(i.PWR_EnterSTOPMode), (64 bytes).
    Removing stm32f10x_pwr.o(i.PWR_GetFlagStatus), (24 bytes).
    Removing stm32f10x_pwr.o(i.PWR_PVDCmd), (12 bytes).
    Removing stm32f10x_pwr.o(i.PWR_PVDLevelConfig), (24 bytes).
    Removing stm32f10x_pwr.o(i.PWR_WakeUpPinCmd), (12 bytes).
    Removing stm32f10x_rcc.o(i.RCC_AHBPeriphClockCmd), (32 bytes).
    Removing stm32f10x_rcc.o(i.RCC_AdjustHSICalibrationValue), (24 bytes).
    Removing stm32f10x_rcc.o(i.RCC_BackupResetCmd), (12 bytes).
    Removing stm32f10x_rcc.o(i.RCC_ClearFlag), (20 bytes).
    Removing stm32f10x_rcc.o(i.RCC_ClearITPendingBit), (12 bytes).
    Removing stm32f10x_rcc.o(i.RCC_ClockSecuritySystemCmd), (12 bytes).
    Removing stm32f10x_rcc.o(i.RCC_DeInit), (76 bytes).
    Removing stm32f10x_rcc.o(i.RCC_GetClocksFreq), (212 bytes).
    Removing stm32f10x_rcc.o(i.RCC_GetFlagStatus), (60 bytes).
    Removing stm32f10x_rcc.o(i.RCC_GetITStatus), (24 bytes).
    Removing stm32f10x_rcc.o(i.RCC_GetSYSCLKSource), (16 bytes).
    Removing stm32f10x_rcc.o(i.RCC_HCLKConfig), (24 bytes).
    Removing stm32f10x_rcc.o(i.RCC_HSEConfig), (76 bytes).
    Removing stm32f10x_rcc.o(i.RCC_HSICmd), (12 bytes).
    Removing stm32f10x_rcc.o(i.RCC_ITConfig), (32 bytes).
    Removing stm32f10x_rcc.o(i.RCC_LSEConfig), (52 bytes).
    Removing stm32f10x_rcc.o(i.RCC_LSICmd), (12 bytes).
    Removing stm32f10x_rcc.o(i.RCC_MCOConfig), (12 bytes).
    Removing stm32f10x_rcc.o(i.RCC_PCLK1Config), (24 bytes).
    Removing stm32f10x_rcc.o(i.RCC_PCLK2Config), (24 bytes).
    Removing stm32f10x_rcc.o(i.RCC_PLLCmd), (12 bytes).
    Removing stm32f10x_rcc.o(i.RCC_PLLConfig), (28 bytes).
    Removing stm32f10x_rcc.o(i.RCC_RTCCLKCmd), (12 bytes).
    Removing stm32f10x_rcc.o(i.RCC_RTCCLKConfig), (16 bytes).
    Removing stm32f10x_rcc.o(i.RCC_SYSCLKConfig), (24 bytes).
    Removing stm32f10x_rcc.o(i.RCC_USBCLKConfig), (12 bytes).
    Removing stm32f10x_rcc.o(i.RCC_WaitForHSEStartUp), (56 bytes).
    Removing stm32f10x_rcc.o(.data), (20 bytes).
    Removing stm32f10x_rtc.o(i.RTC_ClearFlag), (16 bytes).
    Removing stm32f10x_rtc.o(i.RTC_ClearITPendingBit), (16 bytes).
    Removing stm32f10x_rtc.o(i.RTC_EnterConfigMode), (20 bytes).
    Removing stm32f10x_rtc.o(i.RTC_ExitConfigMode), (20 bytes).
    Removing stm32f10x_rtc.o(i.RTC_GetCounter), (20 bytes).
    Removing stm32f10x_rtc.o(i.RTC_GetDivider), (24 bytes).
    Removing stm32f10x_rtc.o(i.RTC_GetFlagStatus), (24 bytes).
    Removing stm32f10x_rtc.o(i.RTC_GetITStatus), (36 bytes).
    Removing stm32f10x_rtc.o(i.RTC_ITConfig), (32 bytes).
    Removing stm32f10x_rtc.o(i.RTC_SetAlarm), (28 bytes).
    Removing stm32f10x_rtc.o(i.RTC_SetCounter), (28 bytes).
    Removing stm32f10x_rtc.o(i.RTC_SetPrescaler), (32 bytes).
    Removing stm32f10x_rtc.o(i.RTC_WaitForLastTask), (20 bytes).
    Removing stm32f10x_rtc.o(i.RTC_WaitForSynchro), (36 bytes).
    Removing stm32f10x_sdio.o(i.SDIO_CEATAITCmd), (16 bytes).
    Removing stm32f10x_sdio.o(i.SDIO_ClearFlag), (12 bytes).
    Removing stm32f10x_sdio.o(i.SDIO_ClearITPendingBit), (12 bytes).
    Removing stm32f10x_sdio.o(i.SDIO_ClockCmd), (12 bytes).
    Removing stm32f10x_sdio.o(i.SDIO_CmdStructInit), (14 bytes).
    Removing stm32f10x_sdio.o(i.SDIO_CommandCompletionCmd), (12 bytes).
    Removing stm32f10x_sdio.o(i.SDIO_DMACmd), (12 bytes).
    Removing stm32f10x_sdio.o(i.SDIO_DataConfig), (48 bytes).
    Removing stm32f10x_sdio.o(i.SDIO_DataStructInit), (20 bytes).
    Removing stm32f10x_sdio.o(i.SDIO_DeInit), (36 bytes).
    Removing stm32f10x_sdio.o(i.SDIO_GetCommandResponse), (12 bytes).
    Removing stm32f10x_sdio.o(i.SDIO_GetDataCounter), (12 bytes).
    Removing stm32f10x_sdio.o(i.SDIO_GetFIFOCount), (12 bytes).
    Removing stm32f10x_sdio.o(i.SDIO_GetFlagStatus), (24 bytes).
    Removing stm32f10x_sdio.o(i.SDIO_GetITStatus), (24 bytes).
    Removing stm32f10x_sdio.o(i.SDIO_GetPowerState), (16 bytes).
    Removing stm32f10x_sdio.o(i.SDIO_GetResponse), (24 bytes).
    Removing stm32f10x_sdio.o(i.SDIO_ITConfig), (32 bytes).
    Removing stm32f10x_sdio.o(i.SDIO_Init), (48 bytes).
    Removing stm32f10x_sdio.o(i.SDIO_ReadData), (12 bytes).
    Removing stm32f10x_sdio.o(i.SDIO_SendCEATACmd), (12 bytes).
    Removing stm32f10x_sdio.o(i.SDIO_SendCommand), (44 bytes).
    Removing stm32f10x_sdio.o(i.SDIO_SendSDIOSuspendCmd), (12 bytes).
    Removing stm32f10x_sdio.o(i.SDIO_SetPowerState), (28 bytes).
    Removing stm32f10x_sdio.o(i.SDIO_SetSDIOOperation), (12 bytes).
    Removing stm32f10x_sdio.o(i.SDIO_SetSDIOReadWaitMode), (12 bytes).
    Removing stm32f10x_sdio.o(i.SDIO_StartSDIOReadWait), (12 bytes).
    Removing stm32f10x_sdio.o(i.SDIO_StopSDIOReadWait), (12 bytes).
    Removing stm32f10x_sdio.o(i.SDIO_StructInit), (16 bytes).
    Removing stm32f10x_sdio.o(i.SDIO_WriteData), (12 bytes).
    Removing stm32f10x_spi.o(i.I2S_Cmd), (24 bytes).
    Removing stm32f10x_spi.o(i.I2S_Init), (232 bytes).
    Removing stm32f10x_spi.o(i.I2S_StructInit), (20 bytes).
    Removing stm32f10x_spi.o(i.SPI_BiDirectionalLineConfig), (28 bytes).
    Removing stm32f10x_spi.o(i.SPI_CalculateCRC), (24 bytes).
    Removing stm32f10x_spi.o(i.SPI_Cmd), (24 bytes).
    Removing stm32f10x_spi.o(i.SPI_DataSizeConfig), (18 bytes).
    Removing stm32f10x_spi.o(i.SPI_GetCRC), (16 bytes).
    Removing stm32f10x_spi.o(i.SPI_GetCRCPolynomial), (6 bytes).
    Removing stm32f10x_spi.o(i.SPI_I2S_ClearFlag), (6 bytes).
    Removing stm32f10x_spi.o(i.SPI_I2S_ClearITPendingBit), (20 bytes).
    Removing stm32f10x_spi.o(i.SPI_I2S_DMACmd), (18 bytes).
    Removing stm32f10x_spi.o(i.SPI_I2S_DeInit), (88 bytes).
    Removing stm32f10x_spi.o(i.SPI_I2S_GetFlagStatus), (18 bytes).
    Removing stm32f10x_spi.o(i.SPI_I2S_GetITStatus), (52 bytes).
    Removing stm32f10x_spi.o(i.SPI_I2S_ITConfig), (32 bytes).
    Removing stm32f10x_spi.o(i.SPI_I2S_ReceiveData), (6 bytes).
    Removing stm32f10x_spi.o(i.SPI_I2S_SendData), (4 bytes).
    Removing stm32f10x_spi.o(i.SPI_Init), (60 bytes).
    Removing stm32f10x_spi.o(i.SPI_NSSInternalSoftwareConfig), (30 bytes).
    Removing stm32f10x_spi.o(i.SPI_SSOutputCmd), (24 bytes).
    Removing stm32f10x_spi.o(i.SPI_StructInit), (24 bytes).
    Removing stm32f10x_spi.o(i.SPI_TransmitCRC), (10 bytes).
    Removing stm32f10x_tim.o(i.TIM_BDTRConfig), (32 bytes).
    Removing stm32f10x_tim.o(i.TIM_BDTRStructInit), (18 bytes).
    Removing stm32f10x_tim.o(i.TIM_CCPreloadControl), (24 bytes).
    Removing stm32f10x_tim.o(i.TIM_CCxCmd), (30 bytes).
    Removing stm32f10x_tim.o(i.TIM_CCxNCmd), (30 bytes).
    Removing stm32f10x_tim.o(i.TIM_ClearOC1Ref), (18 bytes).
    Removing stm32f10x_tim.o(i.TIM_ClearOC2Ref), (24 bytes).
    Removing stm32f10x_tim.o(i.TIM_ClearOC3Ref), (18 bytes).
    Removing stm32f10x_tim.o(i.TIM_ClearOC4Ref), (24 bytes).
    Removing stm32f10x_tim.o(i.TIM_CounterModeConfig), (18 bytes).
    Removing stm32f10x_tim.o(i.TIM_DMACmd), (18 bytes).
    Removing stm32f10x_tim.o(i.TIM_DMAConfig), (10 bytes).
    Removing stm32f10x_tim.o(i.TIM_ETRClockMode1Config), (54 bytes).
    Removing stm32f10x_tim.o(i.TIM_ETRClockMode2Config), (32 bytes).
    Removing stm32f10x_tim.o(i.TIM_ETRConfig), (28 bytes).
    Removing stm32f10x_tim.o(i.TIM_ForcedOC1Config), (18 bytes).
    Removing stm32f10x_tim.o(i.TIM_ForcedOC2Config), (26 bytes).
    Removing stm32f10x_tim.o(i.TIM_ForcedOC3Config), (18 bytes).
    Removing stm32f10x_tim.o(i.TIM_ForcedOC4Config), (26 bytes).
    Removing stm32f10x_tim.o(i.TIM_GenerateEvent), (4 bytes).
    Removing stm32f10x_tim.o(i.TIM_GetCapture2), (6 bytes).
    Removing stm32f10x_tim.o(i.TIM_GetCapture3), (6 bytes).
    Removing stm32f10x_tim.o(i.TIM_GetCounter), (6 bytes).
    Removing stm32f10x_tim.o(i.TIM_GetFlagStatus), (18 bytes).
    Removing stm32f10x_tim.o(i.TIM_GetPrescaler), (6 bytes).
    Removing stm32f10x_tim.o(i.TIM_ITRxExternalClockConfig), (24 bytes).
    Removing stm32f10x_tim.o(i.TIM_InternalClockConfig), (12 bytes).
    Removing stm32f10x_tim.o(i.TIM_OC1FastConfig), (18 bytes).
    Removing stm32f10x_tim.o(i.TIM_OC1NPolarityConfig), (18 bytes).
    Removing stm32f10x_tim.o(i.TIM_OC1PolarityConfig), (18 bytes).
    Removing stm32f10x_tim.o(i.TIM_OC2FastConfig), (26 bytes).
    Removing stm32f10x_tim.o(i.TIM_OC2NPolarityConfig), (26 bytes).
    Removing stm32f10x_tim.o(i.TIM_OC2PolarityConfig), (26 bytes).
    Removing stm32f10x_tim.o(i.TIM_OC3FastConfig), (18 bytes).
    Removing stm32f10x_tim.o(i.TIM_OC3NPolarityConfig), (26 bytes).
    Removing stm32f10x_tim.o(i.TIM_OC3PolarityConfig), (26 bytes).
    Removing stm32f10x_tim.o(i.TIM_OC4FastConfig), (26 bytes).
    Removing stm32f10x_tim.o(i.TIM_OC4PolarityConfig), (26 bytes).
    Removing stm32f10x_tim.o(i.TIM_OCStructInit), (20 bytes).
    Removing stm32f10x_tim.o(i.TIM_PWMIConfig), (124 bytes).
    Removing stm32f10x_tim.o(i.TIM_PrescalerConfig), (6 bytes).
    Removing stm32f10x_tim.o(i.TIM_SelectCCDMA), (24 bytes).
    Removing stm32f10x_tim.o(i.TIM_SelectCOM), (24 bytes).
    Removing stm32f10x_tim.o(i.TIM_SelectHallSensor), (24 bytes).
    Removing stm32f10x_tim.o(i.TIM_SelectInputTrigger), (18 bytes).
    Removing stm32f10x_tim.o(i.TIM_SelectMasterSlaveMode), (18 bytes).
    Removing stm32f10x_tim.o(i.TIM_SelectOCxM), (82 bytes).
    Removing stm32f10x_tim.o(i.TIM_SelectOnePulseMode), (18 bytes).
    Removing stm32f10x_tim.o(i.TIM_SelectOutputTrigger), (18 bytes).
    Removing stm32f10x_tim.o(i.TIM_SelectSlaveMode), (18 bytes).
    Removing stm32f10x_tim.o(i.TIM_SetAutoreload), (4 bytes).
    Removing stm32f10x_tim.o(i.TIM_SetClockDivision), (18 bytes).
    Removing stm32f10x_tim.o(i.TIM_SetCompare1), (4 bytes).
    Removing stm32f10x_tim.o(i.TIM_SetCompare2), (4 bytes).
    Removing stm32f10x_tim.o(i.TIM_SetCompare3), (4 bytes).
    Removing stm32f10x_tim.o(i.TIM_SetCompare4), (6 bytes).
    Removing stm32f10x_tim.o(i.TIM_TIxExternalClockConfig), (62 bytes).
    Removing stm32f10x_tim.o(i.TIM_TimeBaseStructInit), (18 bytes).
    Removing stm32f10x_tim.o(i.TIM_UpdateDisableConfig), (24 bytes).
    Removing stm32f10x_tim.o(i.TIM_UpdateRequestConfig), (24 bytes).
    Removing stm32f10x_usart.o(i.USART_ClearFlag), (18 bytes).
    Removing stm32f10x_usart.o(i.USART_ClearITPendingBit), (30 bytes).
    Removing stm32f10x_usart.o(i.USART_ClockInit), (34 bytes).
    Removing stm32f10x_usart.o(i.USART_ClockStructInit), (12 bytes).
    Removing stm32f10x_usart.o(i.USART_Cmd), (24 bytes).
    Removing stm32f10x_usart.o(i.USART_DMACmd), (18 bytes).
    Removing stm32f10x_usart.o(i.USART_DeInit), (156 bytes).
    Removing stm32f10x_usart.o(i.USART_GetFlagStatus), (26 bytes).
    Removing stm32f10x_usart.o(i.USART_GetITStatus), (84 bytes).
    Removing stm32f10x_usart.o(i.USART_HalfDuplexCmd), (24 bytes).
    Removing stm32f10x_usart.o(i.USART_ITConfig), (74 bytes).
    Removing stm32f10x_usart.o(i.USART_Init), (216 bytes).
    Removing stm32f10x_usart.o(i.USART_IrDACmd), (24 bytes).
    Removing stm32f10x_usart.o(i.USART_IrDAConfig), (18 bytes).
    Removing stm32f10x_usart.o(i.USART_LINBreakDetectLengthConfig), (18 bytes).
    Removing stm32f10x_usart.o(i.USART_LINCmd), (24 bytes).
    Removing stm32f10x_usart.o(i.USART_OneBitMethodCmd), (24 bytes).
    Removing stm32f10x_usart.o(i.USART_OverSampling8Cmd), (22 bytes).
    Removing stm32f10x_usart.o(i.USART_ReceiveData), (10 bytes).
    Removing stm32f10x_usart.o(i.USART_ReceiverWakeUpCmd), (24 bytes).
    Removing stm32f10x_usart.o(i.USART_SendBreak), (10 bytes).
    Removing stm32f10x_usart.o(i.USART_SendData), (8 bytes).
    Removing stm32f10x_usart.o(i.USART_SetAddress), (18 bytes).
    Removing stm32f10x_usart.o(i.USART_SetGuardTime), (16 bytes).
    Removing stm32f10x_usart.o(i.USART_SetPrescaler), (16 bytes).
    Removing stm32f10x_usart.o(i.USART_SmartCardCmd), (24 bytes).
    Removing stm32f10x_usart.o(i.USART_SmartCardNACKCmd), (24 bytes).
    Removing stm32f10x_usart.o(i.USART_StructInit), (24 bytes).
    Removing stm32f10x_usart.o(i.USART_WakeUpConfig), (18 bytes).
    Removing stm32f10x_wwdg.o(i.WWDG_ClearFlag), (12 bytes).
    Removing stm32f10x_wwdg.o(i.WWDG_DeInit), (22 bytes).
    Removing stm32f10x_wwdg.o(i.WWDG_Enable), (16 bytes).
    Removing stm32f10x_wwdg.o(i.WWDG_EnableIT), (12 bytes).
    Removing stm32f10x_wwdg.o(i.WWDG_GetFlagStatus), (12 bytes).
    Removing stm32f10x_wwdg.o(i.WWDG_SetCounter), (16 bytes).
    Removing stm32f10x_wwdg.o(i.WWDG_SetPrescaler), (24 bytes).
    Removing stm32f10x_wwdg.o(i.WWDG_SetWindowValue), (40 bytes).
    Removing dadd.o(.text), (334 bytes).
    Removing dmul.o(.text), (228 bytes).
    Removing ddiv.o(.text), (222 bytes).
    Removing dfixul.o(.text), (48 bytes).
    Removing cdrcmple.o(.text), (48 bytes).
    Removing depilogue.o(.text), (186 bytes).

429 unused section(s) (total 17854 bytes) removed from the image.

==============================================================================

Image Symbol Table

    Local Symbols

    Symbol Name                              Value     Ov Type        Size  Object(Section)

    ../clib/../cmprslib/zerorunl2.c          0x00000000   Number         0  __dczerorl2.o ABSOLUTE
    ../clib/microlib/division.c              0x00000000   Number         0  uldiv.o ABSOLUTE
    ../clib/microlib/division.c              0x00000000   Number         0  uidiv.o ABSOLUTE
    ../clib/microlib/init/entry.s            0x00000000   Number         0  entry10b.o ABSOLUTE
    ../clib/microlib/init/entry.s            0x00000000   Number         0  entry10a.o ABSOLUTE
    ../clib/microlib/init/entry.s            0x00000000   Number         0  entry9b.o ABSOLUTE
    ../clib/microlib/init/entry.s            0x00000000   Number         0  entry9a.o ABSOLUTE
    ../clib/microlib/init/entry.s            0x00000000   Number         0  entry8b.o ABSOLUTE
    ../clib/microlib/init/entry.s            0x00000000   Number         0  entry8a.o ABSOLUTE
    ../clib/microlib/init/entry.s            0x00000000   Number         0  entry7b.o ABSOLUTE
    ../clib/microlib/init/entry.s            0x00000000   Number         0  entry11a.o ABSOLUTE
    ../clib/microlib/init/entry.s            0x00000000   Number         0  entry7a.o ABSOLUTE
    ../clib/microlib/init/entry.s            0x00000000   Number         0  entry5.o ABSOLUTE
    ../clib/microlib/init/entry.s            0x00000000   Number         0  entry2.o ABSOLUTE
    ../clib/microlib/init/entry.s            0x00000000   Number         0  entry.o ABSOLUTE
    ../clib/microlib/init/entry.s            0x00000000   Number         0  entry11b.o ABSOLUTE
    ../clib/microlib/longlong.c              0x00000000   Number         0  llshl.o ABSOLUTE
    ../clib/microlib/longlong.c              0x00000000   Number         0  llsshr.o ABSOLUTE
    ../clib/microlib/longlong.c              0x00000000   Number         0  llushr.o ABSOLUTE
    ../clib/microlib/printf/printf.c         0x00000000   Number         0  printf4.o ABSOLUTE
    ../clib/microlib/printf/printf.c         0x00000000   Number         0  printf3.o ABSOLUTE
    ../clib/microlib/printf/printf.c         0x00000000   Number         0  printf2.o ABSOLUTE
    ../clib/microlib/printf/printf.c         0x00000000   Number         0  printf1.o ABSOLUTE
    ../clib/microlib/printf/printf.c         0x00000000   Number         0  printf0.o ABSOLUTE
    ../clib/microlib/printf/printf.c         0x00000000   Number         0  printfb.o ABSOLUTE
    ../clib/microlib/printf/printf.c         0x00000000   Number         0  printf7.o ABSOLUTE
    ../clib/microlib/printf/printf.c         0x00000000   Number         0  printfa.o ABSOLUTE
    ../clib/microlib/printf/printf.c         0x00000000   Number         0  printf8.o ABSOLUTE
    ../clib/microlib/printf/printf.c         0x00000000   Number         0  printf6.o ABSOLUTE
    ../clib/microlib/printf/printf.c         0x00000000   Number         0  printf5.o ABSOLUTE
    ../clib/microlib/printf/stubs.s          0x00000000   Number         0  stubs.o ABSOLUTE
    ../clib/microlib/stubs.s                 0x00000000   Number         0  iusefp.o ABSOLUTE
    ../fplib/microlib/fpadd.c                0x00000000   Number         0  dadd.o ABSOLUTE
    ../fplib/microlib/fpdiv.c                0x00000000   Number         0  ddiv.o ABSOLUTE
    ../fplib/microlib/fpepilogue.c           0x00000000   Number         0  depilogue.o ABSOLUTE
    ../fplib/microlib/fpfix.c                0x00000000   Number         0  dfixul.o ABSOLUTE
    ../fplib/microlib/fpmul.c                0x00000000   Number         0  dmul.o ABSOLUTE
    ..\CORE\core_cm3.c                       0x00000000   Number         0  core_cm3.o ABSOLUTE
    ..\CORE\startup_stm32f10x_hd.s           0x00000000   Number         0  startup_stm32f10x_hd.o ABSOLUTE
    ..\STM32F10x_FWLib\src\misc.c            0x00000000   Number         0  misc.o ABSOLUTE
    ..\STM32F10x_FWLib\src\stm32f10x_adc.c   0x00000000   Number         0  stm32f10x_adc.o ABSOLUTE
    ..\STM32F10x_FWLib\src\stm32f10x_bkp.c   0x00000000   Number         0  stm32f10x_bkp.o ABSOLUTE
    ..\STM32F10x_FWLib\src\stm32f10x_can.c   0x00000000   Number         0  stm32f10x_can.o ABSOLUTE
    ..\STM32F10x_FWLib\src\stm32f10x_cec.c   0x00000000   Number         0  stm32f10x_cec.o ABSOLUTE
    ..\STM32F10x_FWLib\src\stm32f10x_crc.c   0x00000000   Number         0  stm32f10x_crc.o ABSOLUTE
    ..\STM32F10x_FWLib\src\stm32f10x_dac.c   0x00000000   Number         0  stm32f10x_dac.o ABSOLUTE
    ..\STM32F10x_FWLib\src\stm32f10x_dbgmcu.c 0x00000000   Number         0  stm32f10x_dbgmcu.o ABSOLUTE
    ..\STM32F10x_FWLib\src\stm32f10x_dma.c   0x00000000   Number         0  stm32f10x_dma.o ABSOLUTE
    ..\STM32F10x_FWLib\src\stm32f10x_exti.c  0x00000000   Number         0  stm32f10x_exti.o ABSOLUTE
    ..\STM32F10x_FWLib\src\stm32f10x_flash.c 0x00000000   Number         0  stm32f10x_flash.o ABSOLUTE
    ..\STM32F10x_FWLib\src\stm32f10x_fsmc.c  0x00000000   Number         0  stm32f10x_fsmc.o ABSOLUTE
    ..\STM32F10x_FWLib\src\stm32f10x_gpio.c  0x00000000   Number         0  stm32f10x_gpio.o ABSOLUTE
    ..\STM32F10x_FWLib\src\stm32f10x_i2c.c   0x00000000   Number         0  stm32f10x_i2c.o ABSOLUTE
    ..\STM32F10x_FWLib\src\stm32f10x_iwdg.c  0x00000000   Number         0  stm32f10x_iwdg.o ABSOLUTE
    ..\STM32F10x_FWLib\src\stm32f10x_pwr.c   0x00000000   Number         0  stm32f10x_pwr.o ABSOLUTE
    ..\STM32F10x_FWLib\src\stm32f10x_rcc.c   0x00000000   Number         0  stm32f10x_rcc.o ABSOLUTE
    ..\STM32F10x_FWLib\src\stm32f10x_rtc.c   0x00000000   Number         0  stm32f10x_rtc.o ABSOLUTE
    ..\STM32F10x_FWLib\src\stm32f10x_sdio.c  0x00000000   Number         0  stm32f10x_sdio.o ABSOLUTE
    ..\STM32F10x_FWLib\src\stm32f10x_spi.c   0x00000000   Number         0  stm32f10x_spi.o ABSOLUTE
    ..\STM32F10x_FWLib\src\stm32f10x_tim.c   0x00000000   Number         0  stm32f10x_tim.o ABSOLUTE
    ..\STM32F10x_FWLib\src\stm32f10x_usart.c 0x00000000   Number         0  stm32f10x_usart.o ABSOLUTE
    ..\STM32F10x_FWLib\src\stm32f10x_wwdg.c  0x00000000   Number         0  stm32f10x_wwdg.o ABSOLUTE
    ..\\CORE\\core_cm3.c                     0x00000000   Number         0  core_cm3.o ABSOLUTE
    ccd.c                                    0x00000000   Number         0  ccd.o ABSOLUTE
    cdrcmple.s                               0x00000000   Number         0  cdrcmple.o ABSOLUTE
    controller.c                             0x00000000   Number         0  controller.o ABSOLUTE
    dc.s                                     0x00000000   Number         0  dc.o ABSOLUTE
    delay.c                                  0x00000000   Number         0  delay.o ABSOLUTE
    handlers.s                               0x00000000   Number         0  handlers.o ABSOLUTE
    init.s                                   0x00000000   Number         0  init.o ABSOLUTE
    main.c                                   0x00000000   Number         0  main.o ABSOLUTE
    motor_pwm.c                              0x00000000   Number         0  motor_pwm.o ABSOLUTE
    motor_vel_encoder_mode.c                 0x00000000   Number         0  motor_vel_encoder_mode.o ABSOLUTE
    motor_vel_time_interval.c                0x00000000   Number         0  motor_vel_time_interval.o ABSOLUTE
    retarget.c                               0x00000000   Number         0  retarget.o ABSOLUTE
    stm32f10x_it.c                           0x00000000   Number         0  stm32f10x_it.o ABSOLUTE
    system_stm32f10x.c                       0x00000000   Number         0  system_stm32f10x.o ABSOLUTE
    ultrasonic.c                             0x00000000   Number         0  ultrasonic.o ABSOLUTE
    RESET                                    0x08000000   Section      304  startup_stm32f10x_hd.o(RESET)
    .ARM.Collect$$$$00000000                 0x08000130   Section        0  entry.o(.ARM.Collect$$$$00000000)
    .ARM.Collect$$$$00000001                 0x08000130   Section        4  entry2.o(.ARM.Collect$$$$00000001)
    .ARM.Collect$$$$00000004                 0x08000134   Section        4  entry5.o(.ARM.Collect$$$$00000004)
    .ARM.Collect$$$$00000008                 0x08000138   Section        0  entry7b.o(.ARM.Collect$$$$00000008)
    .ARM.Collect$$$$0000000A                 0x08000138   Section        0  entry8b.o(.ARM.Collect$$$$0000000A)
    .ARM.Collect$$$$0000000B                 0x08000138   Section        8  entry9a.o(.ARM.Collect$$$$0000000B)
    .ARM.Collect$$$$0000000D                 0x08000140   Section        0  entry10a.o(.ARM.Collect$$$$0000000D)
    .ARM.Collect$$$$0000000F                 0x08000140   Section        0  entry11a.o(.ARM.Collect$$$$0000000F)
    .ARM.Collect$$$$00002712                 0x08000140   Section        4  entry2.o(.ARM.Collect$$$$00002712)
    __lit__00000000                          0x08000140   Data           4  entry2.o(.ARM.Collect$$$$00002712)
    .text                                    0x08000144   Section       36  startup_stm32f10x_hd.o(.text)
    .text                                    0x08000168   Section        0  uidiv.o(.text)
    .text                                    0x08000194   Section       36  init.o(.text)
    .text                                    0x080001b8   Section        0  __dczerorl2.o(.text)
    i.ADC_Cmd                                0x0800020e   Section        0  stm32f10x_adc.o(i.ADC_Cmd)
    i.ADC_DeInit                             0x08000224   Section        0  stm32f10x_adc.o(i.ADC_DeInit)
    i.ADC_GetCalibrationStatus               0x08000280   Section        0  stm32f10x_adc.o(i.ADC_GetCalibrationStatus)
    i.ADC_GetConversionValue                 0x08000294   Section        0  stm32f10x_adc.o(i.ADC_GetConversionValue)
    i.ADC_GetFlagStatus                      0x0800029c   Section        0  stm32f10x_adc.o(i.ADC_GetFlagStatus)
    i.ADC_GetResetCalibrationStatus          0x080002ae   Section        0  stm32f10x_adc.o(i.ADC_GetResetCalibrationStatus)
    i.ADC_Init                               0x080002c4   Section        0  stm32f10x_adc.o(i.ADC_Init)
    i.ADC_RegularChannelConfig               0x08000314   Section        0  stm32f10x_adc.o(i.ADC_RegularChannelConfig)
    i.ADC_ResetCalibration                   0x080003cc   Section        0  stm32f10x_adc.o(i.ADC_ResetCalibration)
    i.ADC_SoftwareStartConvCmd               0x080003d6   Section        0  stm32f10x_adc.o(i.ADC_SoftwareStartConvCmd)
    i.ADC_StartCalibration                   0x080003ec   Section        0  stm32f10x_adc.o(i.ADC_StartCalibration)
    i.Adc_Init                               0x080003f8   Section        0  ccd.o(i.Adc_Init)
    i.BusFault_Handler                       0x080004ac   Section        0  stm32f10x_it.o(i.BusFault_Handler)
    i.DebugMon_Handler                       0x080004b0   Section        0  stm32f10x_it.o(i.DebugMon_Handler)
    i.EXTI1_IRQHandler                       0x080004b4   Section        0  ultrasonic.o(i.EXTI1_IRQHandler)
    i.EXTI3_IRQHandler                       0x0800052c   Section        0  ultrasonic.o(i.EXTI3_IRQHandler)
    i.EXTI_ClearITPendingBit                 0x080005bc   Section        0  stm32f10x_exti.o(i.EXTI_ClearITPendingBit)
    i.EXTI_GetITStatus                       0x080005c8   Section        0  stm32f10x_exti.o(i.EXTI_GetITStatus)
    i.EXTI_Init                              0x080005f0   Section        0  stm32f10x_exti.o(i.EXTI_Init)
    i.EncodeInit                             0x08000684   Section        0  motor_vel_encoder_mode.o(i.EncodeInit)
    i.GPIO_EXTILineConfig                    0x080007a8   Section        0  stm32f10x_gpio.o(i.GPIO_EXTILineConfig)
    i.GPIO_Init                              0x080007e8   Section        0  stm32f10x_gpio.o(i.GPIO_Init)
    i.GPIO_ReadInputDataBit                  0x080008fe   Section        0  stm32f10x_gpio.o(i.GPIO_ReadInputDataBit)
    i.GPIO_ResetBits                         0x08000910   Section        0  stm32f10x_gpio.o(i.GPIO_ResetBits)
    i.GPIO_SetBits                           0x08000914   Section        0  stm32f10x_gpio.o(i.GPIO_SetBits)
    i.GPIO_WriteBit                          0x08000918   Section        0  stm32f10x_gpio.o(i.GPIO_WriteBit)
    i.GetMid                                 0x08000922   Section        0  ccd.o(i.GetMid)
    i.Get_Adc                                0x0800094c   Section        0  ccd.o(i.Get_Adc)
    i.HardFault_Handler                      0x08000980   Section        0  stm32f10x_it.o(i.HardFault_Handler)
    i.MedianFilter                           0x08000984   Section        0  ccd.o(i.MedianFilter)
    i.MemManage_Handler                      0x080009ec   Section        0  stm32f10x_it.o(i.MemManage_Handler)
    i.NMI_Handler                            0x080009f0   Section        0  stm32f10x_it.o(i.NMI_Handler)
    i.NVIC_Init                              0x080009f4   Section        0  misc.o(i.NVIC_Init)
    i.NVIC_PriorityGroupConfig               0x08000a64   Section        0  misc.o(i.NVIC_PriorityGroupConfig)
    i.NVIC_SetPriority                       0x08000a78   Section        0  main.o(i.NVIC_SetPriority)
    NVIC_SetPriority                         0x08000a79   Thumb Code    32  main.o(i.NVIC_SetPriority)
    i.PendSV_Handler                         0x08000aa0   Section        0  stm32f10x_it.o(i.PendSV_Handler)
    i.RCC_ADCCLKConfig                       0x08000aa4   Section        0  stm32f10x_rcc.o(i.RCC_ADCCLKConfig)
    i.RCC_APB1PeriphClockCmd                 0x08000abc   Section        0  stm32f10x_rcc.o(i.RCC_APB1PeriphClockCmd)
    i.RCC_APB1PeriphResetCmd                 0x08000adc   Section        0  stm32f10x_rcc.o(i.RCC_APB1PeriphResetCmd)
    i.RCC_APB2PeriphClockCmd                 0x08000afc   Section        0  stm32f10x_rcc.o(i.RCC_APB2PeriphClockCmd)
    i.RCC_APB2PeriphResetCmd                 0x08000b1c   Section        0  stm32f10x_rcc.o(i.RCC_APB2PeriphResetCmd)
    i.Read_CCD                               0x08000b3c   Section        0  ccd.o(i.Read_CCD)
    i.SVC_Handler                            0x08000bc8   Section        0  stm32f10x_it.o(i.SVC_Handler)
    i.SearchLine                             0x08000bcc   Section        0  ccd.o(i.SearchLine)
    i.SelectThreshold                        0x08000d6c   Section        0  ccd.o(i.SelectThreshold)
    i.SetSysClock                            0x08000e08   Section        0  system_stm32f10x.o(i.SetSysClock)
    SetSysClock                              0x08000e09   Thumb Code     8  system_stm32f10x.o(i.SetSysClock)
    i.SetSysClockTo72                        0x08000e10   Section        0  system_stm32f10x.o(i.SetSysClockTo72)
    SetSysClockTo72                          0x08000e11   Thumb Code   214  system_stm32f10x.o(i.SetSysClockTo72)
    i.SysTick_Handler                        0x08000ef0   Section        0  main.o(i.SysTick_Handler)
    i.SystemInit                             0x08001058   Section        0  system_stm32f10x.o(i.SystemInit)
    i.TI1_Config                             0x080010b8   Section        0  stm32f10x_tim.o(i.TI1_Config)
    TI1_Config                               0x080010b9   Thumb Code   108  stm32f10x_tim.o(i.TI1_Config)
    i.TI2_Config                             0x08001138   Section        0  stm32f10x_tim.o(i.TI2_Config)
    TI2_Config                               0x08001139   Thumb Code   130  stm32f10x_tim.o(i.TI2_Config)
    i.TI3_Config                             0x080011d0   Section        0  stm32f10x_tim.o(i.TI3_Config)
    TI3_Config                               0x080011d1   Thumb Code   122  stm32f10x_tim.o(i.TI3_Config)
    i.TI4_Config                             0x08001260   Section        0  stm32f10x_tim.o(i.TI4_Config)
    TI4_Config                               0x08001261   Thumb Code   130  stm32f10x_tim.o(i.TI4_Config)
    i.TIM1_CC_IRQHandler                     0x080012f8   Section        0  motor_vel_time_interval.o(i.TIM1_CC_IRQHandler)
    i.TIM1_Cap_Init                          0x080014c0   Section        0  motor_vel_time_interval.o(i.TIM1_Cap_Init)
    i.TIM1_UP_IRQHandler                     0x080015cc   Section        0  motor_vel_time_interval.o(i.TIM1_UP_IRQHandler)
    i.TIM2_IRQHandler                        0x08001644   Section        0  ultrasonic.o(i.TIM2_IRQHandler)
    i.TIM2_Init                              0x0800165c   Section        0  ultrasonic.o(i.TIM2_Init)
    i.TIM6_IRQHandler                        0x080016cc   Section        0  ultrasonic.o(i.TIM6_IRQHandler)
    i.TIM6_Init                              0x080016e8   Section        0  ultrasonic.o(i.TIM6_Init)
    i.TIM_ARRPreloadConfig                   0x08001754   Section        0  stm32f10x_tim.o(i.TIM_ARRPreloadConfig)
    i.TIM_ClearFlag                          0x0800176c   Section        0  stm32f10x_tim.o(i.TIM_ClearFlag)
    i.TIM_ClearITPendingBit                  0x08001772   Section        0  stm32f10x_tim.o(i.TIM_ClearITPendingBit)
    i.TIM_Cmd                                0x08001778   Section        0  stm32f10x_tim.o(i.TIM_Cmd)
    i.TIM_CtrlPWMOutputs                     0x08001790   Section        0  stm32f10x_tim.o(i.TIM_CtrlPWMOutputs)
    i.TIM_DeInit                             0x080017b0   Section        0  stm32f10x_tim.o(i.TIM_DeInit)
    i.TIM_EncoderInterfaceConfig             0x08001998   Section        0  stm32f10x_tim.o(i.TIM_EncoderInterfaceConfig)
    i.TIM_GetCapture1                        0x080019da   Section        0  stm32f10x_tim.o(i.TIM_GetCapture1)
    i.TIM_GetCapture4                        0x080019e0   Section        0  stm32f10x_tim.o(i.TIM_GetCapture4)
    i.TIM_GetITStatus                        0x080019e8   Section        0  stm32f10x_tim.o(i.TIM_GetITStatus)
    i.TIM_ICInit                             0x08001a0c   Section        0  stm32f10x_tim.o(i.TIM_ICInit)
    i.TIM_ICStructInit                       0x08001ab8   Section        0  stm32f10x_tim.o(i.TIM_ICStructInit)
    i.TIM_ITConfig                           0x08001aca   Section        0  stm32f10x_tim.o(i.TIM_ITConfig)
    i.TIM_OC1Init                            0x08001adc   Section        0  stm32f10x_tim.o(i.TIM_OC1Init)
    i.TIM_OC1PreloadConfig                   0x08001b74   Section        0  stm32f10x_tim.o(i.TIM_OC1PreloadConfig)
    i.TIM_OC2Init                            0x08001b88   Section        0  stm32f10x_tim.o(i.TIM_OC2Init)
    i.TIM_OC2PreloadConfig                   0x08001c2c   Section        0  stm32f10x_tim.o(i.TIM_OC2PreloadConfig)
    i.TIM_OC3Init                            0x08001c48   Section        0  stm32f10x_tim.o(i.TIM_OC3Init)
    i.TIM_OC3PreloadConfig                   0x08001ce8   Section        0  stm32f10x_tim.o(i.TIM_OC3PreloadConfig)
    i.TIM_OC4Init                            0x08001cfc   Section        0  stm32f10x_tim.o(i.TIM_OC4Init)
    i.TIM_OC4PreloadConfig                   0x08001d78   Section        0  stm32f10x_tim.o(i.TIM_OC4PreloadConfig)
    i.TIM_SetCounter                         0x08001d92   Section        0  stm32f10x_tim.o(i.TIM_SetCounter)
    i.TIM_SetIC1Prescaler                    0x08001d96   Section        0  stm32f10x_tim.o(i.TIM_SetIC1Prescaler)
    i.TIM_SetIC2Prescaler                    0x08001da8   Section        0  stm32f10x_tim.o(i.TIM_SetIC2Prescaler)
    i.TIM_SetIC3Prescaler                    0x08001dc2   Section        0  stm32f10x_tim.o(i.TIM_SetIC3Prescaler)
    i.TIM_SetIC4Prescaler                    0x08001dd4   Section        0  stm32f10x_tim.o(i.TIM_SetIC4Prescaler)
    i.TIM_TimeBaseInit                       0x08001df0   Section        0  stm32f10x_tim.o(i.TIM_TimeBaseInit)
    i.TIMx_PWMInit                           0x08001e94   Section        0  motor_pwm.o(i.TIMx_PWMInit)
    i.Ultrasonic_Init                        0x08001f80   Section        0  ultrasonic.o(i.Ultrasonic_Init)
    i.Ultrasonic_Trig                        0x0800202c   Section        0  ultrasonic.o(i.Ultrasonic_Trig)
    i.UsageFault_Handler                     0x0800207c   Section        0  stm32f10x_it.o(i.UsageFault_Handler)
    i.ValueCompensate                        0x08002080   Section        0  ccd.o(i.ValueCompensate)
    i.__0printf$1                            0x080020c4   Section        0  printf1.o(i.__0printf$1)
    i.__scatterload_copy                     0x080020e4   Section       14  handlers.o(i.__scatterload_copy)
    i.__scatterload_null                     0x080020f2   Section        2  handlers.o(i.__scatterload_null)
    i.__scatterload_zeroinit                 0x080020f4   Section       14  handlers.o(i.__scatterload_zeroinit)
    i._printf_core                           0x08002104   Section        0  printf1.o(i._printf_core)
    _printf_core                             0x08002105   Thumb Code   336  printf1.o(i._printf_core)
    i.ccd_get_line                           0x08002258   Section        0  ccd.o(i.ccd_get_line)
    i.delay_us                               0x080022d4   Section        0  delay.o(i.delay_us)
    i.encoder_vel_calc                       0x080022f0   Section        0  motor_vel_encoder_mode.o(i.encoder_vel_calc)
    i.fputc                                  0x08002344   Section        0  retarget.o(i.fputc)
    i.get_encoder_counts_l1                  0x08002368   Section        0  motor_vel_encoder_mode.o(i.get_encoder_counts_l1)
    i.get_encoder_counts_r1                  0x080023c8   Section        0  motor_vel_encoder_mode.o(i.get_encoder_counts_r1)
    i.main                                   0x08002428   Section        0  main.o(i.main)
    i.motor_pid_controller                   0x08002490   Section        0  motor_pwm.o(i.motor_pid_controller)
    i.simple_controller_init                 0x08002884   Section        0  controller.o(i.simple_controller_init)
    i.systickInit                            0x08002898   Section        0  main.o(i.systickInit)
    .constdata                               0x080028e0   Section      128  ccd.o(.constdata)
    .data                                    0x20000000   Section      152  main.o(.data)
    systick_count                            0x2000008c   Data           4  main.o(.data)
    time_ccd_exposure                        0x20000090   Data           4  main.o(.data)
    time_ultra                               0x20000094   Data           4  main.o(.data)
    .data                                    0x20000098   Section       20  system_stm32f10x.o(.data)
    .data                                    0x200000ac   Section        8  retarget.o(.data)
    .data                                    0x200000b4   Section       80  motor_pwm.o(.data)
    err_l1                                   0x200000b4   Data           4  motor_pwm.o(.data)
    err_l1_1                                 0x200000b8   Data           4  motor_pwm.o(.data)
    err_l1_2                                 0x200000bc   Data           4  motor_pwm.o(.data)
    delta_pulse_l1                           0x200000c0   Data           4  motor_pwm.o(.data)
    pulse_l1                                 0x200000c4   Data           4  motor_pwm.o(.data)
    err_l2                                   0x200000c8   Data           4  motor_pwm.o(.data)
    err_l2_1                                 0x200000cc   Data           4  motor_pwm.o(.data)
    err_l2_2                                 0x200000d0   Data           4  motor_pwm.o(.data)
    delta_pulse_l2                           0x200000d4   Data           4  motor_pwm.o(.data)
    pulse_l2                                 0x200000d8   Data           4  motor_pwm.o(.data)
    err_r1                                   0x200000dc   Data           4  motor_pwm.o(.data)
    err_r1_1                                 0x200000e0   Data           4  motor_pwm.o(.data)
    err_r1_2                                 0x200000e4   Data           4  motor_pwm.o(.data)
    delta_pulse_r1                           0x200000e8   Data           4  motor_pwm.o(.data)
    pulse_r1                                 0x200000ec   Data           4  motor_pwm.o(.data)
    err_r2                                   0x200000f0   Data           4  motor_pwm.o(.data)
    err_r2_1                                 0x200000f4   Data           4  motor_pwm.o(.data)
    err_r2_2                                 0x200000f8   Data           4  motor_pwm.o(.data)
    delta_pulse_r2                           0x200000fc   Data           4  motor_pwm.o(.data)
    pulse_r2                                 0x20000100   Data           4  motor_pwm.o(.data)
    .data                                    0x20000104   Section       12  motor_vel_time_interval.o(.data)
    sum                                      0x20000108   Data           8  motor_vel_time_interval.o(.data)
    .data                                    0x20000110   Section        5  ultrasonic.o(.data)
    .data                                    0x20000118   Section       36  ccd.o(.data)
    .bss                                     0x2000013c   Section       28  main.o(.bss)
    .bss                                     0x20000158   Section       26  motor_pwm.o(.bss)
    TIM_TimeBaseInitStructure                0x20000158   Data          10  motor_pwm.o(.bss)
    TimOCInitStructure                       0x20000162   Data          16  motor_pwm.o(.bss)
    .bss                                     0x20000174   Section      764  ccd.o(.bss)
    STACK                                    0x20000470   Section     1024  startup_stm32f10x_hd.o(STACK)

    Global Symbols

    Symbol Name                              Value     Ov Type        Size  Object(Section)

    BuildAttributes$$THM_ISAv4$P$D$K$B$S$PE$A:L22UL41UL21$X:L11$S22US41US21$IEEE1$IW$USESV6$~STKCKD$USESV7$~SHL$OSPACE$ROPI$EBA8$MICROLIB$REQ8$PRES8$EABIv2 0x00000000   Number         0  anon$$obj.o ABSOLUTE
    __ARM_use_no_argv                        0x00000000   Number         0  main.o ABSOLUTE
    _printf_a                                0x00000000   Number         0  stubs.o ABSOLUTE
    _printf_c                                0x00000000   Number         0  stubs.o ABSOLUTE
    _printf_charcount                        0x00000000   Number         0  stubs.o ABSOLUTE
    _printf_d                                0x00000000   Number         0  stubs.o ABSOLUTE
    _printf_e                                0x00000000   Number         0  stubs.o ABSOLUTE
    _printf_f                                0x00000000   Number         0  stubs.o ABSOLUTE
    _printf_flags                            0x00000000   Number         0  stubs.o ABSOLUTE
    _printf_fp_dec                           0x00000000   Number         0  stubs.o ABSOLUTE
    _printf_fp_hex                           0x00000000   Number         0  stubs.o ABSOLUTE
    _printf_g                                0x00000000   Number         0  stubs.o ABSOLUTE
    _printf_i                                0x00000000   Number         0  stubs.o ABSOLUTE
    _printf_int_dec                          0x00000000   Number         0  stubs.o ABSOLUTE
    _printf_l                                0x00000000   Number         0  stubs.o ABSOLUTE
    _printf_lc                               0x00000000   Number         0  stubs.o ABSOLUTE
    _printf_ll                               0x00000000   Number         0  stubs.o ABSOLUTE
    _printf_lld                              0x00000000   Number         0  stubs.o ABSOLUTE
    _printf_lli                              0x00000000   Number         0  stubs.o ABSOLUTE
    _printf_llo                              0x00000000   Number         0  stubs.o ABSOLUTE
    _printf_llu                              0x00000000   Number         0  stubs.o ABSOLUTE
    _printf_llx                              0x00000000   Number         0  stubs.o ABSOLUTE
    _printf_longlong_dec                     0x00000000   Number         0  stubs.o ABSOLUTE
    _printf_longlong_hex                     0x00000000   Number         0  stubs.o ABSOLUTE
    _printf_longlong_oct                     0x00000000   Number         0  stubs.o ABSOLUTE
    _printf_ls                               0x00000000   Number         0  stubs.o ABSOLUTE
    _printf_mbtowc                           0x00000000   Number         0  stubs.o ABSOLUTE
    _printf_n                                0x00000000   Number         0  stubs.o ABSOLUTE
    _printf_o                                0x00000000   Number         0  stubs.o ABSOLUTE
    _printf_p                                0x00000000   Number         0  stubs.o ABSOLUTE
    _printf_percent                          0x00000000   Number         0  stubs.o ABSOLUTE
    _printf_pre_padding                      0x00000000   Number         0  stubs.o ABSOLUTE
    _printf_return_value                     0x00000000   Number         0  stubs.o ABSOLUTE
    _printf_s                                0x00000000   Number         0  stubs.o ABSOLUTE
    _printf_sizespec                         0x00000000   Number         0  stubs.o ABSOLUTE
    _printf_str                              0x00000000   Number         0  stubs.o ABSOLUTE
    _printf_truncate_signed                  0x00000000   Number         0  stubs.o ABSOLUTE
    _printf_truncate_unsigned                0x00000000   Number         0  stubs.o ABSOLUTE
    _printf_u                                0x00000000   Number         0  stubs.o ABSOLUTE
    _printf_wc                               0x00000000   Number         0  stubs.o ABSOLUTE
    _printf_wctomb                           0x00000000   Number         0  stubs.o ABSOLUTE
    _printf_widthprec                        0x00000000   Number         0  stubs.o ABSOLUTE
    _printf_x                                0x00000000   Number         0  stubs.o ABSOLUTE
    __cpp_initialize__aeabi_                  - Undefined Weak Reference
    __cxa_finalize                            - Undefined Weak Reference
    _clock_init                               - Undefined Weak Reference
    _microlib_exit                            - Undefined Weak Reference
    __Vectors_Size                           0x00000130   Number         0  startup_stm32f10x_hd.o ABSOLUTE
    __Vectors                                0x08000000   Data           4  startup_stm32f10x_hd.o(RESET)
    __Vectors_End                            0x08000130   Data           0  startup_stm32f10x_hd.o(RESET)
    __main                                   0x08000131   Thumb Code     0  entry.o(.ARM.Collect$$$$00000000)
    _main_stk                                0x08000131   Thumb Code     0  entry2.o(.ARM.Collect$$$$00000001)
    _main_scatterload                        0x08000135   Thumb Code     0  entry5.o(.ARM.Collect$$$$00000004)
    __main_after_scatterload                 0x08000139   Thumb Code     0  entry5.o(.ARM.Collect$$$$00000004)
    _main_clock                              0x08000139   Thumb Code     0  entry7b.o(.ARM.Collect$$$$00000008)
    _main_cpp_init                           0x08000139   Thumb Code     0  entry8b.o(.ARM.Collect$$$$0000000A)
    _main_init                               0x08000139   Thumb Code     0  entry9a.o(.ARM.Collect$$$$0000000B)
    __rt_final_cpp                           0x08000141   Thumb Code     0  entry10a.o(.ARM.Collect$$$$0000000D)
    __rt_final_exit                          0x08000141   Thumb Code     0  entry11a.o(.ARM.Collect$$$$0000000F)
    Reset_Handler                            0x08000145   Thumb Code     8  startup_stm32f10x_hd.o(.text)
    ADC1_2_IRQHandler                        0x0800015f   Thumb Code     0  startup_stm32f10x_hd.o(.text)
    ADC3_IRQHandler                          0x0800015f   Thumb Code     0  startup_stm32f10x_hd.o(.text)
    CAN1_RX1_IRQHandler                      0x0800015f   Thumb Code     0  startup_stm32f10x_hd.o(.text)
    CAN1_SCE_IRQHandler                      0x0800015f   Thumb Code     0  startup_stm32f10x_hd.o(.text)
    DMA1_Channel1_IRQHandler                 0x0800015f   Thumb Code     0  startup_stm32f10x_hd.o(.text)
    DMA1_Channel2_IRQHandler                 0x0800015f   Thumb Code     0  startup_stm32f10x_hd.o(.text)
    DMA1_Channel3_IRQHandler                 0x0800015f   Thumb Code     0  startup_stm32f10x_hd.o(.text)
    DMA1_Channel4_IRQHandler                 0x0800015f   Thumb Code     0  startup_stm32f10x_hd.o(.text)
    DMA1_Channel5_IRQHandler                 0x0800015f   Thumb Code     0  startup_stm32f10x_hd.o(.text)
    DMA1_Channel6_IRQHandler                 0x0800015f   Thumb Code     0  startup_stm32f10x_hd.o(.text)
    DMA1_Channel7_IRQHandler                 0x0800015f   Thumb Code     0  startup_stm32f10x_hd.o(.text)
    DMA2_Channel1_IRQHandler                 0x0800015f   Thumb Code     0  startup_stm32f10x_hd.o(.text)
    DMA2_Channel2_IRQHandler                 0x0800015f   Thumb Code     0  startup_stm32f10x_hd.o(.text)
    DMA2_Channel3_IRQHandler                 0x0800015f   Thumb Code     0  startup_stm32f10x_hd.o(.text)
    DMA2_Channel4_5_IRQHandler               0x0800015f   Thumb Code     0  startup_stm32f10x_hd.o(.text)
    EXTI0_IRQHandler                         0x0800015f   Thumb Code     0  startup_stm32f10x_hd.o(.text)
    EXTI15_10_IRQHandler                     0x0800015f   Thumb Code     0  startup_stm32f10x_hd.o(.text)
    EXTI2_IRQHandler                         0x0800015f   Thumb Code     0  startup_stm32f10x_hd.o(.text)
    EXTI4_IRQHandler                         0x0800015f   Thumb Code     0  startup_stm32f10x_hd.o(.text)
    EXTI9_5_IRQHandler                       0x0800015f   Thumb Code     0  startup_stm32f10x_hd.o(.text)
    FLASH_IRQHandler                         0x0800015f   Thumb Code     0  startup_stm32f10x_hd.o(.text)
    FSMC_IRQHandler                          0x0800015f   Thumb Code     0  startup_stm32f10x_hd.o(.text)
    I2C1_ER_IRQHandler                       0x0800015f   Thumb Code     0  startup_stm32f10x_hd.o(.text)
    I2C1_EV_IRQHandler                       0x0800015f   Thumb Code     0  startup_stm32f10x_hd.o(.text)
    I2C2_ER_IRQHandler                       0x0800015f   Thumb Code     0  startup_stm32f10x_hd.o(.text)
    I2C2_EV_IRQHandler                       0x0800015f   Thumb Code     0  startup_stm32f10x_hd.o(.text)
    PVD_IRQHandler                           0x0800015f   Thumb Code     0  startup_stm32f10x_hd.o(.text)
    RCC_IRQHandler                           0x0800015f   Thumb Code     0  startup_stm32f10x_hd.o(.text)
    RTCAlarm_IRQHandler                      0x0800015f   Thumb Code     0  startup_stm32f10x_hd.o(.text)
    RTC_IRQHandler                           0x0800015f   Thumb Code     0  startup_stm32f10x_hd.o(.text)
    SDIO_IRQHandler                          0x0800015f   Thumb Code     0  startup_stm32f10x_hd.o(.text)
    SPI1_IRQHandler                          0x0800015f   Thumb Code     0  startup_stm32f10x_hd.o(.text)
    SPI2_IRQHandler                          0x0800015f   Thumb Code     0  startup_stm32f10x_hd.o(.text)
    SPI3_IRQHandler                          0x0800015f   Thumb Code     0  startup_stm32f10x_hd.o(.text)
    TAMPER_IRQHandler                        0x0800015f   Thumb Code     0  startup_stm32f10x_hd.o(.text)
    TIM1_BRK_IRQHandler                      0x0800015f   Thumb Code     0  startup_stm32f10x_hd.o(.text)
    TIM1_TRG_COM_IRQHandler                  0x0800015f   Thumb Code     0  startup_stm32f10x_hd.o(.text)
    TIM3_IRQHandler                          0x0800015f   Thumb Code     0  startup_stm32f10x_hd.o(.text)
    TIM4_IRQHandler                          0x0800015f   Thumb Code     0  startup_stm32f10x_hd.o(.text)
    TIM5_IRQHandler                          0x0800015f   Thumb Code     0  startup_stm32f10x_hd.o(.text)
    TIM7_IRQHandler                          0x0800015f   Thumb Code     0  startup_stm32f10x_hd.o(.text)
    TIM8_BRK_IRQHandler                      0x0800015f   Thumb Code     0  startup_stm32f10x_hd.o(.text)
    TIM8_CC_IRQHandler                       0x0800015f   Thumb Code     0  startup_stm32f10x_hd.o(.text)
    TIM8_TRG_COM_IRQHandler                  0x0800015f   Thumb Code     0  startup_stm32f10x_hd.o(.text)
    TIM8_UP_IRQHandler                       0x0800015f   Thumb Code     0  startup_stm32f10x_hd.o(.text)
    UART4_IRQHandler                         0x0800015f   Thumb Code     0  startup_stm32f10x_hd.o(.text)
    UART5_IRQHandler                         0x0800015f   Thumb Code     0  startup_stm32f10x_hd.o(.text)
    USART1_IRQHandler                        0x0800015f   Thumb Code     0  startup_stm32f10x_hd.o(.text)
    USART2_IRQHandler                        0x0800015f   Thumb Code     0  startup_stm32f10x_hd.o(.text)
    USART3_IRQHandler                        0x0800015f   Thumb Code     0  startup_stm32f10x_hd.o(.text)
    USBWakeUp_IRQHandler                     0x0800015f   Thumb Code     0  startup_stm32f10x_hd.o(.text)
    USB_HP_CAN1_TX_IRQHandler                0x0800015f   Thumb Code     0  startup_stm32f10x_hd.o(.text)
    USB_LP_CAN1_RX0_IRQHandler               0x0800015f   Thumb Code     0  startup_stm32f10x_hd.o(.text)
    WWDG_IRQHandler                          0x0800015f   Thumb Code     0  startup_stm32f10x_hd.o(.text)
    __aeabi_uidiv                            0x08000169   Thumb Code     0  uidiv.o(.text)
    __aeabi_uidivmod                         0x08000169   Thumb Code    44  uidiv.o(.text)
    __scatterload                            0x08000195   Thumb Code    28  init.o(.text)
    __scatterload_rt2                        0x08000195   Thumb Code     0  init.o(.text)
    __decompress                             0x080001b9   Thumb Code     0  __dczerorl2.o(.text)
    __decompress1                            0x080001b9   Thumb Code    86  __dczerorl2.o(.text)
    ADC_Cmd                                  0x0800020f   Thumb Code    22  stm32f10x_adc.o(i.ADC_Cmd)
    ADC_DeInit                               0x08000225   Thumb Code    78  stm32f10x_adc.o(i.ADC_DeInit)
    ADC_GetCalibrationStatus                 0x08000281   Thumb Code    20  stm32f10x_adc.o(i.ADC_GetCalibrationStatus)
    ADC_GetConversionValue                   0x08000295   Thumb Code     8  stm32f10x_adc.o(i.ADC_GetConversionValue)
    ADC_GetFlagStatus                        0x0800029d   Thumb Code    18  stm32f10x_adc.o(i.ADC_GetFlagStatus)
    ADC_GetResetCalibrationStatus            0x080002af   Thumb Code    20  stm32f10x_adc.o(i.ADC_GetResetCalibrationStatus)
    ADC_Init                                 0x080002c5   Thumb Code    70  stm32f10x_adc.o(i.ADC_Init)
    ADC_RegularChannelConfig                 0x08000315   Thumb Code   184  stm32f10x_adc.o(i.ADC_RegularChannelConfig)
    ADC_ResetCalibration                     0x080003cd   Thumb Code    10  stm32f10x_adc.o(i.ADC_ResetCalibration)
    ADC_SoftwareStartConvCmd                 0x080003d7   Thumb Code    22  stm32f10x_adc.o(i.ADC_SoftwareStartConvCmd)
    ADC_StartCalibration                     0x080003ed   Thumb Code    10  stm32f10x_adc.o(i.ADC_StartCalibration)
    Adc_Init                                 0x080003f9   Thumb Code   172  ccd.o(i.Adc_Init)
    BusFault_Handler                         0x080004ad   Thumb Code     4  stm32f10x_it.o(i.BusFault_Handler)
    DebugMon_Handler                         0x080004b1   Thumb Code     2  stm32f10x_it.o(i.DebugMon_Handler)
    EXTI1_IRQHandler                         0x080004b5   Thumb Code    98  ultrasonic.o(i.EXTI1_IRQHandler)
    EXTI3_IRQHandler                         0x0800052d   Thumb Code   110  ultrasonic.o(i.EXTI3_IRQHandler)
    EXTI_ClearITPendingBit                   0x080005bd   Thumb Code     6  stm32f10x_exti.o(i.EXTI_ClearITPendingBit)
    EXTI_GetITStatus                         0x080005c9   Thumb Code    34  stm32f10x_exti.o(i.EXTI_GetITStatus)
    EXTI_Init                                0x080005f1   Thumb Code   142  stm32f10x_exti.o(i.EXTI_Init)
    EncodeInit                               0x08000685   Thumb Code   276  motor_vel_encoder_mode.o(i.EncodeInit)
    GPIO_EXTILineConfig                      0x080007a9   Thumb Code    60  stm32f10x_gpio.o(i.GPIO_EXTILineConfig)
    GPIO_Init                                0x080007e9   Thumb Code   278  stm32f10x_gpio.o(i.GPIO_Init)
    GPIO_ReadInputDataBit                    0x080008ff   Thumb Code    18  stm32f10x_gpio.o(i.GPIO_ReadInputDataBit)
    GPIO_ResetBits                           0x08000911   Thumb Code     4  stm32f10x_gpio.o(i.GPIO_ResetBits)
    GPIO_SetBits                             0x08000915   Thumb Code     4  stm32f10x_gpio.o(i.GPIO_SetBits)
    GPIO_WriteBit                            0x08000919   Thumb Code    10  stm32f10x_gpio.o(i.GPIO_WriteBit)
    GetMid                                   0x08000923   Thumb Code    40  ccd.o(i.GetMid)
    Get_Adc                                  0x0800094d   Thumb Code    46  ccd.o(i.Get_Adc)
    HardFault_Handler                        0x08000981   Thumb Code     4  stm32f10x_it.o(i.HardFault_Handler)
    MedianFilter                             0x08000985   Thumb Code    90  ccd.o(i.MedianFilter)
    MemManage_Handler                        0x080009ed   Thumb Code     4  stm32f10x_it.o(i.MemManage_Handler)
    NMI_Handler                              0x080009f1   Thumb Code     2  stm32f10x_it.o(i.NMI_Handler)
    NVIC_Init                                0x080009f5   Thumb Code   100  misc.o(i.NVIC_Init)
    NVIC_PriorityGroupConfig                 0x08000a65   Thumb Code    10  misc.o(i.NVIC_PriorityGroupConfig)
    PendSV_Handler                           0x08000aa1   Thumb Code     2  stm32f10x_it.o(i.PendSV_Handler)
    RCC_ADCCLKConfig                         0x08000aa5   Thumb Code    18  stm32f10x_rcc.o(i.RCC_ADCCLKConfig)
    RCC_APB1PeriphClockCmd                   0x08000abd   Thumb Code    26  stm32f10x_rcc.o(i.RCC_APB1PeriphClockCmd)
    RCC_APB1PeriphResetCmd                   0x08000add   Thumb Code    26  stm32f10x_rcc.o(i.RCC_APB1PeriphResetCmd)
    RCC_APB2PeriphClockCmd                   0x08000afd   Thumb Code    26  stm32f10x_rcc.o(i.RCC_APB2PeriphClockCmd)
    RCC_APB2PeriphResetCmd                   0x08000b1d   Thumb Code    26  stm32f10x_rcc.o(i.RCC_APB2PeriphResetCmd)
    Read_CCD                                 0x08000b3d   Thumb Code   130  ccd.o(i.Read_CCD)
    SVC_Handler                              0x08000bc9   Thumb Code     2  stm32f10x_it.o(i.SVC_Handler)
    SearchLine                               0x08000bcd   Thumb Code   384  ccd.o(i.SearchLine)
    SelectThreshold                          0x08000d6d   Thumb Code   132  ccd.o(i.SelectThreshold)
    SysTick_Handler                          0x08000ef1   Thumb Code   300  main.o(i.SysTick_Handler)
    SystemInit                               0x08001059   Thumb Code    78  system_stm32f10x.o(i.SystemInit)
    TIM1_CC_IRQHandler                       0x080012f9   Thumb Code   386  motor_vel_time_interval.o(i.TIM1_CC_IRQHandler)
    TIM1_Cap_Init                            0x080014c1   Thumb Code   254  motor_vel_time_interval.o(i.TIM1_Cap_Init)
    TIM1_UP_IRQHandler                       0x080015cd   Thumb Code   100  motor_vel_time_interval.o(i.TIM1_UP_IRQHandler)
    TIM2_IRQHandler                          0x08001645   Thumb Code    18  ultrasonic.o(i.TIM2_IRQHandler)
    TIM2_Init                                0x0800165d   Thumb Code   110  ultrasonic.o(i.TIM2_Init)
    TIM6_IRQHandler                          0x080016cd   Thumb Code    18  ultrasonic.o(i.TIM6_IRQHandler)
    TIM6_Init                                0x080016e9   Thumb Code   104  ultrasonic.o(i.TIM6_Init)
    TIM_ARRPreloadConfig                     0x08001755   Thumb Code    24  stm32f10x_tim.o(i.TIM_ARRPreloadConfig)
    TIM_ClearFlag                            0x0800176d   Thumb Code     6  stm32f10x_tim.o(i.TIM_ClearFlag)
    TIM_ClearITPendingBit                    0x08001773   Thumb Code     6  stm32f10x_tim.o(i.TIM_ClearITPendingBit)
    TIM_Cmd                                  0x08001779   Thumb Code    24  stm32f10x_tim.o(i.TIM_Cmd)
    TIM_CtrlPWMOutputs                       0x08001791   Thumb Code    30  stm32f10x_tim.o(i.TIM_CtrlPWMOutputs)
    TIM_DeInit                               0x080017b1   Thumb Code   424  stm32f10x_tim.o(i.TIM_DeInit)
    TIM_EncoderInterfaceConfig               0x08001999   Thumb Code    66  stm32f10x_tim.o(i.TIM_EncoderInterfaceConfig)
    TIM_GetCapture1                          0x080019db   Thumb Code     6  stm32f10x_tim.o(i.TIM_GetCapture1)
    TIM_GetCapture4                          0x080019e1   Thumb Code     8  stm32f10x_tim.o(i.TIM_GetCapture4)
    TIM_GetITStatus                          0x080019e9   Thumb Code    34  stm32f10x_tim.o(i.TIM_GetITStatus)
    TIM_ICInit                               0x08001a0d   Thumb Code   150  stm32f10x_tim.o(i.TIM_ICInit)
    TIM_ICStructInit                         0x08001ab9   Thumb Code    18  stm32f10x_tim.o(i.TIM_ICStructInit)
    TIM_ITConfig                             0x08001acb   Thumb Code    18  stm32f10x_tim.o(i.TIM_ITConfig)
    TIM_OC1Init                              0x08001add   Thumb Code   132  stm32f10x_tim.o(i.TIM_OC1Init)
    TIM_OC1PreloadConfig                     0x08001b75   Thumb Code    18  stm32f10x_tim.o(i.TIM_OC1PreloadConfig)
    TIM_OC2Init                              0x08001b89   Thumb Code   154  stm32f10x_tim.o(i.TIM_OC2Init)
    TIM_OC2PreloadConfig                     0x08001c2d   Thumb Code    26  stm32f10x_tim.o(i.TIM_OC2PreloadConfig)
    TIM_OC3Init                              0x08001c49   Thumb Code   150  stm32f10x_tim.o(i.TIM_OC3Init)
    TIM_OC3PreloadConfig                     0x08001ce9   Thumb Code    18  stm32f10x_tim.o(i.TIM_OC3PreloadConfig)
    TIM_OC4Init                              0x08001cfd   Thumb Code   114  stm32f10x_tim.o(i.TIM_OC4Init)
    TIM_OC4PreloadConfig                     0x08001d79   Thumb Code    26  stm32f10x_tim.o(i.TIM_OC4PreloadConfig)
    TIM_SetCounter                           0x08001d93   Thumb Code     4  stm32f10x_tim.o(i.TIM_SetCounter)
    TIM_SetIC1Prescaler                      0x08001d97   Thumb Code    18  stm32f10x_tim.o(i.TIM_SetIC1Prescaler)
    TIM_SetIC2Prescaler                      0x08001da9   Thumb Code    26  stm32f10x_tim.o(i.TIM_SetIC2Prescaler)
    TIM_SetIC3Prescaler                      0x08001dc3   Thumb Code    18  stm32f10x_tim.o(i.TIM_SetIC3Prescaler)
    TIM_SetIC4Prescaler                      0x08001dd5   Thumb Code    26  stm32f10x_tim.o(i.TIM_SetIC4Prescaler)
    TIM_TimeBaseInit                         0x08001df1   Thumb Code   122  stm32f10x_tim.o(i.TIM_TimeBaseInit)
    TIMx_PWMInit                             0x08001e95   Thumb Code   210  motor_pwm.o(i.TIMx_PWMInit)
    Ultrasonic_Init                          0x08001f81   Thumb Code   168  ultrasonic.o(i.Ultrasonic_Init)
    Ultrasonic_Trig                          0x0800202d   Thumb Code    68  ultrasonic.o(i.Ultrasonic_Trig)
    UsageFault_Handler                       0x0800207d   Thumb Code     4  stm32f10x_it.o(i.UsageFault_Handler)
    ValueCompensate                          0x08002081   Thumb Code    54  ccd.o(i.ValueCompensate)
    __0printf$1                              0x080020c5   Thumb Code    22  printf1.o(i.__0printf$1)
    __1printf$1                              0x080020c5   Thumb Code     0  printf1.o(i.__0printf$1)
    __2printf                                0x080020c5   Thumb Code     0  printf1.o(i.__0printf$1)
    __scatterload_copy                       0x080020e5   Thumb Code    14  handlers.o(i.__scatterload_copy)
    __scatterload_null                       0x080020f3   Thumb Code     2  handlers.o(i.__scatterload_null)
    __scatterload_zeroinit                   0x080020f5   Thumb Code    14  handlers.o(i.__scatterload_zeroinit)
    ccd_get_line                             0x08002259   Thumb Code    98  ccd.o(i.ccd_get_line)
    delay_us                                 0x080022d5   Thumb Code    26  delay.o(i.delay_us)
    encoder_vel_calc                         0x080022f1   Thumb Code    72  motor_vel_encoder_mode.o(i.encoder_vel_calc)
    fputc                                    0x08002345   Thumb Code    30  retarget.o(i.fputc)
    get_encoder_counts_l1                    0x08002369   Thumb Code    80  motor_vel_encoder_mode.o(i.get_encoder_counts_l1)
    get_encoder_counts_r1                    0x080023c9   Thumb Code    80  motor_vel_encoder_mode.o(i.get_encoder_counts_r1)
    main                                     0x08002429   Thumb Code    88  main.o(i.main)
    motor_pid_controller                     0x08002491   Thumb Code   882  motor_pwm.o(i.motor_pid_controller)
    simple_controller_init                   0x08002885   Thumb Code    14  controller.o(i.simple_controller_init)
    systickInit                              0x08002899   Thumb Code    68  main.o(i.systickInit)
    CcdCompensationValue                     0x080028e0   Data         128  ccd.o(.constdata)
    Region$$Table$$Base                      0x08002960   Number         0  anon$$obj.o(Region$$Table)
    Region$$Table$$Limit                     0x08002980   Number         0  anon$$obj.o(Region$$Table)
    left_line_dist                           0x20000000   Data           4  main.o(.data)
    right_line_dist                          0x20000004   Data           4  main.o(.data)
    mid_position_dist                        0x20000008   Data           4  main.o(.data)
    prescaler                                0x2000000c   Data           2  main.o(.data)
    motor_pwm_period                         0x2000000e   Data           2  main.o(.data)
    pulse                                    0x20000010   Data           2  main.o(.data)
    vl1_target                               0x20000014   Data           4  main.o(.data)
    vl2_target                               0x20000018   Data           4  main.o(.data)
    vr1_target                               0x2000001c   Data           4  main.o(.data)
    vr2_target                               0x20000020   Data           4  main.o(.data)
    vl1                                      0x20000024   Data           4  main.o(.data)
    vl2                                      0x20000028   Data           4  main.o(.data)
    vr1                                      0x2000002c   Data           4  main.o(.data)
    vr2                                      0x20000030   Data           4  main.o(.data)
    last_cnt_l1                              0x20000034   Data           4  main.o(.data)
    counts_l1                                0x20000038   Data           4  main.o(.data)
    timer8cnt                                0x2000003c   Data           4  main.o(.data)
    last_cnt_r1                              0x20000040   Data           4  main.o(.data)
    counts_r1                                0x20000044   Data           4  main.o(.data)
    timer4cnt                                0x20000048   Data           4  main.o(.data)
    cnt_ch1                                  0x2000004c   Data           4  main.o(.data)
    prev_cnt_ch1                             0x20000050   Data           4  main.o(.data)
    cnt_ch4                                  0x20000054   Data           4  main.o(.data)
    prev_cnt_ch4                             0x20000058   Data           4  main.o(.data)
    delta_t1                                 0x2000005c   Data           4  main.o(.data)
    delta_t4                                 0x20000060   Data           4  main.o(.data)
    cycles1                                  0x20000064   Data           4  main.o(.data)
    cycles4                                  0x20000068   Data           4  main.o(.data)
    num                                      0x2000006c   Data           4  main.o(.data)
    den                                      0x20000070   Data           4  main.o(.data)
    obstacle_mode_flag                       0x20000074   Data           1  main.o(.data)
    last_obstacle_mode_flag                  0x20000075   Data           1  main.o(.data)
    last_obstacle_time_stamp                 0x20000078   Data           4  main.o(.data)
    R_target                                 0x2000007c   Data           4  main.o(.data)
    delta_x                                  0x20000080   Data           4  main.o(.data)
    omega                                    0x20000084   Data           4  main.o(.data)
    v_target                                 0x20000088   Data           4  main.o(.data)
    SystemCoreClock                          0x20000098   Data           4  system_stm32f10x.o(.data)
    AHBPrescTable                            0x2000009c   Data          16  system_stm32f10x.o(.data)
    __stdout                                 0x200000ac   Data           4  retarget.o(.data)
    __stdin                                  0x200000b0   Data           4  retarget.o(.data)
    positive_direction_l2                    0x20000104   Data           1  motor_vel_time_interval.o(.data)
    positive_direction_r2                    0x20000105   Data           1  motor_vel_time_interval.o(.data)
    tim2_reload_flag                         0x20000110   Data           1  ultrasonic.o(.data)
    tim6_reload_flag                         0x20000111   Data           1  ultrasonic.o(.data)
    ultra_record_flag_l                      0x20000112   Data           1  ultrasonic.o(.data)
    ultra_record_flag_r                      0x20000113   Data           1  ultrasonic.o(.data)
    bounce_flag                              0x20000114   Data           1  ultrasonic.o(.data)
    pixel                                    0x20000118   Data           1  ccd.o(.data)
    LeftLine                                 0x2000011c   Data           4  ccd.o(.data)
    LeftLineState                            0x20000120   Data           1  ccd.o(.data)
    RightLine                                0x20000124   Data           4  ccd.o(.data)
    RightLineState                           0x20000128   Data           1  ccd.o(.data)
    MiddlePosition                           0x2000012c   Data           4  ccd.o(.data)
    CcdDifferentialMax                       0x20000130   Data           4  ccd.o(.data)
    CcdDifferentialMin                       0x20000134   Data           4  ccd.o(.data)
    CcdDifferentialThreshold                 0x20000138   Data           4  ccd.o(.data)
    BodyControlInfo                          0x2000013c   Data          12  main.o(.bss)
    BodyControlTarget                        0x20000148   Data          16  main.o(.bss)
    CCD                                      0x20000174   Data         128  ccd.o(.bss)
    CcdFiltered                              0x200001f4   Data         128  ccd.o(.bss)
    CcdDifferential                          0x20000274   Data         508  ccd.o(.bss)
    __initial_sp                             0x20000870   Data           0  startup_stm32f10x_hd.o(STACK)



==============================================================================

Memory Map of the image

  Image Entry point : 0x08000145

  Load Region LR_1 (Base: 0x08000000, Size: 0x00002abc, Max: 0xffffffff, ABSOLUTE, COMPRESSED[0x000029b0])

    Execution Region ER_RO (Base: 0x08000000, Size: 0x00002980, Max: 0xffffffff, ABSOLUTE)

    Base Addr    Size         Type   Attr      Idx    E Section Name        Object

    0x08000000   0x00000130   Data   RO          527    RESET               startup_stm32f10x_hd.o
    0x08000130   0x00000000   Code   RO         3525  * .ARM.Collect$$$$00000000  mc_w.l(entry.o)
    0x08000130   0x00000004   Code   RO         3789    .ARM.Collect$$$$00000001  mc_w.l(entry2.o)
    0x08000134   0x00000004   Code   RO         3792    .ARM.Collect$$$$00000004  mc_w.l(entry5.o)
    0x08000138   0x00000000   Code   RO         3794    .ARM.Collect$$$$00000008  mc_w.l(entry7b.o)
    0x08000138   0x00000000   Code   RO         3796    .ARM.Collect$$$$0000000A  mc_w.l(entry8b.o)
    0x08000138   0x00000008   Code   RO         3797    .ARM.Collect$$$$0000000B  mc_w.l(entry9a.o)
    0x08000140   0x00000000   Code   RO         3799    .ARM.Collect$$$$0000000D  mc_w.l(entry10a.o)
    0x08000140   0x00000000   Code   RO         3801    .ARM.Collect$$$$0000000F  mc_w.l(entry11a.o)
    0x08000140   0x00000004   Code   RO         3790    .ARM.Collect$$$$00002712  mc_w.l(entry2.o)
    0x08000144   0x00000024   Code   RO          528  * .text               startup_stm32f10x_hd.o
    0x08000168   0x0000002c   Code   RO         3803    .text               mc_w.l(uidiv.o)
    0x08000194   0x00000024   Code   RO         3818    .text               mc_w.l(init.o)
    0x080001b8   0x00000056   Code   RO         3836    .text               mc_w.l(__dczerorl2.o)
    0x0800020e   0x00000016   Code   RO          600    i.ADC_Cmd           stm32f10x_adc.o
    0x08000224   0x0000005c   Code   RO          602    i.ADC_DeInit        stm32f10x_adc.o
    0x08000280   0x00000014   Code   RO          608    i.ADC_GetCalibrationStatus  stm32f10x_adc.o
    0x08000294   0x00000008   Code   RO          609    i.ADC_GetConversionValue  stm32f10x_adc.o
    0x0800029c   0x00000012   Code   RO          611    i.ADC_GetFlagStatus  stm32f10x_adc.o
    0x080002ae   0x00000014   Code   RO          614    i.ADC_GetResetCalibrationStatus  stm32f10x_adc.o
    0x080002c2   0x00000002   PAD
    0x080002c4   0x00000050   Code   RO          618    i.ADC_Init          stm32f10x_adc.o
    0x08000314   0x000000b8   Code   RO          622    i.ADC_RegularChannelConfig  stm32f10x_adc.o
    0x080003cc   0x0000000a   Code   RO          623    i.ADC_ResetCalibration  stm32f10x_adc.o
    0x080003d6   0x00000016   Code   RO          625    i.ADC_SoftwareStartConvCmd  stm32f10x_adc.o
    0x080003ec   0x0000000a   Code   RO          627    i.ADC_StartCalibration  stm32f10x_adc.o
    0x080003f6   0x00000002   PAD
    0x080003f8   0x000000b4   Code   RO          436    i.Adc_Init          ccd.o
    0x080004ac   0x00000004   Code   RO          146    i.BusFault_Handler  stm32f10x_it.o
    0x080004b0   0x00000002   Code   RO          147    i.DebugMon_Handler  stm32f10x_it.o
    0x080004b2   0x00000002   PAD
    0x080004b4   0x00000078   Code   RO          348    i.EXTI1_IRQHandler  ultrasonic.o
    0x0800052c   0x00000090   Code   RO          349    i.EXTI3_IRQHandler  ultrasonic.o
    0x080005bc   0x0000000c   Code   RO         1356    i.EXTI_ClearITPendingBit  stm32f10x_exti.o
    0x080005c8   0x00000028   Code   RO         1360    i.EXTI_GetITStatus  stm32f10x_exti.o
    0x080005f0   0x00000094   Code   RO         1361    i.EXTI_Init         stm32f10x_exti.o
    0x08000684   0x00000124   Code   RO          282    i.EncodeInit        motor_vel_encoder_mode.o
    0x080007a8   0x00000040   Code   RO         1706    i.GPIO_EXTILineConfig  stm32f10x_gpio.o
    0x080007e8   0x00000116   Code   RO         1709    i.GPIO_Init         stm32f10x_gpio.o
    0x080008fe   0x00000012   Code   RO         1713    i.GPIO_ReadInputDataBit  stm32f10x_gpio.o
    0x08000910   0x00000004   Code   RO         1716    i.GPIO_ResetBits    stm32f10x_gpio.o
    0x08000914   0x00000004   Code   RO         1717    i.GPIO_SetBits      stm32f10x_gpio.o
    0x08000918   0x0000000a   Code   RO         1720    i.GPIO_WriteBit     stm32f10x_gpio.o
    0x08000922   0x00000028   Code   RO          437    i.GetMid            ccd.o
    0x0800094a   0x00000002   PAD
    0x0800094c   0x00000034   Code   RO          438    i.Get_Adc           ccd.o
    0x08000980   0x00000004   Code   RO          148    i.HardFault_Handler  stm32f10x_it.o
    0x08000984   0x00000068   Code   RO          439    i.MedianFilter      ccd.o
    0x080009ec   0x00000004   Code   RO          149    i.MemManage_Handler  stm32f10x_it.o
    0x080009f0   0x00000002   Code   RO          150    i.NMI_Handler       stm32f10x_it.o
    0x080009f2   0x00000002   PAD
    0x080009f4   0x00000070   Code   RO          532    i.NVIC_Init         misc.o
    0x08000a64   0x00000014   Code   RO          533    i.NVIC_PriorityGroupConfig  misc.o
    0x08000a78   0x00000028   Code   RO            1    i.NVIC_SetPriority  main.o
    0x08000aa0   0x00000002   Code   RO          151    i.PendSV_Handler    stm32f10x_it.o
    0x08000aa2   0x00000002   PAD
    0x08000aa4   0x00000018   Code   RO         2123    i.RCC_ADCCLKConfig  stm32f10x_rcc.o
    0x08000abc   0x00000020   Code   RO         2125    i.RCC_APB1PeriphClockCmd  stm32f10x_rcc.o
    0x08000adc   0x00000020   Code   RO         2126    i.RCC_APB1PeriphResetCmd  stm32f10x_rcc.o
    0x08000afc   0x00000020   Code   RO         2127    i.RCC_APB2PeriphClockCmd  stm32f10x_rcc.o
    0x08000b1c   0x00000020   Code   RO         2128    i.RCC_APB2PeriphResetCmd  stm32f10x_rcc.o
    0x08000b3c   0x0000008c   Code   RO          440    i.Read_CCD          ccd.o
    0x08000bc8   0x00000002   Code   RO          152    i.SVC_Handler       stm32f10x_it.o
    0x08000bca   0x00000002   PAD
    0x08000bcc   0x000001a0   Code   RO          441    i.SearchLine        ccd.o
    0x08000d6c   0x0000009c   Code   RO          442    i.SelectThreshold   ccd.o
    0x08000e08   0x00000008   Code   RO          207    i.SetSysClock       system_stm32f10x.o
    0x08000e10   0x000000e0   Code   RO          208    i.SetSysClockTo72   system_stm32f10x.o
    0x08000ef0   0x00000168   Code   RO            2    i.SysTick_Handler   main.o
    0x08001058   0x00000060   Code   RO          210    i.SystemInit        system_stm32f10x.o
    0x080010b8   0x00000080   Code   RO         2743    i.TI1_Config        stm32f10x_tim.o
    0x08001138   0x00000098   Code   RO         2744    i.TI2_Config        stm32f10x_tim.o
    0x080011d0   0x00000090   Code   RO         2745    i.TI3_Config        stm32f10x_tim.o
    0x08001260   0x00000098   Code   RO         2746    i.TI4_Config        stm32f10x_tim.o
    0x080012f8   0x000001c8   Code   RO          313    i.TIM1_CC_IRQHandler  motor_vel_time_interval.o
    0x080014c0   0x0000010c   Code   RO          314    i.TIM1_Cap_Init     motor_vel_time_interval.o
    0x080015cc   0x00000078   Code   RO          315    i.TIM1_UP_IRQHandler  motor_vel_time_interval.o
    0x08001644   0x00000018   Code   RO          350    i.TIM2_IRQHandler   ultrasonic.o
    0x0800165c   0x0000006e   Code   RO          351    i.TIM2_Init         ultrasonic.o
    0x080016ca   0x00000002   PAD
    0x080016cc   0x0000001c   Code   RO          352    i.TIM6_IRQHandler   ultrasonic.o
    0x080016e8   0x0000006c   Code   RO          353    i.TIM6_Init         ultrasonic.o
    0x08001754   0x00000018   Code   RO         2747    i.TIM_ARRPreloadConfig  stm32f10x_tim.o
    0x0800176c   0x00000006   Code   RO         2753    i.TIM_ClearFlag     stm32f10x_tim.o
    0x08001772   0x00000006   Code   RO         2754    i.TIM_ClearITPendingBit  stm32f10x_tim.o
    0x08001778   0x00000018   Code   RO         2759    i.TIM_Cmd           stm32f10x_tim.o
    0x08001790   0x0000001e   Code   RO         2761    i.TIM_CtrlPWMOutputs  stm32f10x_tim.o
    0x080017ae   0x00000002   PAD
    0x080017b0   0x000001e8   Code   RO         2764    i.TIM_DeInit        stm32f10x_tim.o
    0x08001998   0x00000042   Code   RO         2768    i.TIM_EncoderInterfaceConfig  stm32f10x_tim.o
    0x080019da   0x00000006   Code   RO         2774    i.TIM_GetCapture1   stm32f10x_tim.o
    0x080019e0   0x00000008   Code   RO         2777    i.TIM_GetCapture4   stm32f10x_tim.o
    0x080019e8   0x00000022   Code   RO         2780    i.TIM_GetITStatus   stm32f10x_tim.o
    0x08001a0a   0x00000002   PAD
    0x08001a0c   0x000000ac   Code   RO         2782    i.TIM_ICInit        stm32f10x_tim.o
    0x08001ab8   0x00000012   Code   RO         2783    i.TIM_ICStructInit  stm32f10x_tim.o
    0x08001aca   0x00000012   Code   RO         2784    i.TIM_ITConfig      stm32f10x_tim.o
    0x08001adc   0x00000098   Code   RO         2788    i.TIM_OC1Init       stm32f10x_tim.o
    0x08001b74   0x00000012   Code   RO         2791    i.TIM_OC1PreloadConfig  stm32f10x_tim.o
    0x08001b86   0x00000002   PAD
    0x08001b88   0x000000a4   Code   RO         2793    i.TIM_OC2Init       stm32f10x_tim.o
    0x08001c2c   0x0000001a   Code   RO         2796    i.TIM_OC2PreloadConfig  stm32f10x_tim.o
    0x08001c46   0x00000002   PAD
    0x08001c48   0x000000a0   Code   RO         2798    i.TIM_OC3Init       stm32f10x_tim.o
    0x08001ce8   0x00000012   Code   RO         2801    i.TIM_OC3PreloadConfig  stm32f10x_tim.o
    0x08001cfa   0x00000002   PAD
    0x08001cfc   0x0000007c   Code   RO         2803    i.TIM_OC4Init       stm32f10x_tim.o
    0x08001d78   0x0000001a   Code   RO         2805    i.TIM_OC4PreloadConfig  stm32f10x_tim.o
    0x08001d92   0x00000004   Code   RO         2824    i.TIM_SetCounter    stm32f10x_tim.o
    0x08001d96   0x00000012   Code   RO         2825    i.TIM_SetIC1Prescaler  stm32f10x_tim.o
    0x08001da8   0x0000001a   Code   RO         2826    i.TIM_SetIC2Prescaler  stm32f10x_tim.o
    0x08001dc2   0x00000012   Code   RO         2827    i.TIM_SetIC3Prescaler  stm32f10x_tim.o
    0x08001dd4   0x0000001a   Code   RO         2828    i.TIM_SetIC4Prescaler  stm32f10x_tim.o
    0x08001dee   0x00000002   PAD
    0x08001df0   0x000000a4   Code   RO         2830    i.TIM_TimeBaseInit  stm32f10x_tim.o
    0x08001e94   0x000000ec   Code   RO          260    i.TIMx_PWMInit      motor_pwm.o
    0x08001f80   0x000000ac   Code   RO          354    i.Ultrasonic_Init   ultrasonic.o
    0x0800202c   0x00000050   Code   RO          355    i.Ultrasonic_Trig   ultrasonic.o
    0x0800207c   0x00000004   Code   RO          153    i.UsageFault_Handler  stm32f10x_it.o
    0x08002080   0x00000044   Code   RO          443    i.ValueCompensate   ccd.o
    0x080020c4   0x00000020   Code   RO         3573    i.__0printf$1       mc_w.l(printf1.o)
    0x080020e4   0x0000000e   Code   RO         3830    i.__scatterload_copy  mc_w.l(handlers.o)
    0x080020f2   0x00000002   Code   RO         3831    i.__scatterload_null  mc_w.l(handlers.o)
    0x080020f4   0x0000000e   Code   RO         3832    i.__scatterload_zeroinit  mc_w.l(handlers.o)
    0x08002102   0x00000002   PAD
    0x08002104   0x00000154   Code   RO         3580    i._printf_core      mc_w.l(printf1.o)
    0x08002258   0x0000007c   Code   RO          444    i.ccd_get_line      ccd.o
    0x080022d4   0x0000001a   Code   RO          502    i.delay_us          delay.o
    0x080022ee   0x00000002   PAD
    0x080022f0   0x00000054   Code   RO          283    i.encoder_vel_calc  motor_vel_encoder_mode.o
    0x08002344   0x00000024   Code   RO          241    i.fputc             retarget.o
    0x08002368   0x00000060   Code   RO          284    i.get_encoder_counts_l1  motor_vel_encoder_mode.o
    0x080023c8   0x00000060   Code   RO          285    i.get_encoder_counts_r1  motor_vel_encoder_mode.o
    0x08002428   0x00000068   Code   RO            3    i.main              main.o
    0x08002490   0x000003f4   Code   RO          261    i.motor_pid_controller  motor_pwm.o
    0x08002884   0x00000014   Code   RO          411    i.simple_controller_init  controller.o
    0x08002898   0x00000048   Code   RO            4    i.systickInit       main.o
    0x080028e0   0x00000080   Data   RO          446    .constdata          ccd.o
    0x08002960   0x00000020   Data   RO         3828    Region$$Table       anon$$obj.o


    Execution Region ER_RW (Base: 0x20000000, Size: 0x0000013c, Max: 0xffffffff, ABSOLUTE, COMPRESSED[0x00000030])

    Base Addr    Size         Type   Attr      Idx    E Section Name        Object

    0x20000000   0x00000098   Data   RW            6    .data               main.o
    0x20000098   0x00000014   Data   RW          211    .data               system_stm32f10x.o
    0x200000ac   0x00000008   Data   RW          242    .data               retarget.o
    0x200000b4   0x00000050   Data   RW          263    .data               motor_pwm.o
    0x20000104   0x0000000c   Data   RW          318    .data               motor_vel_time_interval.o
    0x20000110   0x00000005   Data   RW          356    .data               ultrasonic.o
    0x20000115   0x00000003   PAD
    0x20000118   0x00000024   Data   RW          447    .data               ccd.o


    Execution Region ER_ZI (Base: 0x2000013c, Size: 0x00000734, Max: 0xffffffff, ABSOLUTE)

    Base Addr    Size         Type   Attr      Idx    E Section Name        Object

    0x2000013c   0x0000001c   Zero   RW            5    .bss                main.o
    0x20000158   0x0000001a   Zero   RW          262    .bss                motor_pwm.o
    0x20000172   0x00000002   PAD
    0x20000174   0x000002fc   Zero   RW          445    .bss                ccd.o
    0x20000470   0x00000400   Zero   RW          525    STACK               startup_stm32f10x_hd.o


==============================================================================

Image component sizes


      Code (inc. data)   RO Data    RW Data    ZI Data      Debug   Object Name

      1280        134        128         36        764       6246   ccd.o
        20          6          0          0          0        437   controller.o
         0          0          0          0          0         32   core_cm3.o
        26          0          0          0          0        487   delay.o
       576         88          0        152         28     268608   main.o
       132         22          0          0          0     217583   misc.o
      1248        156          0         80         26       2206   motor_pwm.o
       568         60          0          0          0       2360   motor_vel_encoder_mode.o
       844        104          0         12          0       3062   motor_vel_time_interval.o
        36          6          0          8          0       2506   retarget.o
        36          8        304          0       1024        804   startup_stm32f10x_hd.o
       486         24          0          0          0       8586   stm32f10x_adc.o
       200         18          0          0          0       2124   stm32f10x_exti.o
       378          4          0          0          0       4874   stm32f10x_gpio.o
        24          0          0          0          0       3340   stm32f10x_it.o
       152         30          0          0          0       2847   stm32f10x_rcc.o
      2420        264          0          0          0      20061   stm32f10x_tim.o
       328         28          0         20          0       2117   system_stm32f10x.o
       786         92          0          5          0       4554   ultrasonic.o

    ----------------------------------------------------------------------
      9570       1044        464        316       1844     552834   Object Totals
         0          0         32          0          0          0   (incl. Generated)
        30          0          0          3          2          0   (incl. Padding)

    ----------------------------------------------------------------------

      Code (inc. data)   RO Data    RW Data    ZI Data      Debug   Library Member Name

        86          0          0          0          0          0   __dczerorl2.o
         0          0          0          0          0          0   entry.o
         0          0          0          0          0          0   entry10a.o
         0          0          0          0          0          0   entry11a.o
         8          4          0          0          0          0   entry2.o
         4          0          0          0          0          0   entry5.o
         0          0          0          0          0          0   entry7b.o
         0          0          0          0          0          0   entry8b.o
         8          4          0          0          0          0   entry9a.o
        30          0          0          0          0          0   handlers.o
        36          8          0          0          0         68   init.o
       372         14          0          0          0        184   printf1.o
        44          0          0          0          0         80   uidiv.o

    ----------------------------------------------------------------------
       590         30          0          0          0        332   Library Totals
         2          0          0          0          0          0   (incl. Padding)

    ----------------------------------------------------------------------

      Code (inc. data)   RO Data    RW Data    ZI Data      Debug   Library Name

       588         30          0          0          0        332   mc_w.l

    ----------------------------------------------------------------------
       590         30          0          0          0        332   Library Totals

    ----------------------------------------------------------------------

==============================================================================


      Code (inc. data)   RO Data    RW Data    ZI Data      Debug   

     10160       1074        464        316       1844     548198   Grand Totals
     10160       1074        464         48       1844     548198   ELF Image Totals (compressed)
     10160       1074        464         48          0          0   ROM Totals

==============================================================================

    Total RO  Size (Code + RO Data)                10624 (  10.38kB)
    Total RW  Size (RW Data + ZI Data)              2160 (   2.11kB)
    Total ROM Size (Code + RO Data + RW Data)      10672 (  10.42kB)

==============================================================================

