Component: ARM Compiler 5.05 update 1 (build 106) Tool: armlink [4d0efa]

==============================================================================

Section Cross References

    main.o(i.SysTick_Handler) refers to motor_vel_encoder_mode.o(i.encoder_vel_calc) for encoder_vel_calc
    main.o(i.SysTick_Handler) refers to motor_pwm.o(i.motor_pid_controller) for motor_pid_controller
    main.o(i.SysTick_Handler) refers to ccd.o(i.ccd_get_line) for ccd_get_line
    main.o(i.SysTick_Handler) refers to stm32f10x_gpio.o(i.GPIO_SetBits) for GPIO_SetBits
    main.o(i.SysTick_Handler) refers to stm32f10x_gpio.o(i.GPIO_ResetBits) for GPIO_ResetBits
    main.o(i.SysTick_Handler) refers to controller.o(i.controller) for controller
    main.o(i.SysTick_Handler) refers to main.o(.data) for systick_count
    main.o(i.SysTick_Handler) refers to bluetooth.o(.data) for BluetoothControlMode
    main.o(i.SysTick_Handler) refers to ccd.o(.data) for MiddlePosition
    main.o(i.main) refers to led.o(i.LED_Init) for LED_Init
    main.o(i.main) refers to bluetooth.o(i.Bluetooth_Init) for Bluetooth_Init
    main.o(i.main) refers to misc.o(i.NVIC_PriorityGroupConfig) for NVIC_PriorityGroupConfig
    main.o(i.main) refers to motor_pwm.o(i.TIMx_PWMInit) for TIMx_PWMInit
    main.o(i.main) refers to motor_vel_encoder_mode.o(i.EncodeInit) for EncodeInit
    main.o(i.main) refers to main.o(i.systickInit) for systickInit
    main.o(i.main) refers to motor_vel_time_interval.o(i.TIM1_Cap_Init) for TIM1_Cap_Init
    main.o(i.main) refers to ultrasonic.o(i.TIM2_Init) for TIM2_Init
    main.o(i.main) refers to ultrasonic.o(i.TIM6_Init) for TIM6_Init
    main.o(i.main) refers to ultrasonic.o(i.Ultrasonic_Init) for Ultrasonic_Init
    main.o(i.main) refers to ccd.o(i.Adc_Init) for Adc_Init
    main.o(i.main) refers to controller.o(i.simple_controller_init) for simple_controller_init
    main.o(i.main) refers to ccd.o(i.Read_CCD) for Read_CCD
    main.o(i.main) refers to ultrasonic.o(i.Ultrasonic_Trig) for Ultrasonic_Trig
    main.o(i.main) refers to main.o(.data) for pulse
    main.o(i.systickInit) refers to main.o(i.NVIC_SetPriority) for NVIC_SetPriority
    main.o(i.systickInit) refers to system_stm32f10x.o(.data) for SystemCoreClock
    system_stm32f10x.o(i.SetSysClock) refers to system_stm32f10x.o(i.SetSysClockTo72) for SetSysClockTo72
    system_stm32f10x.o(i.SystemCoreClockUpdate) refers to system_stm32f10x.o(.data) for SystemCoreClock
    system_stm32f10x.o(i.SystemInit) refers to system_stm32f10x.o(i.SetSysClock) for SetSysClock
    motor_pwm.o(i.TIMx_PWMInit) refers to stm32f10x_rcc.o(i.RCC_APB2PeriphClockCmd) for RCC_APB2PeriphClockCmd
    motor_pwm.o(i.TIMx_PWMInit) refers to stm32f10x_gpio.o(i.GPIO_Init) for GPIO_Init
    motor_pwm.o(i.TIMx_PWMInit) refers to stm32f10x_rcc.o(i.RCC_APB1PeriphClockCmd) for RCC_APB1PeriphClockCmd
    motor_pwm.o(i.TIMx_PWMInit) refers to stm32f10x_tim.o(i.TIM_TimeBaseInit) for TIM_TimeBaseInit
    motor_pwm.o(i.TIMx_PWMInit) refers to stm32f10x_tim.o(i.TIM_OC1Init) for TIM_OC1Init
    motor_pwm.o(i.TIMx_PWMInit) refers to stm32f10x_tim.o(i.TIM_OC2Init) for TIM_OC2Init
    motor_pwm.o(i.TIMx_PWMInit) refers to stm32f10x_tim.o(i.TIM_OC3Init) for TIM_OC3Init
    motor_pwm.o(i.TIMx_PWMInit) refers to stm32f10x_tim.o(i.TIM_OC4Init) for TIM_OC4Init
    motor_pwm.o(i.TIMx_PWMInit) refers to stm32f10x_tim.o(i.TIM_OC1PreloadConfig) for TIM_OC1PreloadConfig
    motor_pwm.o(i.TIMx_PWMInit) refers to stm32f10x_tim.o(i.TIM_OC2PreloadConfig) for TIM_OC2PreloadConfig
    motor_pwm.o(i.TIMx_PWMInit) refers to stm32f10x_tim.o(i.TIM_OC3PreloadConfig) for TIM_OC3PreloadConfig
    motor_pwm.o(i.TIMx_PWMInit) refers to stm32f10x_tim.o(i.TIM_OC4PreloadConfig) for TIM_OC4PreloadConfig
    motor_pwm.o(i.TIMx_PWMInit) refers to stm32f10x_tim.o(i.TIM_ARRPreloadConfig) for TIM_ARRPreloadConfig
    motor_pwm.o(i.TIMx_PWMInit) refers to stm32f10x_tim.o(i.TIM_Cmd) for TIM_Cmd
    motor_pwm.o(i.TIMx_PWMInit) refers to stm32f10x_tim.o(i.TIM_CtrlPWMOutputs) for TIM_CtrlPWMOutputs
    motor_pwm.o(i.TIMx_PWMInit) refers to motor_pwm.o(.bss) for TIM_TimeBaseInitStructure
    motor_pwm.o(i.TIMx_PWMInit) refers to main.o(.data) for motor_pwm_period
    motor_pwm.o(i.motor_pid_controller) refers to stm32f10x_gpio.o(i.GPIO_SetBits) for GPIO_SetBits
    motor_pwm.o(i.motor_pid_controller) refers to stm32f10x_gpio.o(i.GPIO_ResetBits) for GPIO_ResetBits
    motor_pwm.o(i.motor_pid_controller) refers to stm32f10x_tim.o(i.TIM_OC1Init) for TIM_OC1Init
    motor_pwm.o(i.motor_pid_controller) refers to stm32f10x_tim.o(i.TIM_OC1PreloadConfig) for TIM_OC1PreloadConfig
    motor_pwm.o(i.motor_pid_controller) refers to stm32f10x_tim.o(i.TIM_OC2Init) for TIM_OC2Init
    motor_pwm.o(i.motor_pid_controller) refers to stm32f10x_tim.o(i.TIM_OC2PreloadConfig) for TIM_OC2PreloadConfig
    motor_pwm.o(i.motor_pid_controller) refers to stm32f10x_tim.o(i.TIM_OC3Init) for TIM_OC3Init
[...]
    Removing stm32f10x_bkp.o(i.BKP_ITConfig), (12 bytes).
    Removing stm32f10x_bkp.o(i.BKP_RTCOutputConfig), (28 bytes).
    Removing stm32f10x_bkp.o(i.BKP_ReadBackupRegister), (28 bytes).
    Removing stm32f10x_bkp.o(i.BKP_SetRTCCalibrationValue), (28 bytes).
    Removing stm32f10x_bkp.o(i.BKP_TamperPinCmd), (12 bytes).
    Removing stm32f10x_bkp.o(i.BKP_TamperPinLevelConfig), (12 bytes).
    Removing stm32f10x_bkp.o(i.BKP_WriteBackupRegister), (28 bytes).
    Removing stm32f10x_can.o(i.CAN_CancelTransmit), (48 bytes).
    Removing stm32f10x_can.o(i.CAN_ClearFlag), (56 bytes).
    Removing stm32f10x_can.o(i.CAN_ClearITPendingBit), (168 bytes).
    Removing stm32f10x_can.o(i.CAN_DBGFreeze), (22 bytes).
    Removing stm32f10x_can.o(i.CAN_DeInit), (56 bytes).
    Removing stm32f10x_can.o(i.CAN_FIFORelease), (22 bytes).
    Removing stm32f10x_can.o(i.CAN_FilterInit), (264 bytes).
    Removing stm32f10x_can.o(i.CAN_GetFlagStatus), (120 bytes).
    Removing stm32f10x_can.o(i.CAN_GetITStatus), (288 bytes).
    Removing stm32f10x_can.o(i.CAN_GetLSBTransmitErrorCounter), (12 bytes).
    Removing stm32f10x_can.o(i.CAN_GetLastErrorCode), (12 bytes).
    Removing stm32f10x_can.o(i.CAN_GetReceiveErrorCounter), (10 bytes).
    Removing stm32f10x_can.o(i.CAN_ITConfig), (18 bytes).
    Removing stm32f10x_can.o(i.CAN_Init), (276 bytes).
    Removing stm32f10x_can.o(i.CAN_MessagePending), (30 bytes).
    Removing stm32f10x_can.o(i.CAN_OperatingModeRequest), (162 bytes).
    Removing stm32f10x_can.o(i.CAN_Receive), (240 bytes).
    Removing stm32f10x_can.o(i.CAN_SlaveStartBank), (52 bytes).
    Removing stm32f10x_can.o(i.CAN_Sleep), (30 bytes).
    Removing stm32f10x_can.o(i.CAN_StructInit), (32 bytes).
    Removing stm32f10x_can.o(i.CAN_TTComModeCmd), (118 bytes).
    Removing stm32f10x_can.o(i.CAN_Transmit), (294 bytes).
    Removing stm32f10x_can.o(i.CAN_TransmitStatus), (160 bytes).
    Removing stm32f10x_can.o(i.CAN_WakeUp), (48 bytes).
    Removing stm32f10x_can.o(i.CheckITStatus), (18 bytes).
    Removing stm32f10x_cec.o(i.CEC_ClearFlag), (36 bytes).
    Removing stm32f10x_cec.o(i.CEC_ClearITPendingBit), (36 bytes).
    Removing stm32f10x_cec.o(i.CEC_Cmd), (32 bytes).
    Removing stm32f10x_cec.o(i.CEC_DeInit), (22 bytes).
    Removing stm32f10x_cec.o(i.CEC_EndOfMessageCmd), (12 bytes).
    Removing stm32f10x_cec.o(i.CEC_GetFlagStatus), (48 bytes).
    Removing stm32f10x_cec.o(i.CEC_GetITStatus), (40 bytes).
    Removing stm32f10x_cec.o(i.CEC_ITConfig), (12 bytes).
    Removing stm32f10x_cec.o(i.CEC_Init), (32 bytes).
    Removing stm32f10x_cec.o(i.CEC_OwnAddressConfig), (12 bytes).
    Removing stm32f10x_cec.o(i.CEC_ReceiveDataByte), (12 bytes).
    Removing stm32f10x_cec.o(i.CEC_SendDataByte), (12 bytes).
    Removing stm32f10x_cec.o(i.CEC_SetPrescaler), (12 bytes).
    Removing stm32f10x_cec.o(i.CEC_StartOfMessage), (12 bytes).
    Removing stm32f10x_crc.o(i.CRC_CalcBlockCRC), (36 bytes).
    Removing stm32f10x_crc.o(i.CRC_CalcCRC), (16 bytes).
    Removing stm32f10x_crc.o(i.CRC_GetCRC), (12 bytes).
    Removing stm32f10x_crc.o(i.CRC_GetIDRegister), (12 bytes).
    Removing stm32f10x_crc.o(i.CRC_ResetDR), (12 bytes).
    Removing stm32f10x_crc.o(i.CRC_SetIDRegister), (12 bytes).
    Removing stm32f10x_dac.o(i.DAC_Cmd), (40 bytes).
    Removing stm32f10x_dac.o(i.DAC_DMACmd), (44 bytes).
    Removing stm32f10x_dac.o(i.DAC_DeInit), (22 bytes).
    Removing stm32f10x_dac.o(i.DAC_DualSoftwareTriggerCmd), (36 bytes).
    Removing stm32f10x_dac.o(i.DAC_GetDataOutputValue), (36 bytes).
    Removing stm32f10x_dac.o(i.DAC_Init), (52 bytes).
    Removing stm32f10x_dac.o(i.DAC_SetChannel1Data), (32 bytes).
    Removing stm32f10x_dac.o(i.DAC_SetChannel2Data), (32 bytes).
    Removing stm32f10x_dac.o(i.DAC_SetDualChannelData), (36 bytes).
    Removing stm32f10x_dac.o(i.DAC_SoftwareTriggerCmd), (44 bytes).
    Removing stm32f10x_dac.o(i.DAC_StructInit), (12 bytes).
    Removing stm32f10x_dac.o(i.DAC_WaveGenerationCmd), (40 bytes).
    Removing stm32f10x_dbgmcu.o(i.DBGMCU_Config), (32 bytes).
    Removing stm32f10x_dbgmcu.o(i.DBGMCU_GetDEVID), (16 bytes).
    Removing stm32f10x_dbgmcu.o(i.DBGMCU_GetREVID), (12 bytes).
    Removing stm32f10x_dma.o(i.DMA_ClearFlag), (28 bytes).
    Removing stm32f10x_dma.o(i.DMA_ClearITPendingBit), (28 bytes).
    Removing stm32f10x_dma.o(i.DMA_Cmd), (24 bytes).
    Removing stm32f10x_dma.o(i.DMA_DeInit), (332 bytes).
    Removing stm32f10x_dma.o(i.DMA_GetCurrDataCounter), (8 bytes).
    Removing stm32f10x_dma.o(i.DMA_GetFlagStatus), (44 bytes).
    Removing stm32f10x_dma.o(i.DMA_GetITStatus), (44 bytes).
    Removing stm32f10x_dma.o(i.DMA_ITConfig), (18 bytes).
    Removing stm32f10x_dma.o(i.DMA_Init), (60 bytes).
    Removing stm32f10x_dma.o(i.DMA_SetCurrDataCounter), (4 bytes).
    Removing stm32f10x_dma.o(i.DMA_StructInit), (26 bytes).
    Removing stm32f10x_exti.o(i.EXTI_ClearFlag), (12 bytes).
    Removing stm32f10x_exti.o(i.EXTI_DeInit), (36 bytes).
    Removing stm32f10x_exti.o(i.EXTI_GenerateSWInterrupt), (16 bytes).
    Removing stm32f10x_exti.o(i.EXTI_GetFlagStatus), (24 bytes).
    Removing stm32f10x_exti.o(i.EXTI_StructInit), (16 bytes).
    Removing stm32f10x_flash.o(i.FLASH_ClearFlag), (12 bytes).
    Removing stm32f10x_flash.o(i.FLASH_EnableWriteProtection), (196 bytes).
    Removing stm32f10x_flash.o(i.FLASH_EraseAllBank1Pages), (72 bytes).
    Removing stm32f10x_flash.o(i.FLASH_EraseAllPages), (72 bytes).
    Removing stm32f10x_flash.o(i.FLASH_EraseOptionBytes), (168 bytes).
    Removing stm32f10x_flash.o(i.FLASH_ErasePage), (76 bytes).
    Removing stm32f10x_flash.o(i.FLASH_GetBank1Status), (52 bytes).
    Removing stm32f10x_flash.o(i.FLASH_GetFlagStatus), (48 bytes).
    Removing stm32f10x_flash.o(i.FLASH_GetPrefetchBufferStatus), (24 bytes).
    Removing stm32f10x_flash.o(i.FLASH_GetReadOutProtectionStatus), (24 bytes).
    Removing stm32f10x_flash.o(i.FLASH_GetStatus), (52 bytes).
    Removing stm32f10x_flash.o(i.FLASH_GetUserOptionByte), (12 bytes).
    Removing stm32f10x_flash.o(i.FLASH_GetWriteProtectionOptionByte), (12 bytes).
    Removing stm32f10x_flash.o(i.FLASH_HalfCycleAccessCmd), (28 bytes).
    Removing stm32f10x_flash.o(i.FLASH_ITConfig), (32 bytes).
    Removing stm32f10x_flash.o(i.FLASH_Lock), (20 bytes).
    Removing stm32f10x_flash.o(i.FLASH_LockBank1), (20 bytes).
    Removing stm32f10x_flash.o(i.FLASH_PrefetchBufferCmd), (28 bytes).
    Removing stm32f10x_flash.o(i.FLASH_ProgramHalfWord), (64 bytes).
    Removing stm32f10x_flash.o(i.FLASH_ProgramOptionByteData), (84 bytes).
    Removing stm32f10x_flash.o(i.FLASH_ProgramWord), (108 bytes).
    Removing stm32f10x_flash.o(i.FLASH_ReadOutProtection), (172 bytes).
    Removing stm32f10x_flash.o(i.FLASH_SetLatency), (24 bytes).
    Removing stm32f10x_flash.o(i.FLASH_Unlock), (24 bytes).
    Removing stm32f10x_flash.o(i.FLASH_UnlockBank1), (24 bytes).
    Removing stm32f10x_flash.o(i.FLASH_UserOptionByteConfig), (104 bytes).
    Removing stm32f10x_flash.o(i.FLASH_WaitForLastBank1Operation), (38 bytes).
    Removing stm32f10x_flash.o(i.FLASH_WaitForLastOperation), (38 bytes).
    Removing stm32f10x_fsmc.o(i.FSMC_ClearFlag), (64 bytes).
    Removing stm32f10x_fsmc.o(i.FSMC_ClearITPendingBit), (72 bytes).
    Removing stm32f10x_fsmc.o(i.FSMC_GetECC), (28 bytes).
    Removing stm32f10x_fsmc.o(i.FSMC_GetFlagStatus), (56 bytes).
    Removing stm32f10x_fsmc.o(i.FSMC_GetITStatus), (68 bytes).
    Removing stm32f10x_fsmc.o(i.FSMC_ITConfig), (128 bytes).
    Removing stm32f10x_fsmc.o(i.FSMC_NANDCmd), (92 bytes).
    Removing stm32f10x_fsmc.o(i.FSMC_NANDDeInit), (68 bytes).
    Removing stm32f10x_fsmc.o(i.FSMC_NANDECCCmd), (92 bytes).
    Removing stm32f10x_fsmc.o(i.FSMC_NANDInit), (136 bytes).
    Removing stm32f10x_fsmc.o(i.FSMC_NANDStructInit), (54 bytes).
    Removing stm32f10x_fsmc.o(i.FSMC_NORSRAMCmd), (52 bytes).
    Removing stm32f10x_fsmc.o(i.FSMC_NORSRAMDeInit), (54 bytes).
    Removing stm32f10x_fsmc.o(i.FSMC_NORSRAMInit), (230 bytes).
    Removing stm32f10x_fsmc.o(i.FSMC_NORSRAMStructInit), (114 bytes).
    Removing stm32f10x_fsmc.o(i.FSMC_PCCARDCmd), (48 bytes).
    Removing stm32f10x_fsmc.o(i.FSMC_PCCARDDeInit), (40 bytes).
    Removing stm32f10x_fsmc.o(i.FSMC_PCCARDInit), (132 bytes).
    Removing stm32f10x_fsmc.o(i.FSMC_PCCARDStructInit), (60 bytes).
    Removing stm32f10x_gpio.o(i.GPIO_AFIODeInit), (20 bytes).
    Removing stm32f10x_gpio.o(i.GPIO_DeInit), (200 bytes).
    Removing stm32f10x_gpio.o(i.GPIO_ETH_MediaInterfaceConfig), (12 bytes).
    Removing stm32f10x_gpio.o(i.GPIO_EventOutputCmd), (12 bytes).
    Removing stm32f10x_gpio.o(i.GPIO_EventOutputConfig), (32 bytes).
    Removing stm32f10x_gpio.o(i.GPIO_PinLockConfig), (18 bytes).
    Removing stm32f10x_gpio.o(i.GPIO_ReadInputData), (8 bytes).
    Removing stm32f10x_gpio.o(i.GPIO_ReadOutputData), (8 bytes).
    Removing stm32f10x_gpio.o(i.GPIO_ReadOutputDataBit), (18 bytes).
    Removing stm32f10x_gpio.o(i.GPIO_StructInit), (16 bytes).
    Removing stm32f10x_gpio.o(i.GPIO_Write), (4 bytes).
    Removing stm32f10x_i2c.o(i.I2C_ARPCmd), (24 bytes).
    Removing stm32f10x_i2c.o(i.I2C_AcknowledgeConfig), (24 bytes).
    Removing stm32f10x_i2c.o(i.I2C_CalculatePEC), (24 bytes).
    Removing stm32f10x_i2c.o(i.I2C_CheckEvent), (42 bytes).
    Removing stm32f10x_i2c.o(i.I2C_ClearFlag), (12 bytes).
    Removing stm32f10x_i2c.o(i.I2C_ClearITPendingBit), (12 bytes).
    Removing stm32f10x_i2c.o(i.I2C_Cmd), (24 bytes).
    Removing stm32f10x_i2c.o(i.I2C_DMACmd), (24 bytes).
    Removing stm32f10x_i2c.o(i.I2C_DMALastTransferCmd), (24 bytes).
    Removing stm32f10x_i2c.o(i.I2C_DeInit), (56 bytes).
    Removing stm32f10x_i2c.o(i.I2C_DualAddressCmd), (24 bytes).
    Removing stm32f10x_i2c.o(i.I2C_FastModeDutyCycleConfig), (28 bytes).
    Removing stm32f10x_i2c.o(i.I2C_GeneralCallCmd), (24 bytes).
    Removing stm32f10x_i2c.o(i.I2C_GenerateSTART), (24 bytes).
    Removing stm32f10x_i2c.o(i.I2C_GenerateSTOP), (24 bytes).
    Removing stm32f10x_i2c.o(i.I2C_GetFlagStatus), (58 bytes).
    Removing stm32f10x_i2c.o(i.I2C_GetITStatus), (38 bytes).
    Removing stm32f10x_i2c.o(i.I2C_GetLastEvent), (26 bytes).
    Removing stm32f10x_i2c.o(i.I2C_GetPEC), (8 bytes).
    Removing stm32f10x_i2c.o(i.I2C_ITConfig), (18 bytes).
    Removing stm32f10x_i2c.o(i.I2C_Init), (236 bytes).
    Removing stm32f10x_i2c.o(i.I2C_NACKPositionConfig), (28 bytes).
    Removing stm32f10x_i2c.o(i.I2C_OwnAddress2Config), (22 bytes).
    Removing stm32f10x_i2c.o(i.I2C_PECPositionConfig), (28 bytes).
    Removing stm32f10x_i2c.o(i.I2C_ReadRegister), (22 bytes).
    Removing stm32f10x_i2c.o(i.I2C_ReceiveData), (8 bytes).
    Removing stm32f10x_i2c.o(i.I2C_SMBusAlertConfig), (28 bytes).
    Removing stm32f10x_i2c.o(i.I2C_Send7bitAddress), (18 bytes).
    Removing stm32f10x_i2c.o(i.I2C_SendData), (4 bytes).
    Removing stm32f10x_i2c.o(i.I2C_SoftwareResetCmd), (22 bytes).
    Removing stm32f10x_i2c.o(i.I2C_StretchClockCmd), (24 bytes).
    Removing stm32f10x_i2c.o(i.I2C_StructInit), (30 bytes).
    Removing stm32f10x_i2c.o(i.I2C_TransmitPEC), (24 bytes).
    Removing stm32f10x_iwdg.o(i.IWDG_Enable), (16 bytes).
    Removing stm32f10x_iwdg.o(i.IWDG_GetFlagStatus), (24 bytes).
    Removing stm32f10x_iwdg.o(i.IWDG_ReloadCounter), (16 bytes).
    Removing stm32f10x_iwdg.o(i.IWDG_SetPrescaler), (12 bytes).
    Removing stm32f10x_iwdg.o(i.IWDG_SetReload), (12 bytes).
    Removing stm32f10x_iwdg.o(i.IWDG_WriteAccessCmd), (12 bytes).
    Removing stm32f10x_pwr.o(i.PWR_BackupAccessCmd), (12 bytes).
    Removing stm32f10x_pwr.o(i.PWR_ClearFlag), (20 bytes).
    Removing stm32f10x_pwr.o(i.PWR_DeInit), (22 bytes).
    Removing stm32f10x_pwr.o(i.PWR_EnterSTANDBYMode), (52 bytes).
    Removing stm32f10x_pwr.o(i.PWR_EnterSTOPMode), (64 bytes).
    Removing stm32f10x_pwr.o(i.PWR_GetFlagStatus), (24 bytes).
    Removing stm32f10x_pwr.o(i.PWR_PVDCmd), (12 bytes).
    Removing stm32f10x_pwr.o(i.PWR_PVDLevelConfig), (24 bytes).
    Removing stm32f10x_pwr.o(i.PWR_WakeUpPinCmd), (12 bytes).
    Removing stm32f10x_rcc.o(i.RCC_AHBPeriphClockCmd), (32 bytes).
    Removing stm32f10x_rcc.o(i.RCC_AdjustHSICalibrationValue), (24 bytes).
    Removing stm32f10x_rcc.o(i.RCC_BackupResetCmd), (12 bytes).
    Removing stm32f10x_rcc.o(i.RCC_ClearFlag), (20 bytes).
    Removing stm32f10x_rcc.o(i.RCC_ClearITPendingBit), (12 bytes).
    Removing stm32f10x_rcc.o(i.RCC_ClockSecuritySystemCmd), (12 bytes).
    Removing stm32f10x_rcc.o(i.RCC_DeInit), (76 bytes).
    Removing stm32f10x_rcc.o(i.RCC_GetFlagStatus), (60 bytes).
    Removing stm32f10x_rcc.o(i.RCC_GetITStatus), (24 bytes).
    Removing stm32f10x_rcc.o(i.RCC_GetSYSCLKSource), (16 bytes).
    Removing stm32f10x_rcc.o(i.RCC_HCLKConfig), (24 bytes).
    Removing stm32f10x_rcc.o(i.RCC_HSEConfig), (76 bytes).
    Removing stm32f10x_rcc.o(i.RCC_HSICmd), (12 bytes).
    Removing stm32f10x_rcc.o(i.RCC_ITConfig), (32 bytes).
    Removing stm32f10x_rcc.o(i.RCC_LSEConfig), (52 bytes).
    Removing stm32f10x_rcc.o(i.RCC_LSICmd), (12 bytes).
    Removing stm32f10x_rcc.o(i.RCC_MCOConfig), (12 bytes).
    Removing stm32f10x_rcc.o(i.RCC_PCLK1Config), (24 bytes).
    Removing stm32f10x_rcc.o(i.RCC_PCLK2Config), (24 bytes).
    Removing stm32f10x_rcc.o(i.RCC_PLLCmd), (12 bytes).
    Removing stm32f10x_rcc.o(i.RCC_PLLConfig), (28 bytes).
    Removing stm32f10x_rcc.o(i.RCC_RTCCLKCmd), (12 bytes).
    Removing stm32f10x_rcc.o(i.RCC_RTCCLKConfig), (16 bytes).
    Removing stm32f10x_rcc.o(i.RCC_SYSCLKConfig), (24 bytes).
    Removing stm32f10x_rcc.o(i.RCC_USBCLKConfig), (12 bytes).
    Removing stm32f10x_rcc.o(i.RCC_WaitForHSEStartUp), (56 bytes).
    Removing stm32f10x_rtc.o(i.RTC_ClearFlag), (16 bytes).
    Removing stm32f10x_rtc.o(i.RTC_ClearITPendingBit), (16 bytes).
    Removing stm32f10x_rtc.o(i.RTC_EnterConfigMode), (20 bytes).
    Removing stm32f10x_rtc.o(i.RTC_ExitConfigMode), (20 bytes).
    Removing stm32f10x_rtc.o(i.RTC_GetCounter), (20 bytes).
    Removing stm32f10x_rtc.o(i.RTC_GetDivider), (24 bytes).
    Removing stm32f10x_rtc.o(i.RTC_GetFlagStatus), (24 bytes).
    Removing stm32f10x_rtc.o(i.RTC_GetITStatus), (36 bytes).
    Removing stm32f10x_rtc.o(i.RTC_ITConfig), (32 bytes).
    Removing stm32f10x_rtc.o(i.RTC_SetAlarm), (28 bytes).
    Removing stm32f10x_rtc.o(i.RTC_SetCounter), (28 bytes).
    Removing stm32f10x_rtc.o(i.RTC_SetPrescaler), (32 bytes).
    Removing stm32f10x_rtc.o(i.RTC_WaitForLastTask), (20 bytes).
    Removing stm32f10x_rtc.o(i.RTC_WaitForSynchro), (36 bytes).
    Removing stm32f10x_sdio.o(i.SDIO_CEATAITCmd), (16 bytes).
    Removing stm32f10x_sdio.o(i.SDIO_ClearFlag), (12 bytes).
    Removing stm32f10x_sdio.o(i.SDIO_ClearITPendingBit), (12 bytes).
    Removing stm32f10x_sdio.o(i.SDIO_ClockCmd), (12 bytes).
    Removing stm32f10x_sdio.o(i.SDIO_CmdStructInit), (14 bytes).
    Removing stm32f10x_sdio.o(i.SDIO_CommandCompletionCmd), (12 bytes).
    Removing stm32f10x_sdio.o(i.SDIO_DMACmd), (12 bytes).
    Removing stm32f10x_sdio.o(i.SDIO_DataConfig), (48 bytes).
    Removing stm32f10x_sdio.o(i.SDIO_DataStructInit), (20 bytes).
    Removing stm32f10x_sdio.o(i.SDIO_DeInit), (36 bytes).
    Removing stm32f10x_sdio.o(i.SDIO_GetCommandResponse), (12 bytes).
    Removing stm32f10x_sdio.o(i.SDIO_GetDataCounter), (12 bytes).
    Removing stm32f10x_sdio.o(i.SDIO_GetFIFOCount), (12 bytes).
    Removing stm32f10x_sdio.o(i.SDIO_GetFlagStatus), (24 bytes).
    Removing stm32f10x_sdio.o(i.SDIO_GetITStatus), (24 bytes).
    Removing stm32f10x_sdio.o(i.SDIO_GetPowerState), (16 bytes).
    Removing stm32f10x_sdio.o(i.SDIO_GetResponse), (24 bytes).
    Removing stm32f10x_sdio.o(i.SDIO_ITConfig), (32 bytes).
    Removing stm32f10x_sdio.o(i.SDIO_Init), (48 bytes).
    Removing stm32f10x_sdio.o(i.SDIO_ReadData), (12 bytes).
    Removing stm32f10x_sdio.o(i.SDIO_SendCEATACmd), (12 bytes).
    Removing stm32f10x_sdio.o(i.SDIO_SendCommand), (44 bytes).
    Removing stm32f10x_sdio.o(i.SDIO_SendSDIOSuspendCmd), (12 bytes).
    Removing stm32f10x_sdio.o(i.SDIO_SetPowerState), (28 bytes).
    Removing stm32f10x_sdio.o(i.SDIO_SetSDIOOperation), (12 bytes).
    Removing stm32f10x_sdio.o(i.SDIO_SetSDIOReadWaitMode), (12 bytes).
    Removing stm32f10x_sdio.o(i.SDIO_StartSDIOReadWait), (12 bytes).
    Removing stm32f10x_sdio.o(i.SDIO_StopSDIOReadWait), (12 bytes).
    Removing stm32f10x_sdio.o(i.SDIO_StructInit), (16 bytes).
    Removing stm32f10x_sdio.o(i.SDIO_WriteData), (12 bytes).
    Removing stm32f10x_spi.o(i.I2S_Cmd), (24 bytes).
    Removing stm32f10x_spi.o(i.I2S_Init), (232 bytes).
    Removing stm32f10x_spi.o(i.I2S_StructInit), (20 bytes).
    Removing stm32f10x_spi.o(i.SPI_BiDirectionalLineConfig), (28 bytes).
    Removing stm32f10x_spi.o(i.SPI_CalculateCRC), (24 bytes).
    Removing stm32f10x_spi.o(i.SPI_Cmd), (24 bytes).
    Removing stm32f10x_spi.o(i.SPI_DataSizeConfig), (18 bytes).
    Removing stm32f10x_spi.o(i.SPI_GetCRC), (16 bytes).
    Removing stm32f10x_spi.o(i.SPI_GetCRCPolynomial), (6 bytes).
    Removing stm32f10x_spi.o(i.SPI_I2S_ClearFlag), (6 bytes).
    Removing stm32f10x_spi.o(i.SPI_I2S_ClearITPendingBit), (20 bytes).
    Removing stm32f10x_spi.o(i.SPI_I2S_DMACmd), (18 bytes).
    Removing stm32f10x_spi.o(i.SPI_I2S_DeInit), (88 bytes).
    Removing stm32f10x_spi.o(i.SPI_I2S_GetFlagStatus), (18 bytes).
    Removing stm32f10x_spi.o(i.SPI_I2S_GetITStatus), (52 bytes).
    Removing stm32f10x_spi.o(i.SPI_I2S_ITConfig), (32 bytes).
    Removing stm32f10x_spi.o(i.SPI_I2S_ReceiveData), (6 bytes).
    Removing stm32f10x_spi.o(i.SPI_I2S_SendData), (4 bytes).
    Removing stm32f10x_spi.o(i.SPI_Init), (60 bytes).
    Removing stm32f10x_spi.o(i.SPI_NSSInternalSoftwareConfig), (30 bytes).
    Removing stm32f10x_spi.o(i.SPI_SSOutputCmd), (24 bytes).
    Removing stm32f10x_spi.o(i.SPI_StructInit), (24 bytes).
    Removing stm32f10x_spi.o(i.SPI_TransmitCRC), (10 bytes).
    Removing stm32f10x_tim.o(i.TIM_BDTRConfig), (32 bytes).
    Removing stm32f10x_tim.o(i.TIM_BDTRStructInit), (18 bytes).
    Removing stm32f10x_tim.o(i.TIM_CCPreloadControl), (24 bytes).
    Removing stm32f10x_tim.o(i.TIM_CCxCmd), (30 bytes).
    Removing stm32f10x_tim.o(i.TIM_CCxNCmd), (30 bytes).
    Removing stm32f10x_tim.o(i.TIM_ClearOC1Ref), (18 bytes).
    Removing stm32f10x_tim.o(i.TIM_ClearOC2Ref), (24 bytes).
    Removing stm32f10x_tim.o(i.TIM_ClearOC3Ref), (18 bytes).
    Removing stm32f10x_tim.o(i.TIM_ClearOC4Ref), (24 bytes).
    Removing stm32f10x_tim.o(i.TIM_CounterModeConfig), (18 bytes).
    Removing stm32f10x_tim.o(i.TIM_DMACmd), (18 bytes).
    Removing stm32f10x_tim.o(i.TIM_DMAConfig), (10 bytes).
    Removing stm32f10x_tim.o(i.TIM_ETRClockMode1Config), (54 bytes).
    Removing stm32f10x_tim.o(i.TIM_ETRClockMode2Config), (32 bytes).
    Removing stm32f10x_tim.o(i.TIM_ETRConfig), (28 bytes).
    Removing stm32f10x_tim.o(i.TIM_ForcedOC1Config), (18 bytes).
    Removing stm32f10x_tim.o(i.TIM_ForcedOC2Config), (26 bytes).
    Removing stm32f10x_tim.o(i.TIM_ForcedOC3Config), (18 bytes).
    Removing stm32f10x_tim.o(i.TIM_ForcedOC4Config), (26 bytes).
    Removing stm32f10x_tim.o(i.TIM_GenerateEvent), (4 bytes).
    Removing stm32f10x_tim.o(i.TIM_GetCapture2), (6 bytes).
    Removing stm32f10x_tim.o(i.TIM_GetCapture3), (6 bytes).
    Removing stm32f10x_tim.o(i.TIM_GetCounter), (6 bytes).
    Removing stm32f10x_tim.o(i.TIM_GetFlagStatus), (18 bytes).
    Removing stm32f10x_tim.o(i.TIM_GetPrescaler), (6 bytes).
    Removing stm32f10x_tim.o(i.TIM_ITRxExternalClockConfig), (24 bytes).
    Removing stm32f10x_tim.o(i.TIM_InternalClockConfig), (12 bytes).
    Removing stm32f10x_tim.o(i.TIM_OC1FastConfig), (18 bytes).
    Removing stm32f10x_tim.o(i.TIM_OC1NPolarityConfig), (18 bytes).
    Removing stm32f10x_tim.o(i.TIM_OC1PolarityConfig), (18 bytes).
    Removing stm32f10x_tim.o(i.TIM_OC2FastConfig), (26 bytes).
    Removing stm32f10x_tim.o(i.TIM_OC2NPolarityConfig), (26 bytes).
    Removing stm32f10x_tim.o(i.TIM_OC2PolarityConfig), (26 bytes).
    Removing stm32f10x_tim.o(i.TIM_OC3FastConfig), (18 bytes).
    Removing stm32f10x_tim.o(i.TIM_OC3NPolarityConfig), (26 bytes).
    Removing stm32f10x_tim.o(i.TIM_OC3PolarityConfig), (26 bytes).
    Removing stm32f10x_tim.o(i.TIM_OC4FastConfig), (26 bytes).
    Removing stm32f10x_tim.o(i.TIM_OC4PolarityConfig), (26 bytes).
    Removing stm32f10x_tim.o(i.TIM_OCStructInit), (20 bytes).
    Removing stm32f10x_tim.o(i.TIM_PWMIConfig), (124 bytes).
    Removing stm32f10x_tim.o(i.TIM_PrescalerConfig), (6 bytes).
    Removing stm32f10x_tim.o(i.TIM_SelectCCDMA), (24 bytes).
    Removing stm32f10x_tim.o(i.TIM_SelectCOM), (24 bytes).
    Removing stm32f10x_tim.o(i.TIM_SelectHallSensor), (24 bytes).
    Removing stm32f10x_tim.o(i.TIM_SelectInputTrigger), (18 bytes).
    Removing stm32f10x_tim.o(i.TIM_SelectMasterSlaveMode), (18 bytes).
    Removing stm32f10x_tim.o(i.TIM_SelectOCxM), (82 bytes).
    Removing stm32f10x_tim.o(i.TIM_SelectOnePulseMode), (18 bytes).
    Removing stm32f10x_tim.o(i.TIM_SelectOutputTrigger), (18 bytes).
    Removing stm32f10x_tim.o(i.TIM_SelectSlaveMode), (18 bytes).
    Removing stm32f10x_tim.o(i.TIM_SetAutoreload), (4 bytes).
    Removing stm32f10x_tim.o(i.TIM_SetClockDivision), (18 bytes).
    Removing stm32f10x_tim.o(i.TIM_SetCompare1), (4 bytes).
    Removing stm32f10x_tim.o(i.TIM_SetCompare2), (4 bytes).
    Removing stm32f10x_tim.o(i.TIM_SetCompare3), (4 bytes).
    Removing stm32f10x_tim.o(i.TIM_SetCompare4), (6 bytes).
    Removing stm32f10x_tim.o(i.TIM_TIxExternalClockConfig), (62 bytes).
    Removing stm32f10x_tim.o(i.TIM_TimeBaseStructInit), (18 bytes).
    Removing stm32f10x_tim.o(i.TIM_UpdateDisableConfig), (24 bytes).
    Removing stm32f10x_tim.o(i.TIM_UpdateRequestConfig), (24 bytes).
    Removing stm32f10x_usart.o(i.USART_ClearFlag), (18 bytes).
    Removing stm32f10x_usart.o(i.USART_ClearITPendingBit), (30 bytes).
    Removing stm32f10x_usart.o(i.USART_ClockInit), (34 bytes).
    Removing stm32f10x_usart.o(i.USART_ClockStructInit), (12 bytes).
    Removing stm32f10x_usart.o(i.USART_DMACmd), (18 bytes).
    Removing stm32f10x_usart.o(i.USART_DeInit), (156 bytes).
    Removing stm32f10x_usart.o(i.USART_GetFlagStatus), (26 bytes).
    Removing stm32f10x_usart.o(i.USART_HalfDuplexCmd), (24 bytes).
    Removing stm32f10x_usart.o(i.USART_IrDACmd), (24 bytes).
    Removing stm32f10x_usart.o(i.USART_IrDAConfig), (18 bytes).
    Removing stm32f10x_usart.o(i.USART_LINBreakDetectLengthConfig), (18 bytes).
    Removing stm32f10x_usart.o(i.USART_LINCmd), (24 bytes).
    Removing stm32f10x_usart.o(i.USART_OneBitMethodCmd), (24 bytes).
    Removing stm32f10x_usart.o(i.USART_OverSampling8Cmd), (22 bytes).
    Removing stm32f10x_usart.o(i.USART_ReceiverWakeUpCmd), (24 bytes).
    Removing stm32f10x_usart.o(i.USART_SendBreak), (10 bytes).
    Removing stm32f10x_usart.o(i.USART_SendData), (8 bytes).
    Removing stm32f10x_usart.o(i.USART_SetAddress), (18 bytes).
    Removing stm32f10x_usart.o(i.USART_SetGuardTime), (16 bytes).
    Removing stm32f10x_usart.o(i.USART_SetPrescaler), (16 bytes).
    Removing stm32f10x_usart.o(i.USART_SmartCardCmd), (24 bytes).
    Removing stm32f10x_usart.o(i.USART_SmartCardNACKCmd), (24 bytes).
    Removing stm32f10x_usart.o(i.USART_StructInit), (24 bytes).
    Removing stm32f10x_usart.o(i.USART_WakeUpConfig), (18 bytes).
    Removing stm32f10x_wwdg.o(i.WWDG_ClearFlag), (12 bytes).
    Removing stm32f10x_wwdg.o(i.WWDG_DeInit), (22 bytes).
    Removing stm32f10x_wwdg.o(i.WWDG_Enable), (16 bytes).
    Removing stm32f10x_wwdg.o(i.WWDG_EnableIT), (12 bytes).
    Removing stm32f10x_wwdg.o(i.WWDG_GetFlagStatus), (12 bytes).
    Removing stm32f10x_wwdg.o(i.WWDG_SetCounter), (16 bytes).
    Removing stm32f10x_wwdg.o(i.WWDG_SetPrescaler), (24 bytes).
    Removing stm32f10x_wwdg.o(i.WWDG_SetWindowValue), (40 bytes).

416 unused section(s) (total 15787 bytes) removed from the image.

==============================================================================

Image Symbol Table

    Local Symbols

    Symbol Name                              Value     Ov Type        Size  Object(Section)

    ../clib/../cmprslib/zerorunl2.c          0x00000000   Number         0  __dczerorl2.o ABSOLUTE
    ../clib/microlib/init/entry.s            0x00000000   Number         0  entry7b.o ABSOLUTE
    ../clib/microlib/init/entry.s            0x00000000   Number         0  entry10a.o ABSOLUTE
    ../clib/microlib/init/entry.s            0x00000000   Number         0  entry9b.o ABSOLUTE
    ../clib/microlib/init/entry.s            0x00000000   Number         0  entry9a.o ABSOLUTE
    ../clib/microlib/init/entry.s            0x00000000   Number         0  entry8b.o ABSOLUTE
    ../clib/microlib/init/entry.s            0x00000000   Number         0  entry8a.o ABSOLUTE
    ../clib/microlib/init/entry.s            0x00000000   Number         0  entry10b.o ABSOLUTE
    ../clib/microlib/init/entry.s            0x00000000   Number         0  entry.o ABSOLUTE
    ../clib/microlib/init/entry.s            0x00000000   Number         0  entry11a.o ABSOLUTE
    ../clib/microlib/init/entry.s            0x00000000   Number         0  entry7a.o ABSOLUTE
    ../clib/microlib/init/entry.s            0x00000000   Number         0  entry11b.o ABSOLUTE
    ../clib/microlib/init/entry.s            0x00000000   Number         0  entry5.o ABSOLUTE
    ../clib/microlib/init/entry.s            0x00000000   Number         0  entry2.o ABSOLUTE
    ..\CORE\core_cm3.c                       0x00000000   Number         0  core_cm3.o ABSOLUTE
    ..\CORE\startup_stm32f10x_hd.s           0x00000000   Number         0  startup_stm32f10x_hd.o ABSOLUTE
    ..\STM32F10x_FWLib\src\misc.c            0x00000000   Number         0  misc.o ABSOLUTE
    ..\STM32F10x_FWLib\src\stm32f10x_adc.c   0x00000000   Number         0  stm32f10x_adc.o ABSOLUTE
    ..\STM32F10x_FWLib\src\stm32f10x_bkp.c   0x00000000   Number         0  stm32f10x_bkp.o ABSOLUTE
    ..\STM32F10x_FWLib\src\stm32f10x_can.c   0x00000000   Number         0  stm32f10x_can.o ABSOLUTE
    ..\STM32F10x_FWLib\src\stm32f10x_cec.c   0x00000000   Number         0  stm32f10x_cec.o ABSOLUTE
    ..\STM32F10x_FWLib\src\stm32f10x_crc.c   0x00000000   Number         0  stm32f10x_crc.o ABSOLUTE
    ..\STM32F10x_FWLib\src\stm32f10x_dac.c   0x00000000   Number         0  stm32f10x_dac.o ABSOLUTE
    ..\STM32F10x_FWLib\src\stm32f10x_dbgmcu.c 0x00000000   Number         0  stm32f10x_dbgmcu.o ABSOLUTE
    ..\STM32F10x_FWLib\src\stm32f10x_dma.c   0x00000000   Number         0  stm32f10x_dma.o ABSOLUTE
    ..\STM32F10x_FWLib\src\stm32f10x_exti.c  0x00000000   Number         0  stm32f10x_exti.o ABSOLUTE
    ..\STM32F10x_FWLib\src\stm32f10x_flash.c 0x00000000   Number         0  stm32f10x_flash.o ABSOLUTE
    ..\STM32F10x_FWLib\src\stm32f10x_fsmc.c  0x00000000   Number         0  stm32f10x_fsmc.o ABSOLUTE
    ..\STM32F10x_FWLib\src\stm32f10x_gpio.c  0x00000000   Number         0  stm32f10x_gpio.o ABSOLUTE
    ..\STM32F10x_FWLib\src\stm32f10x_i2c.c   0x00000000   Number         0  stm32f10x_i2c.o ABSOLUTE
    ..\STM32F10x_FWLib\src\stm32f10x_iwdg.c  0x00000000   Number         0  stm32f10x_iwdg.o ABSOLUTE
    ..\STM32F10x_FWLib\src\stm32f10x_pwr.c   0x00000000   Number         0  stm32f10x_pwr.o ABSOLUTE
    ..\STM32F10x_FWLib\src\stm32f10x_rcc.c   0x00000000   Number         0  stm32f10x_rcc.o ABSOLUTE
    ..\STM32F10x_FWLib\src\stm32f10x_rtc.c   0x00000000   Number         0  stm32f10x_rtc.o ABSOLUTE
    ..\STM32F10x_FWLib\src\stm32f10x_sdio.c  0x00000000   Number         0  stm32f10x_sdio.o ABSOLUTE
    ..\STM32F10x_FWLib\src\stm32f10x_spi.c   0x00000000   Number         0  stm32f10x_spi.o ABSOLUTE
    ..\STM32F10x_FWLib\src\stm32f10x_tim.c   0x00000000   Number         0  stm32f10x_tim.o ABSOLUTE
    ..\STM32F10x_FWLib\src\stm32f10x_usart.c 0x00000000   Number         0  stm32f10x_usart.o ABSOLUTE
    ..\STM32F10x_FWLib\src\stm32f10x_wwdg.c  0x00000000   Number         0  stm32f10x_wwdg.o ABSOLUTE
    ..\\CORE\\core_cm3.c                     0x00000000   Number         0  core_cm3.o ABSOLUTE
    Bluetooth.c                              0x00000000   Number         0  bluetooth.o ABSOLUTE
    ccd.c                                    0x00000000   Number         0  ccd.o ABSOLUTE
    controller.c                             0x00000000   Number         0  controller.o ABSOLUTE
    dc.s                                     0x00000000   Number         0  dc.o ABSOLUTE
    delay.c                                  0x00000000   Number         0  delay.o ABSOLUTE
    handlers.s                               0x00000000   Number         0  handlers.o ABSOLUTE
    init.s                                   0x00000000   Number         0  init.o ABSOLUTE
    led.c                                    0x00000000   Number         0  led.o ABSOLUTE
    main.c                                   0x00000000   Number         0  main.o ABSOLUTE
    motor_pwm.c                              0x00000000   Number         0  motor_pwm.o ABSOLUTE
    motor_vel_encoder_mode.c                 0x00000000   Number         0  motor_vel_encoder_mode.o ABSOLUTE
    motor_vel_time_interval.c                0x00000000   Number         0  motor_vel_time_interval.o ABSOLUTE
    retarget.c                               0x00000000   Number         0  retarget.o ABSOLUTE
    stm32f10x_it.c                           0x00000000   Number         0  stm32f10x_it.o ABSOLUTE
    system_stm32f10x.c                       0x00000000   Number         0  system_stm32f10x.o ABSOLUTE
    ultrasonic.c                             0x00000000   Number         0  ultrasonic.o ABSOLUTE
    RESET                                    0x08000000   Section      304  startup_stm32f10x_hd.o(RESET)
    .ARM.Collect$$$$00000000                 0x08000130   Section        0  entry.o(.ARM.Collect$$$$00000000)
    .ARM.Collect$$$$00000001                 0x08000130   Section        4  entry2.o(.ARM.Collect$$$$00000001)
    .ARM.Collect$$$$00000004                 0x08000134   Section        4  entry5.o(.ARM.Collect$$$$00000004)
    .ARM.Collect$$$$00000008                 0x08000138   Section        0  entry7b.o(.ARM.Collect$$$$00000008)
    .ARM.Collect$$$$0000000A                 0x08000138   Section        0  entry8b.o(.ARM.Collect$$$$0000000A)
    .ARM.Collect$$$$0000000B                 0x08000138   Section        8  entry9a.o(.ARM.Collect$$$$0000000B)
    .ARM.Collect$$$$0000000D                 0x08000140   Section        0  entry10a.o(.ARM.Collect$$$$0000000D)
    .ARM.Collect$$$$0000000F                 0x08000140   Section        0  entry11a.o(.ARM.Collect$$$$0000000F)
    .ARM.Collect$$$$00002712                 0x08000140   Section        4  entry2.o(.ARM.Collect$$$$00002712)
    __lit__00000000                          0x08000140   Data           4  entry2.o(.ARM.Collect$$$$00002712)
    .text                                    0x08000144   Section       36  startup_stm32f10x_hd.o(.text)
    .text                                    0x08000168   Section       36  init.o(.text)
    .text                                    0x0800018c   Section        0  __dczerorl2.o(.text)
    i.ADC_Cmd                                0x080001e2   Section        0  stm32f10x_adc.o(i.ADC_Cmd)
    i.ADC_DeInit                             0x080001f8   Section        0  stm32f10x_adc.o(i.ADC_DeInit)
    i.ADC_GetCalibrationStatus               0x08000254   Section        0  stm32f10x_adc.o(i.ADC_GetCalibrationStatus)
    i.ADC_GetConversionValue                 0x08000268   Section        0  stm32f10x_adc.o(i.ADC_GetConversionValue)
    i.ADC_GetFlagStatus                      0x08000270   Section        0  stm32f10x_adc.o(i.ADC_GetFlagStatus)
    i.ADC_GetResetCalibrationStatus          0x08000282   Section        0  stm32f10x_adc.o(i.ADC_GetResetCalibrationStatus)
    i.ADC_Init                               0x08000298   Section        0  stm32f10x_adc.o(i.ADC_Init)
    i.ADC_RegularChannelConfig               0x080002e8   Section        0  stm32f10x_adc.o(i.ADC_RegularChannelConfig)
    i.ADC_ResetCalibration                   0x080003a0   Section        0  stm32f10x_adc.o(i.ADC_ResetCalibration)
    i.ADC_SoftwareStartConvCmd               0x080003aa   Section        0  stm32f10x_adc.o(i.ADC_SoftwareStartConvCmd)
    i.ADC_StartCalibration                   0x080003c0   Section        0  stm32f10x_adc.o(i.ADC_StartCalibration)
    i.Adc_Init                               0x080003cc   Section        0  ccd.o(i.Adc_Init)
    i.BluetoothControl                       0x08000480   Section        0  bluetooth.o(i.BluetoothControl)
    i.Bluetooth_Init                         0x08000524   Section        0  bluetooth.o(i.Bluetooth_Init)
    i.BusFault_Handler                       0x080005e4   Section        0  stm32f10x_it.o(i.BusFault_Handler)
    i.DebugMon_Handler                       0x080005e8   Section        0  stm32f10x_it.o(i.DebugMon_Handler)
    i.EXTI1_IRQHandler                       0x080005ec   Section        0  ultrasonic.o(i.EXTI1_IRQHandler)
    i.EXTI3_IRQHandler                       0x08000670   Section        0  ultrasonic.o(i.EXTI3_IRQHandler)
    i.EXTI_ClearITPendingBit                 0x080006fc   Section        0  stm32f10x_exti.o(i.EXTI_ClearITPendingBit)
    i.EXTI_GetITStatus                       0x08000708   Section        0  stm32f10x_exti.o(i.EXTI_GetITStatus)
    i.EXTI_Init                              0x08000730   Section        0  stm32f10x_exti.o(i.EXTI_Init)
    i.EncodeInit                             0x080007c4   Section        0  motor_vel_encoder_mode.o(i.EncodeInit)
    i.GPIO_EXTILineConfig                    0x080008e8   Section        0  stm32f10x_gpio.o(i.GPIO_EXTILineConfig)
    i.GPIO_Init                              0x08000928   Section        0  stm32f10x_gpio.o(i.GPIO_Init)
    i.GPIO_PinRemapConfig                    0x08000a40   Section        0  stm32f10x_gpio.o(i.GPIO_PinRemapConfig)
    i.GPIO_ReadInputDataBit                  0x08000ad0   Section        0  stm32f10x_gpio.o(i.GPIO_ReadInputDataBit)
    i.GPIO_ResetBits                         0x08000ae2   Section        0  stm32f10x_gpio.o(i.GPIO_ResetBits)
    i.GPIO_SetBits                           0x08000ae6   Section        0  stm32f10x_gpio.o(i.GPIO_SetBits)
    i.GPIO_WriteBit                          0x08000aea   Section        0  stm32f10x_gpio.o(i.GPIO_WriteBit)
    i.GetMid                                 0x08000af4   Section        0  ccd.o(i.GetMid)
    i.Get_Adc                                0x08000b1c   Section        0  ccd.o(i.Get_Adc)
    i.HardFault_Handler                      0x08000b50   Section        0  stm32f10x_it.o(i.HardFault_Handler)
    i.LED_Init                               0x08000b54   Section        0  led.o(i.LED_Init)
    i.MedianFilter                           0x08000ba4   Section        0  ccd.o(i.MedianFilter)
    i.MemManage_Handler                      0x08000c0c   Section        0  stm32f10x_it.o(i.MemManage_Handler)
    i.NMI_Handler                            0x08000c10   Section        0  stm32f10x_it.o(i.NMI_Handler)
    i.NVIC_Init                              0x08000c14   Section        0  misc.o(i.NVIC_Init)
    i.NVIC_PriorityGroupConfig               0x08000c84   Section        0  misc.o(i.NVIC_PriorityGroupConfig)
    i.NVIC_SetPriority                       0x08000c98   Section        0  main.o(i.NVIC_SetPriority)
    NVIC_SetPriority                         0x08000c99   Thumb Code    32  main.o(i.NVIC_SetPriority)
    i.PendSV_Handler                         0x08000cc0   Section        0  stm32f10x_it.o(i.PendSV_Handler)
    i.RCC_ADCCLKConfig                       0x08000cc4   Section        0  stm32f10x_rcc.o(i.RCC_ADCCLKConfig)
    i.RCC_APB1PeriphClockCmd                 0x08000cdc   Section        0  stm32f10x_rcc.o(i.RCC_APB1PeriphClockCmd)
    i.RCC_APB1PeriphResetCmd                 0x08000cfc   Section        0  stm32f10x_rcc.o(i.RCC_APB1PeriphResetCmd)
    i.RCC_APB2PeriphClockCmd                 0x08000d1c   Section        0  stm32f10x_rcc.o(i.RCC_APB2PeriphClockCmd)
    i.RCC_APB2PeriphResetCmd                 0x08000d3c   Section        0  stm32f10x_rcc.o(i.RCC_APB2PeriphResetCmd)
    i.RCC_GetClocksFreq                      0x08000d5c   Section        0  stm32f10x_rcc.o(i.RCC_GetClocksFreq)
    i.Read_CCD                               0x08000e30   Section        0  ccd.o(i.Read_CCD)
    i.SVC_Handler                            0x08000ebc   Section        0  stm32f10x_it.o(i.SVC_Handler)
    i.SearchLine                             0x08000ec0   Section        0  ccd.o(i.SearchLine)
    i.SelectThreshold                        0x08001060   Section        0  ccd.o(i.SelectThreshold)
    i.SetSysClock                            0x08001120   Section        0  system_stm32f10x.o(i.SetSysClock)
    SetSysClock                              0x08001121   Thumb Code     8  system_stm32f10x.o(i.SetSysClock)
    i.SetSysClockTo72                        0x08001128   Section        0  system_stm32f10x.o(i.SetSysClockTo72)
    SetSysClockTo72                          0x08001129   Thumb Code   214  system_stm32f10x.o(i.SetSysClockTo72)
    i.SysTick_Handler                        0x08001208   Section        0  main.o(i.SysTick_Handler)
    i.SystemInit                             0x08001434   Section        0  system_stm32f10x.o(i.SystemInit)
    i.TI1_Config                             0x08001494   Section        0  stm32f10x_tim.o(i.TI1_Config)
    TI1_Config                               0x08001495   Thumb Code   108  stm32f10x_tim.o(i.TI1_Config)
    i.TI2_Config                             0x08001514   Section        0  stm32f10x_tim.o(i.TI2_Config)
    TI2_Config                               0x08001515   Thumb Code   130  stm32f10x_tim.o(i.TI2_Config)
    i.TI3_Config                             0x080015ac   Section        0  stm32f10x_tim.o(i.TI3_Config)
    TI3_Config                               0x080015ad   Thumb Code   122  stm32f10x_tim.o(i.TI3_Config)
    i.TI4_Config                             0x0800163c   Section        0  stm32f10x_tim.o(i.TI4_Config)
    TI4_Config                               0x0800163d   Thumb Code   130  stm32f10x_tim.o(i.TI4_Config)
    i.TIM1_CC_IRQHandler                     0x080016d4   Section        0  motor_vel_time_interval.o(i.TIM1_CC_IRQHandler)
    i.TIM1_Cap_Init                          0x0800189c   Section        0  motor_vel_time_interval.o(i.TIM1_Cap_Init)
    i.TIM1_UP_IRQHandler                     0x080019a8   Section        0  motor_vel_time_interval.o(i.TIM1_UP_IRQHandler)
    i.TIM2_IRQHandler                        0x08001a20   Section        0  ultrasonic.o(i.TIM2_IRQHandler)
    i.TIM2_Init                              0x08001a38   Section        0  ultrasonic.o(i.TIM2_Init)
    i.TIM6_IRQHandler                        0x08001aa8   Section        0  ultrasonic.o(i.TIM6_IRQHandler)
    i.TIM6_Init                              0x08001ac4   Section        0  ultrasonic.o(i.TIM6_Init)
    i.TIM_ARRPreloadConfig                   0x08001b30   Section        0  stm32f10x_tim.o(i.TIM_ARRPreloadConfig)
    i.TIM_ClearFlag                          0x08001b48   Section        0  stm32f10x_tim.o(i.TIM_ClearFlag)
    i.TIM_ClearITPendingBit                  0x08001b4e   Section        0  stm32f10x_tim.o(i.TIM_ClearITPendingBit)
    i.TIM_Cmd                                0x08001b54   Section        0  stm32f10x_tim.o(i.TIM_Cmd)
    i.TIM_CtrlPWMOutputs                     0x08001b6c   Section        0  stm32f10x_tim.o(i.TIM_CtrlPWMOutputs)
    i.TIM_DeInit                             0x08001b8c   Section        0  stm32f10x_tim.o(i.TIM_DeInit)
    i.TIM_EncoderInterfaceConfig             0x08001d74   Section        0  stm32f10x_tim.o(i.TIM_EncoderInterfaceConfig)
    i.TIM_GetCapture1                        0x08001db6   Section        0  stm32f10x_tim.o(i.TIM_GetCapture1)
    i.TIM_GetCapture4                        0x08001dbc   Section        0  stm32f10x_tim.o(i.TIM_GetCapture4)
    i.TIM_GetITStatus                        0x08001dc4   Section        0  stm32f10x_tim.o(i.TIM_GetITStatus)
    i.TIM_ICInit                             0x08001de8   Section        0  stm32f10x_tim.o(i.TIM_ICInit)
    i.TIM_ICStructInit                       0x08001e94   Section        0  stm32f10x_tim.o(i.TIM_ICStructInit)
    i.TIM_ITConfig                           0x08001ea6   Section        0  stm32f10x_tim.o(i.TIM_ITConfig)
    i.TIM_OC1Init                            0x08001eb8   Section        0  stm32f10x_tim.o(i.TIM_OC1Init)
    i.TIM_OC1PreloadConfig                   0x08001f50   Section        0  stm32f10x_tim.o(i.TIM_OC1PreloadConfig)
    i.TIM_OC2Init                            0x08001f64   Section        0  stm32f10x_tim.o(i.TIM_OC2Init)
    i.TIM_OC2PreloadConfig                   0x08002008   Section        0  stm32f10x_tim.o(i.TIM_OC2PreloadConfig)
    i.TIM_OC3Init                            0x08002024   Section        0  stm32f10x_tim.o(i.TIM_OC3Init)
    i.TIM_OC3PreloadConfig                   0x080020c4   Section        0  stm32f10x_tim.o(i.TIM_OC3PreloadConfig)
    i.TIM_OC4Init                            0x080020d8   Section        0  stm32f10x_tim.o(i.TIM_OC4Init)
    i.TIM_OC4PreloadConfig                   0x08002154   Section        0  stm32f10x_tim.o(i.TIM_OC4PreloadConfig)
    i.TIM_SetCounter                         0x0800216e   Section        0  stm32f10x_tim.o(i.TIM_SetCounter)
    i.TIM_SetIC1Prescaler                    0x08002172   Section        0  stm32f10x_tim.o(i.TIM_SetIC1Prescaler)
    i.TIM_SetIC2Prescaler                    0x08002184   Section        0  stm32f10x_tim.o(i.TIM_SetIC2Prescaler)
    i.TIM_SetIC3Prescaler                    0x0800219e   Section        0  stm32f10x_tim.o(i.TIM_SetIC3Prescaler)
    i.TIM_SetIC4Prescaler                    0x080021b0   Section        0  stm32f10x_tim.o(i.TIM_SetIC4Prescaler)
    i.TIM_TimeBaseInit                       0x080021cc   Section        0  stm32f10x_tim.o(i.TIM_TimeBaseInit)
    i.TIMx_PWMInit                           0x08002270   Section        0  motor_pwm.o(i.TIMx_PWMInit)
    i.USART3_IRQHandler                      0x0800235c   Section        0  bluetooth.o(i.USART3_IRQHandler)
    i.USART_Cmd                              0x08002384   Section        0  stm32f10x_usart.o(i.USART_Cmd)
    i.USART_GetITStatus                      0x0800239c   Section        0  stm32f10x_usart.o(i.USART_GetITStatus)
    i.USART_ITConfig                         0x080023f0   Section        0  stm32f10x_usart.o(i.USART_ITConfig)
    i.USART_Init                             0x0800243c   Section        0  stm32f10x_usart.o(i.USART_Init)
    i.USART_ReceiveData                      0x08002514   Section        0  stm32f10x_usart.o(i.USART_ReceiveData)
    i.Ultrasonic_Init                        0x08002520   Section        0  ultrasonic.o(i.Ultrasonic_Init)
    i.Ultrasonic_Trig                        0x080025cc   Section        0  ultrasonic.o(i.Ultrasonic_Trig)
    i.UsageFault_Handler                     0x08002634   Section        0  stm32f10x_it.o(i.UsageFault_Handler)
    i.ValueCompensate                        0x08002638   Section        0  ccd.o(i.ValueCompensate)
    i.__scatterload_copy                     0x0800263a   Section       14  handlers.o(i.__scatterload_copy)
    i.__scatterload_null                     0x08002648   Section        2  handlers.o(i.__scatterload_null)
    i.__scatterload_zeroinit                 0x0800264a   Section       14  handlers.o(i.__scatterload_zeroinit)
    i.ccd_get_line                           0x08002658   Section        0  ccd.o(i.ccd_get_line)
    i.controller                             0x080026d4   Section        0  controller.o(i.controller)
    i.delay_us                               0x08002810   Section        0  delay.o(i.delay_us)
    i.encoder_vel_calc                       0x0800282c   Section        0  motor_vel_encoder_mode.o(i.encoder_vel_calc)
    i.get_encoder_counts_l1                  0x08002880   Section        0  motor_vel_encoder_mode.o(i.get_encoder_counts_l1)
    i.get_encoder_counts_r1                  0x080028e0   Section        0  motor_vel_encoder_mode.o(i.get_encoder_counts_r1)
    i.main                                   0x08002940   Section        0  main.o(i.main)
    i.motor_pid_controller                   0x080029c8   Section        0  motor_pwm.o(i.motor_pid_controller)
    i.simple_controller_init                 0x08002dbc   Section        0  controller.o(i.simple_controller_init)
    i.systickInit                            0x08002dd4   Section        0  main.o(i.systickInit)
    .data                                    0x20000000   Section      156  main.o(.data)
    systick_count                            0x20000090   Data           4  main.o(.data)
    time_ccd_exposure                        0x20000094   Data           4  main.o(.data)
    time_ultra                               0x20000098   Data           4  main.o(.data)
    .data                                    0x2000009c   Section       20  system_stm32f10x.o(.data)
    .data                                    0x200000b0   Section       80  motor_pwm.o(.data)
    err_l1                                   0x200000b0   Data           4  motor_pwm.o(.data)
    err_l1_1                                 0x200000b4   Data           4  motor_pwm.o(.data)
    err_l1_2                                 0x200000b8   Data           4  motor_pwm.o(.data)
    delta_pulse_l1                           0x200000bc   Data           4  motor_pwm.o(.data)
    pulse_l1                                 0x200000c0   Data           4  motor_pwm.o(.data)
    err_l2                                   0x200000c4   Data           4  motor_pwm.o(.data)
    err_l2_1                                 0x200000c8   Data           4  motor_pwm.o(.data)
    err_l2_2                                 0x200000cc   Data           4  motor_pwm.o(.data)
    delta_pulse_l2                           0x200000d0   Data           4  motor_pwm.o(.data)
    pulse_l2                                 0x200000d4   Data           4  motor_pwm.o(.data)
    err_r1                                   0x200000d8   Data           4  motor_pwm.o(.data)
    err_r1_1                                 0x200000dc   Data           4  motor_pwm.o(.data)
    err_r1_2                                 0x200000e0   Data           4  motor_pwm.o(.data)
    delta_pulse_r1                           0x200000e4   Data           4  motor_pwm.o(.data)
    pulse_r1                                 0x200000e8   Data           4  motor_pwm.o(.data)
    err_r2                                   0x200000ec   Data           4  motor_pwm.o(.data)
    err_r2_1                                 0x200000f0   Data           4  motor_pwm.o(.data)
    err_r2_2                                 0x200000f4   Data           4  motor_pwm.o(.data)
    delta_pulse_r2                           0x200000f8   Data           4  motor_pwm.o(.data)
    pulse_r2                                 0x200000fc   Data           4  motor_pwm.o(.data)
    .data                                    0x20000100   Section       12  motor_vel_time_interval.o(.data)
    sum                                      0x20000104   Data           8  motor_vel_time_interval.o(.data)
    .data                                    0x2000010c   Section        5  ultrasonic.o(.data)
    .data                                    0x20000114   Section       32  controller.o(.data)
    err                                      0x20000114   Data           4  controller.o(.data)
    err1                                     0x20000118   Data           4  controller.o(.data)
    err2                                     0x2000011c   Data           4  controller.o(.data)
    R_inverse                                0x20000120   Data           4  controller.o(.data)
    delta_R_inverse                          0x20000124   Data           4  controller.o(.data)
    v_CoM                                    0x20000128   Data           4  controller.o(.data)
    R                                        0x2000012c   Data           4  controller.o(.data)
    R_abs                                    0x20000130   Data           4  controller.o(.data)
    .data                                    0x20000134   Section       36  ccd.o(.data)
    .data                                    0x20000158   Section        2  bluetooth.o(.data)
    .data                                    0x2000015a   Section       20  stm32f10x_rcc.o(.data)
    APBAHBPrescTable                         0x2000015a   Data          16  stm32f10x_rcc.o(.data)
    ADCPrescTable                            0x2000016a   Data           4  stm32f10x_rcc.o(.data)
    .bss                                     0x20000170   Section       28  main.o(.bss)
    .bss                                     0x2000018c   Section       26  motor_pwm.o(.bss)
    TIM_TimeBaseInitStructure                0x2000018c   Data          10  motor_pwm.o(.bss)
    TimOCInitStructure                       0x20000196   Data          16  motor_pwm.o(.bss)
    .bss                                     0x200001a8   Section      764  ccd.o(.bss)
    STACK                                    0x200004a8   Section     1024  startup_stm32f10x_hd.o(STACK)

    Global Symbols

    Symbol Name                              Value     Ov Type        Size  Object(Section)

    BuildAttributes$$THM_ISAv4$P$D$K$B$S$PE$A:L22UL41UL21$X:L11$S22US41US21$IEEE1$IW$USESV6$~STKCKD$USESV7$~SHL$OSPACE$EBA8$MICROLIB$REQ8$PRES8$EABIv2 0x00000000   Number         0  anon$$obj.o ABSOLUTE
    __ARM_use_no_argv                        0x00000000   Number         0  main.o ABSOLUTE
    __cpp_initialize__aeabi_                  - Undefined Weak Reference
    __cxa_finalize                            - Undefined Weak Reference
    _clock_init                               - Undefined Weak Reference
    _microlib_exit                            - Undefined Weak Reference
    __Vectors_Size                           0x00000130   Number         0  startup_stm32f10x_hd.o ABSOLUTE
    __Vectors                                0x08000000   Data           4  startup_stm32f10x_hd.o(RESET)
    __Vectors_End                            0x08000130   Data           0  startup_stm32f10x_hd.o(RESET)
    __main                                   0x08000131   Thumb Code     0  entry.o(.ARM.Collect$$$$00000000)
    _main_stk                                0x08000131   Thumb Code     0  entry2.o(.ARM.Collect$$$$00000001)
    _main_scatterload                        0x08000135   Thumb Code     0  entry5.o(.ARM.Collect$$$$00000004)
    __main_after_scatterload                 0x08000139   Thumb Code     0  entry5.o(.ARM.Collect$$$$00000004)
    _main_clock                              0x08000139   Thumb Code     0  entry7b.o(.ARM.Collect$$$$00000008)
    _main_cpp_init                           0x08000139   Thumb Code     0  entry8b.o(.ARM.Collect$$$$0000000A)
    _main_init                               0x08000139   Thumb Code     0  entry9a.o(.ARM.Collect$$$$0000000B)
    __rt_final_cpp                           0x08000141   Thumb Code     0  entry10a.o(.ARM.Collect$$$$0000000D)
    __rt_final_exit                          0x08000141   Thumb Code     0  entry11a.o(.ARM.Collect$$$$0000000F)
    Reset_Handler                            0x08000145   Thumb Code     8  startup_stm32f10x_hd.o(.text)
    ADC1_2_IRQHandler                        0x0800015f   Thumb Code     0  startup_stm32f10x_hd.o(.text)
    ADC3_IRQHandler                          0x0800015f   Thumb Code     0  startup_stm32f10x_hd.o(.text)
    CAN1_RX1_IRQHandler                      0x0800015f   Thumb Code     0  startup_stm32f10x_hd.o(.text)
    CAN1_SCE_IRQHandler                      0x0800015f   Thumb Code     0  startup_stm32f10x_hd.o(.text)
    DMA1_Channel1_IRQHandler                 0x0800015f   Thumb Code     0  startup_stm32f10x_hd.o(.text)
    DMA1_Channel2_IRQHandler                 0x0800015f   Thumb Code     0  startup_stm32f10x_hd.o(.text)
    DMA1_Channel3_IRQHandler                 0x0800015f   Thumb Code     0  startup_stm32f10x_hd.o(.text)
    DMA1_Channel4_IRQHandler                 0x0800015f   Thumb Code     0  startup_stm32f10x_hd.o(.text)
    DMA1_Channel5_IRQHandler                 0x0800015f   Thumb Code     0  startup_stm32f10x_hd.o(.text)
    DMA1_Channel6_IRQHandler                 0x0800015f   Thumb Code     0  startup_stm32f10x_hd.o(.text)
    DMA1_Channel7_IRQHandler                 0x0800015f   Thumb Code     0  startup_stm32f10x_hd.o(.text)
    DMA2_Channel1_IRQHandler                 0x0800015f   Thumb Code     0  startup_stm32f10x_hd.o(.text)
    DMA2_Channel2_IRQHandler                 0x0800015f   Thumb Code     0  startup_stm32f10x_hd.o(.text)
    DMA2_Channel3_IRQHandler                 0x0800015f   Thumb Code     0  startup_stm32f10x_hd.o(.text)
    DMA2_Channel4_5_IRQHandler               0x0800015f   Thumb Code     0  startup_stm32f10x_hd.o(.text)
    EXTI0_IRQHandler                         0x0800015f   Thumb Code     0  startup_stm32f10x_hd.o(.text)
    EXTI15_10_IRQHandler                     0x0800015f   Thumb Code     0  startup_stm32f10x_hd.o(.text)
    EXTI2_IRQHandler                         0x0800015f   Thumb Code     0  startup_stm32f10x_hd.o(.text)
    EXTI4_IRQHandler                         0x0800015f   Thumb Code     0  startup_stm32f10x_hd.o(.text)
    EXTI9_5_IRQHandler                       0x0800015f   Thumb Code     0  startup_stm32f10x_hd.o(.text)
    FLASH_IRQHandler                         0x0800015f   Thumb Code     0  startup_stm32f10x_hd.o(.text)
    FSMC_IRQHandler                          0x0800015f   Thumb Code     0  startup_stm32f10x_hd.o(.text)
    I2C1_ER_IRQHandler                       0x0800015f   Thumb Code     0  startup_stm32f10x_hd.o(.text)
    I2C1_EV_IRQHandler                       0x0800015f   Thumb Code     0  startup_stm32f10x_hd.o(.text)
    I2C2_ER_IRQHandler                       0x0800015f   Thumb Code     0  startup_stm32f10x_hd.o(.text)
    I2C2_EV_IRQHandler                       0x0800015f   Thumb Code     0  startup_stm32f10x_hd.o(.text)
    PVD_IRQHandler                           0x0800015f   Thumb Code     0  startup_stm32f10x_hd.o(.text)
    RCC_IRQHandler                           0x0800015f   Thumb Code     0  startup_stm32f10x_hd.o(.text)
    RTCAlarm_IRQHandler                      0x0800015f   Thumb Code     0  startup_stm32f10x_hd.o(.text)
    RTC_IRQHandler                           0x0800015f   Thumb Code     0  startup_stm32f10x_hd.o(.text)
    SDIO_IRQHandler                          0x0800015f   Thumb Code     0  startup_stm32f10x_hd.o(.text)
    SPI1_IRQHandler                          0x0800015f   Thumb Code     0  startup_stm32f10x_hd.o(.text)
    SPI2_IRQHandler                          0x0800015f   Thumb Code     0  startup_stm32f10x_hd.o(.text)
    SPI3_IRQHandler                          0x0800015f   Thumb Code     0  startup_stm32f10x_hd.o(.text)
    TAMPER_IRQHandler                        0x0800015f   Thumb Code     0  startup_stm32f10x_hd.o(.text)
    TIM1_BRK_IRQHandler                      0x0800015f   Thumb Code     0  startup_stm32f10x_hd.o(.text)
    TIM1_TRG_COM_IRQHandler                  0x0800015f   Thumb Code     0  startup_stm32f10x_hd.o(.text)
    TIM3_IRQHandler                          0x0800015f   Thumb Code     0  startup_stm32f10x_hd.o(.text)
    TIM4_IRQHandler                          0x0800015f   Thumb Code     0  startup_stm32f10x_hd.o(.text)
    TIM5_IRQHandler                          0x0800015f   Thumb Code     0  startup_stm32f10x_hd.o(.text)
    TIM7_IRQHandler                          0x0800015f   Thumb Code     0  startup_stm32f10x_hd.o(.text)
    TIM8_BRK_IRQHandler                      0x0800015f   Thumb Code     0  startup_stm32f10x_hd.o(.text)
    TIM8_CC_IRQHandler                       0x0800015f   Thumb Code     0  startup_stm32f10x_hd.o(.text)
    TIM8_TRG_COM_IRQHandler                  0x0800015f   Thumb Code     0  startup_stm32f10x_hd.o(.text)
    TIM8_UP_IRQHandler                       0x0800015f   Thumb Code     0  startup_stm32f10x_hd.o(.text)
    UART4_IRQHandler                         0x0800015f   Thumb Code     0  startup_stm32f10x_hd.o(.text)
    UART5_IRQHandler                         0x0800015f   Thumb Code     0  startup_stm32f10x_hd.o(.text)
    USART1_IRQHandler                        0x0800015f   Thumb Code     0  startup_stm32f10x_hd.o(.text)
    USART2_IRQHandler                        0x0800015f   Thumb Code     0  startup_stm32f10x_hd.o(.text)
    USBWakeUp_IRQHandler                     0x0800015f   Thumb Code     0  startup_stm32f10x_hd.o(.text)
    USB_HP_CAN1_TX_IRQHandler                0x0800015f   Thumb Code     0  startup_stm32f10x_hd.o(.text)
    USB_LP_CAN1_RX0_IRQHandler               0x0800015f   Thumb Code     0  startup_stm32f10x_hd.o(.text)
    WWDG_IRQHandler                          0x0800015f   Thumb Code     0  startup_stm32f10x_hd.o(.text)
    __scatterload                            0x08000169   Thumb Code    28  init.o(.text)
    __scatterload_rt2                        0x08000169   Thumb Code     0  init.o(.text)
    __decompress                             0x0800018d   Thumb Code     0  __dczerorl2.o(.text)
    __decompress1                            0x0800018d   Thumb Code    86  __dczerorl2.o(.text)
    ADC_Cmd                                  0x080001e3   Thumb Code    22  stm32f10x_adc.o(i.ADC_Cmd)
    ADC_DeInit                               0x080001f9   Thumb Code    78  stm32f10x_adc.o(i.ADC_DeInit)
    ADC_GetCalibrationStatus                 0x08000255   Thumb Code    20  stm32f10x_adc.o(i.ADC_GetCalibrationStatus)
    ADC_GetConversionValue                   0x08000269   Thumb Code     8  stm32f10x_adc.o(i.ADC_GetConversionValue)
    ADC_GetFlagStatus                        0x08000271   Thumb Code    18  stm32f10x_adc.o(i.ADC_GetFlagStatus)
    ADC_GetResetCalibrationStatus            0x08000283   Thumb Code    20  stm32f10x_adc.o(i.ADC_GetResetCalibrationStatus)
    ADC_Init                                 0x08000299   Thumb Code    70  stm32f10x_adc.o(i.ADC_Init)
    ADC_RegularChannelConfig                 0x080002e9   Thumb Code   184  stm32f10x_adc.o(i.ADC_RegularChannelConfig)
    ADC_ResetCalibration                     0x080003a1   Thumb Code    10  stm32f10x_adc.o(i.ADC_ResetCalibration)
    ADC_SoftwareStartConvCmd                 0x080003ab   Thumb Code    22  stm32f10x_adc.o(i.ADC_SoftwareStartConvCmd)
    ADC_StartCalibration                     0x080003c1   Thumb Code    10  stm32f10x_adc.o(i.ADC_StartCalibration)
    Adc_Init                                 0x080003cd   Thumb Code   172  ccd.o(i.Adc_Init)
    BluetoothControl                         0x08000481   Thumb Code   156  bluetooth.o(i.BluetoothControl)
    Bluetooth_Init                           0x08000525   Thumb Code   180  bluetooth.o(i.Bluetooth_Init)
    BusFault_Handler                         0x080005e5   Thumb Code     4  stm32f10x_it.o(i.BusFault_Handler)
    DebugMon_Handler                         0x080005e9   Thumb Code     2  stm32f10x_it.o(i.DebugMon_Handler)
    EXTI1_IRQHandler                         0x080005ed   Thumb Code   108  ultrasonic.o(i.EXTI1_IRQHandler)
    EXTI3_IRQHandler                         0x08000671   Thumb Code   110  ultrasonic.o(i.EXTI3_IRQHandler)
    EXTI_ClearITPendingBit                   0x080006fd   Thumb Code     6  stm32f10x_exti.o(i.EXTI_ClearITPendingBit)
    EXTI_GetITStatus                         0x08000709   Thumb Code    34  stm32f10x_exti.o(i.EXTI_GetITStatus)
    EXTI_Init                                0x08000731   Thumb Code   142  stm32f10x_exti.o(i.EXTI_Init)
    EncodeInit                               0x080007c5   Thumb Code   276  motor_vel_encoder_mode.o(i.EncodeInit)
    GPIO_EXTILineConfig                      0x080008e9   Thumb Code    60  stm32f10x_gpio.o(i.GPIO_EXTILineConfig)
    GPIO_Init                                0x08000929   Thumb Code   278  stm32f10x_gpio.o(i.GPIO_Init)
    GPIO_PinRemapConfig                      0x08000a41   Thumb Code   138  stm32f10x_gpio.o(i.GPIO_PinRemapConfig)
    GPIO_ReadInputDataBit                    0x08000ad1   Thumb Code    18  stm32f10x_gpio.o(i.GPIO_ReadInputDataBit)
    GPIO_ResetBits                           0x08000ae3   Thumb Code     4  stm32f10x_gpio.o(i.GPIO_ResetBits)
    GPIO_SetBits                             0x08000ae7   Thumb Code     4  stm32f10x_gpio.o(i.GPIO_SetBits)
    GPIO_WriteBit                            0x08000aeb   Thumb Code    10  stm32f10x_gpio.o(i.GPIO_WriteBit)
    GetMid                                   0x08000af5   Thumb Code    40  ccd.o(i.GetMid)
    Get_Adc                                  0x08000b1d   Thumb Code    46  ccd.o(i.Get_Adc)
    HardFault_Handler                        0x08000b51   Thumb Code     4  stm32f10x_it.o(i.HardFault_Handler)
    LED_Init                                 0x08000b55   Thumb Code    76  led.o(i.LED_Init)
    MedianFilter                             0x08000ba5   Thumb Code    90  ccd.o(i.MedianFilter)
    MemManage_Handler                        0x08000c0d   Thumb Code     4  stm32f10x_it.o(i.MemManage_Handler)
    NMI_Handler                              0x08000c11   Thumb Code     2  stm32f10x_it.o(i.NMI_Handler)
    NVIC_Init                                0x08000c15   Thumb Code   100  misc.o(i.NVIC_Init)
    NVIC_PriorityGroupConfig                 0x08000c85   Thumb Code    10  misc.o(i.NVIC_PriorityGroupConfig)
    PendSV_Handler                           0x08000cc1   Thumb Code     2  stm32f10x_it.o(i.PendSV_Handler)
    RCC_ADCCLKConfig                         0x08000cc5   Thumb Code    18  stm32f10x_rcc.o(i.RCC_ADCCLKConfig)
    RCC_APB1PeriphClockCmd                   0x08000cdd   Thumb Code    26  stm32f10x_rcc.o(i.RCC_APB1PeriphClockCmd)
    RCC_APB1PeriphResetCmd                   0x08000cfd   Thumb Code    26  stm32f10x_rcc.o(i.RCC_APB1PeriphResetCmd)
    RCC_APB2PeriphClockCmd                   0x08000d1d   Thumb Code    26  stm32f10x_rcc.o(i.RCC_APB2PeriphClockCmd)
    RCC_APB2PeriphResetCmd                   0x08000d3d   Thumb Code    26  stm32f10x_rcc.o(i.RCC_APB2PeriphResetCmd)
    RCC_GetClocksFreq                        0x08000d5d   Thumb Code   192  stm32f10x_rcc.o(i.RCC_GetClocksFreq)
    Read_CCD                                 0x08000e31   Thumb Code   130  ccd.o(i.Read_CCD)
    SVC_Handler                              0x08000ebd   Thumb Code     2  stm32f10x_it.o(i.SVC_Handler)
    SearchLine                               0x08000ec1   Thumb Code   384  ccd.o(i.SearchLine)
    SelectThreshold                          0x08001061   Thumb Code   168  ccd.o(i.SelectThreshold)
    SysTick_Handler                          0x08001209   Thumb Code   478  main.o(i.SysTick_Handler)
    SystemInit                               0x08001435   Thumb Code    78  system_stm32f10x.o(i.SystemInit)
    TIM1_CC_IRQHandler                       0x080016d5   Thumb Code   386  motor_vel_time_interval.o(i.TIM1_CC_IRQHandler)
    TIM1_Cap_Init                            0x0800189d   Thumb Code   254  motor_vel_time_interval.o(i.TIM1_Cap_Init)
    TIM1_UP_IRQHandler                       0x080019a9   Thumb Code   100  motor_vel_time_interval.o(i.TIM1_UP_IRQHandler)
    TIM2_IRQHandler                          0x08001a21   Thumb Code    18  ultrasonic.o(i.TIM2_IRQHandler)
    TIM2_Init                                0x08001a39   Thumb Code   110  ultrasonic.o(i.TIM2_Init)
    TIM6_IRQHandler                          0x08001aa9   Thumb Code    18  ultrasonic.o(i.TIM6_IRQHandler)
    TIM6_Init                                0x08001ac5   Thumb Code   104  ultrasonic.o(i.TIM6_Init)
    TIM_ARRPreloadConfig                     0x08001b31   Thumb Code    24  stm32f10x_tim.o(i.TIM_ARRPreloadConfig)
    TIM_ClearFlag                            0x08001b49   Thumb Code     6  stm32f10x_tim.o(i.TIM_ClearFlag)
    TIM_ClearITPendingBit                    0x08001b4f   Thumb Code     6  stm32f10x_tim.o(i.TIM_ClearITPendingBit)
    TIM_Cmd                                  0x08001b55   Thumb Code    24  stm32f10x_tim.o(i.TIM_Cmd)
    TIM_CtrlPWMOutputs                       0x08001b6d   Thumb Code    30  stm32f10x_tim.o(i.TIM_CtrlPWMOutputs)
    TIM_DeInit                               0x08001b8d   Thumb Code   424  stm32f10x_tim.o(i.TIM_DeInit)
    TIM_EncoderInterfaceConfig               0x08001d75   Thumb Code    66  stm32f10x_tim.o(i.TIM_EncoderInterfaceConfig)
    TIM_GetCapture1                          0x08001db7   Thumb Code     6  stm32f10x_tim.o(i.TIM_GetCapture1)
    TIM_GetCapture4                          0x08001dbd   Thumb Code     8  stm32f10x_tim.o(i.TIM_GetCapture4)
    TIM_GetITStatus                          0x08001dc5   Thumb Code    34  stm32f10x_tim.o(i.TIM_GetITStatus)
    TIM_ICInit                               0x08001de9   Thumb Code   150  stm32f10x_tim.o(i.TIM_ICInit)
    TIM_ICStructInit                         0x08001e95   Thumb Code    18  stm32f10x_tim.o(i.TIM_ICStructInit)
    TIM_ITConfig                             0x08001ea7   Thumb Code    18  stm32f10x_tim.o(i.TIM_ITConfig)
    TIM_OC1Init                              0x08001eb9   Thumb Code   132  stm32f10x_tim.o(i.TIM_OC1Init)
    TIM_OC1PreloadConfig                     0x08001f51   Thumb Code    18  stm32f10x_tim.o(i.TIM_OC1PreloadConfig)
    TIM_OC2Init                              0x08001f65   Thumb Code   154  stm32f10x_tim.o(i.TIM_OC2Init)
    TIM_OC2PreloadConfig                     0x08002009   Thumb Code    26  stm32f10x_tim.o(i.TIM_OC2PreloadConfig)
    TIM_OC3Init                              0x08002025   Thumb Code   150  stm32f10x_tim.o(i.TIM_OC3Init)
    TIM_OC3PreloadConfig                     0x080020c5   Thumb Code    18  stm32f10x_tim.o(i.TIM_OC3PreloadConfig)
    TIM_OC4Init                              0x080020d9   Thumb Code   114  stm32f10x_tim.o(i.TIM_OC4Init)
    TIM_OC4PreloadConfig                     0x08002155   Thumb Code    26  stm32f10x_tim.o(i.TIM_OC4PreloadConfig)
    TIM_SetCounter                           0x0800216f   Thumb Code     4  stm32f10x_tim.o(i.TIM_SetCounter)
    TIM_SetIC1Prescaler                      0x08002173   Thumb Code    18  stm32f10x_tim.o(i.TIM_SetIC1Prescaler)
    TIM_SetIC2Prescaler                      0x08002185   Thumb Code    26  stm32f10x_tim.o(i.TIM_SetIC2Prescaler)
    TIM_SetIC3Prescaler                      0x0800219f   Thumb Code    18  stm32f10x_tim.o(i.TIM_SetIC3Prescaler)
    TIM_SetIC4Prescaler                      0x080021b1   Thumb Code    26  stm32f10x_tim.o(i.TIM_SetIC4Prescaler)
    TIM_TimeBaseInit                         0x080021cd   Thumb Code   122  stm32f10x_tim.o(i.TIM_TimeBaseInit)
    TIMx_PWMInit                             0x08002271   Thumb Code   210  motor_pwm.o(i.TIMx_PWMInit)
    USART3_IRQHandler                        0x0800235d   Thumb Code    30  bluetooth.o(i.USART3_IRQHandler)
    USART_Cmd                                0x08002385   Thumb Code    24  stm32f10x_usart.o(i.USART_Cmd)
    USART_GetITStatus                        0x0800239d   Thumb Code    84  stm32f10x_usart.o(i.USART_GetITStatus)
    USART_ITConfig                           0x080023f1   Thumb Code    74  stm32f10x_usart.o(i.USART_ITConfig)
    USART_Init                               0x0800243d   Thumb Code   210  stm32f10x_usart.o(i.USART_Init)
    USART_ReceiveData                        0x08002515   Thumb Code    10  stm32f10x_usart.o(i.USART_ReceiveData)
    Ultrasonic_Init                          0x08002521   Thumb Code   168  ultrasonic.o(i.Ultrasonic_Init)
    Ultrasonic_Trig                          0x080025cd   Thumb Code    88  ultrasonic.o(i.Ultrasonic_Trig)
    UsageFault_Handler                       0x08002635   Thumb Code     4  stm32f10x_it.o(i.UsageFault_Handler)
    ValueCompensate                          0x08002639   Thumb Code     2  ccd.o(i.ValueCompensate)
    __scatterload_copy                       0x0800263b   Thumb Code    14  handlers.o(i.__scatterload_copy)
    __scatterload_null                       0x08002649   Thumb Code     2  handlers.o(i.__scatterload_null)
    __scatterload_zeroinit                   0x0800264b   Thumb Code    14  handlers.o(i.__scatterload_zeroinit)
    ccd_get_line                             0x08002659   Thumb Code    98  ccd.o(i.ccd_get_line)
    controller                               0x080026d5   Thumb Code   262  controller.o(i.controller)
    delay_us                                 0x08002811   Thumb Code    26  delay.o(i.delay_us)
    encoder_vel_calc                         0x0800282d   Thumb Code    72  motor_vel_encoder_mode.o(i.encoder_vel_calc)
    get_encoder_counts_l1                    0x08002881   Thumb Code    80  motor_vel_encoder_mode.o(i.get_encoder_counts_l1)
    get_encoder_counts_r1                    0x080028e1   Thumb Code    80  motor_vel_encoder_mode.o(i.get_encoder_counts_r1)
    main                                     0x08002941   Thumb Code   116  main.o(i.main)
    motor_pid_controller                     0x080029c9   Thumb Code   882  motor_pwm.o(i.motor_pid_controller)
    simple_controller_init                   0x08002dbd   Thumb Code    18  controller.o(i.simple_controller_init)
    systickInit                              0x08002dd5   Thumb Code    68  main.o(i.systickInit)
    Region$$Table$$Base                      0x08002e1c   Number         0  anon$$obj.o(Region$$Table)
    Region$$Table$$Limit                     0x08002e3c   Number         0  anon$$obj.o(Region$$Table)
    left_line_dist                           0x20000000   Data           4  main.o(.data)
    right_line_dist                          0x20000004   Data           4  main.o(.data)
    mid_position_dist                        0x20000008   Data           4  main.o(.data)
    prescaler                                0x2000000c   Data           2  main.o(.data)
    motor_pwm_period                         0x2000000e   Data           2  main.o(.data)
    pulse                                    0x20000010   Data           2  main.o(.data)
    vl1_target                               0x20000014   Data           4  main.o(.data)
    vl2_target                               0x20000018   Data           4  main.o(.data)
    vr1_target                               0x2000001c   Data           4  main.o(.data)
    vr2_target                               0x20000020   Data           4  main.o(.data)
    vl1                                      0x20000024   Data           4  main.o(.data)
    vl2                                      0x20000028   Data           4  main.o(.data)
    vr1                                      0x2000002c   Data           4  main.o(.data)
    vr2                                      0x20000030   Data           4  main.o(.data)
    last_cnt_l1                              0x20000034   Data           4  main.o(.data)
    counts_l1                                0x20000038   Data           4  main.o(.data)
    timer8cnt                                0x2000003c   Data           4  main.o(.data)
    last_cnt_r1                              0x20000040   Data           4  main.o(.data)
    counts_r1                                0x20000044   Data           4  main.o(.data)
    timer4cnt                                0x20000048   Data           4  main.o(.data)
    cnt_ch1                                  0x2000004c   Data           4  main.o(.data)
    prev_cnt_ch1                             0x20000050   Data           4  main.o(.data)
    cnt_ch4                                  0x20000054   Data           4  main.o(.data)
    prev_cnt_ch4                             0x20000058   Data           4  main.o(.data)
    delta_t1                                 0x2000005c   Data           4  main.o(.data)
    delta_t4                                 0x20000060   Data           4  main.o(.data)
    cycles1                                  0x20000064   Data           4  main.o(.data)
    cycles4                                  0x20000068   Data           4  main.o(.data)
    num                                      0x2000006c   Data           4  main.o(.data)
    den                                      0x20000070   Data           4  main.o(.data)
    obstacle_mode_flag                       0x20000074   Data           1  main.o(.data)
    last_obstacle_mode_flag                  0x20000075   Data           1  main.o(.data)
    last_obstacle_time_stamp                 0x20000078   Data           4  main.o(.data)
    which_ultra                              0x2000007c   Data           1  main.o(.data)
    R_target                                 0x20000080   Data           4  main.o(.data)
    delta_x                                  0x20000084   Data           4  main.o(.data)
    omega                                    0x20000088   Data           4  main.o(.data)
    v_target                                 0x2000008c   Data           4  main.o(.data)
    SystemCoreClock                          0x2000009c   Data           4  system_stm32f10x.o(.data)
    AHBPrescTable                            0x200000a0   Data          16  system_stm32f10x.o(.data)
    positive_direction_l2                    0x20000100   Data           1  motor_vel_time_interval.o(.data)
    positive_direction_r2                    0x20000101   Data           1  motor_vel_time_interval.o(.data)
    tim2_reload_flag                         0x2000010c   Data           1  ultrasonic.o(.data)
    tim6_reload_flag                         0x2000010d   Data           1  ultrasonic.o(.data)
    ultra_record_flag_l                      0x2000010e   Data           1  ultrasonic.o(.data)
    ultra_record_flag_r                      0x2000010f   Data           1  ultrasonic.o(.data)
    bounce_flag                              0x20000110   Data           1  ultrasonic.o(.data)
    pixel                                    0x20000134   Data           1  ccd.o(.data)
    LeftLine                                 0x20000138   Data           4  ccd.o(.data)
    LeftLineState                            0x2000013c   Data           1  ccd.o(.data)
    RightLine                                0x20000140   Data           4  ccd.o(.data)
    RightLineState                           0x20000144   Data           1  ccd.o(.data)
    MiddlePosition                           0x20000148   Data           4  ccd.o(.data)
    CcdDifferentialMax                       0x2000014c   Data           4  ccd.o(.data)
    CcdDifferentialMin                       0x20000150   Data           4  ccd.o(.data)
    CcdDifferentialThreshold                 0x20000154   Data           4  ccd.o(.data)
    BluetoothReceiver                        0x20000158   Data           1  bluetooth.o(.data)
    BluetoothControlMode                     0x20000159   Data           1  bluetooth.o(.data)
    BodyControlInfo                          0x20000170   Data          12  main.o(.bss)
    BodyControlTarget                        0x2000017c   Data          16  main.o(.bss)
    CCD                                      0x200001a8   Data         128  ccd.o(.bss)
    CcdFiltered                              0x20000228   Data         128  ccd.o(.bss)
    CcdDifferential                          0x200002a8   Data         508  ccd.o(.bss)
    __initial_sp                             0x200008a8   Data           0  startup_stm32f10x_hd.o(STACK)



==============================================================================

Memory Map of the image

  Image Entry point : 0x08000145

  Load Region LR_1 (Base: 0x08000000, Size: 0x00002fac, Max: 0xffffffff, ABSOLUTE, COMPRESSED[0x00002e74])

    Execution Region ER_RO (Base: 0x08000000, Size: 0x00002e3c, Max: 0xffffffff, ABSOLUTE)

    Base Addr    Size         Type   Attr      Idx    E Section Name        Object

    0x08000000   0x00000130   Data   RO          577    RESET               startup_stm32f10x_hd.o
    0x08000130   0x00000000   Code   RO         3575  * .ARM.Collect$$$$00000000  mc_w.l(entry.o)
    0x08000130   0x00000004   Code   RO         3578    .ARM.Collect$$$$00000001  mc_w.l(entry2.o)
    0x08000134   0x00000004   Code   RO         3581    .ARM.Collect$$$$00000004  mc_w.l(entry5.o)
    0x08000138   0x00000000   Code   RO         3583    .ARM.Collect$$$$00000008  mc_w.l(entry7b.o)
    0x08000138   0x00000000   Code   RO         3585    .ARM.Collect$$$$0000000A  mc_w.l(entry8b.o)
    0x08000138   0x00000008   Code   RO         3586    .ARM.Collect$$$$0000000B  mc_w.l(entry9a.o)
    0x08000140   0x00000000   Code   RO         3588    .ARM.Collect$$$$0000000D  mc_w.l(entry10a.o)
    0x08000140   0x00000000   Code   RO         3590    .ARM.Collect$$$$0000000F  mc_w.l(entry11a.o)
    0x08000140   0x00000004   Code   RO         3579    .ARM.Collect$$$$00002712  mc_w.l(entry2.o)
    0x08000144   0x00000024   Code   RO          578  * .text               startup_stm32f10x_hd.o
    0x08000168   0x00000024   Code   RO         3592    .text               mc_w.l(init.o)
    0x0800018c   0x00000056   Code   RO         3602    .text               mc_w.l(__dczerorl2.o)
    0x080001e2   0x00000016   Code   RO          650    i.ADC_Cmd           stm32f10x_adc.o
    0x080001f8   0x0000005c   Code   RO          652    i.ADC_DeInit        stm32f10x_adc.o
    0x08000254   0x00000014   Code   RO          658    i.ADC_GetCalibrationStatus  stm32f10x_adc.o
    0x08000268   0x00000008   Code   RO          659    i.ADC_GetConversionValue  stm32f10x_adc.o
    0x08000270   0x00000012   Code   RO          661    i.ADC_GetFlagStatus  stm32f10x_adc.o
    0x08000282   0x00000014   Code   RO          664    i.ADC_GetResetCalibrationStatus  stm32f10x_adc.o
    0x08000296   0x00000002   PAD
    0x08000298   0x00000050   Code   RO          668    i.ADC_Init          stm32f10x_adc.o
    0x080002e8   0x000000b8   Code   RO          672    i.ADC_RegularChannelConfig  stm32f10x_adc.o
    0x080003a0   0x0000000a   Code   RO          673    i.ADC_ResetCalibration  stm32f10x_adc.o
    0x080003aa   0x00000016   Code   RO          675    i.ADC_SoftwareStartConvCmd  stm32f10x_adc.o
    0x080003c0   0x0000000a   Code   RO          677    i.ADC_StartCalibration  stm32f10x_adc.o
    0x080003ca   0x00000002   PAD
    0x080003cc   0x000000b4   Code   RO          444    i.Adc_Init          ccd.o
    0x08000480   0x000000a4   Code   RO          522    i.BluetoothControl  bluetooth.o
    0x08000524   0x000000c0   Code   RO          523    i.Bluetooth_Init    bluetooth.o
    0x080005e4   0x00000004   Code   RO          154    i.BusFault_Handler  stm32f10x_it.o
    0x080005e8   0x00000002   Code   RO          155    i.DebugMon_Handler  stm32f10x_it.o
    0x080005ea   0x00000002   PAD
    0x080005ec   0x00000084   Code   RO          356    i.EXTI1_IRQHandler  ultrasonic.o
    0x08000670   0x0000008c   Code   RO          357    i.EXTI3_IRQHandler  ultrasonic.o
    0x080006fc   0x0000000c   Code   RO         1406    i.EXTI_ClearITPendingBit  stm32f10x_exti.o
    0x08000708   0x00000028   Code   RO         1410    i.EXTI_GetITStatus  stm32f10x_exti.o
    0x08000730   0x00000094   Code   RO         1411    i.EXTI_Init         stm32f10x_exti.o
    0x080007c4   0x00000124   Code   RO          290    i.EncodeInit        motor_vel_encoder_mode.o
    0x080008e8   0x00000040   Code   RO         1756    i.GPIO_EXTILineConfig  stm32f10x_gpio.o
    0x08000928   0x00000116   Code   RO         1759    i.GPIO_Init         stm32f10x_gpio.o
    0x08000a3e   0x00000002   PAD
    0x08000a40   0x00000090   Code   RO         1761    i.GPIO_PinRemapConfig  stm32f10x_gpio.o
    0x08000ad0   0x00000012   Code   RO         1763    i.GPIO_ReadInputDataBit  stm32f10x_gpio.o
    0x08000ae2   0x00000004   Code   RO         1766    i.GPIO_ResetBits    stm32f10x_gpio.o
    0x08000ae6   0x00000004   Code   RO         1767    i.GPIO_SetBits      stm32f10x_gpio.o
    0x08000aea   0x0000000a   Code   RO         1770    i.GPIO_WriteBit     stm32f10x_gpio.o
    0x08000af4   0x00000028   Code   RO          445    i.GetMid            ccd.o
    0x08000b1c   0x00000034   Code   RO          446    i.Get_Adc           ccd.o
    0x08000b50   0x00000004   Code   RO          156    i.HardFault_Handler  stm32f10x_it.o
    0x08000b54   0x00000050   Code   RO          552    i.LED_Init          led.o
    0x08000ba4   0x00000068   Code   RO          447    i.MedianFilter      ccd.o
    0x08000c0c   0x00000004   Code   RO          157    i.MemManage_Handler  stm32f10x_it.o
    0x08000c10   0x00000002   Code   RO          158    i.NMI_Handler       stm32f10x_it.o
    0x08000c12   0x00000002   PAD
    0x08000c14   0x00000070   Code   RO          582    i.NVIC_Init         misc.o
    0x08000c84   0x00000014   Code   RO          583    i.NVIC_PriorityGroupConfig  misc.o
    0x08000c98   0x00000028   Code   RO            1    i.NVIC_SetPriority  main.o
    0x08000cc0   0x00000002   Code   RO          159    i.PendSV_Handler    stm32f10x_it.o
    0x08000cc2   0x00000002   PAD
    0x08000cc4   0x00000018   Code   RO         2173    i.RCC_ADCCLKConfig  stm32f10x_rcc.o
    0x08000cdc   0x00000020   Code   RO         2175    i.RCC_APB1PeriphClockCmd  stm32f10x_rcc.o
    0x08000cfc   0x00000020   Code   RO         2176    i.RCC_APB1PeriphResetCmd  stm32f10x_rcc.o
    0x08000d1c   0x00000020   Code   RO         2177    i.RCC_APB2PeriphClockCmd  stm32f10x_rcc.o
    0x08000d3c   0x00000020   Code   RO         2178    i.RCC_APB2PeriphResetCmd  stm32f10x_rcc.o
    0x08000d5c   0x000000d4   Code   RO         2185    i.RCC_GetClocksFreq  stm32f10x_rcc.o
    0x08000e30   0x0000008c   Code   RO          448    i.Read_CCD          ccd.o
    0x08000ebc   0x00000002   Code   RO          160    i.SVC_Handler       stm32f10x_it.o
    0x08000ebe   0x00000002   PAD
    0x08000ec0   0x000001a0   Code   RO          449    i.SearchLine        ccd.o
    0x08001060   0x000000c0   Code   RO          450    i.SelectThreshold   ccd.o
    0x08001120   0x00000008   Code   RO          215    i.SetSysClock       system_stm32f10x.o
    0x08001128   0x000000e0   Code   RO          216    i.SetSysClockTo72   system_stm32f10x.o
    0x08001208   0x0000022c   Code   RO            2    i.SysTick_Handler   main.o
    0x08001434   0x00000060   Code   RO          218    i.SystemInit        system_stm32f10x.o
    0x08001494   0x00000080   Code   RO         2793    i.TI1_Config        stm32f10x_tim.o
    0x08001514   0x00000098   Code   RO         2794    i.TI2_Config        stm32f10x_tim.o
    0x080015ac   0x00000090   Code   RO         2795    i.TI3_Config        stm32f10x_tim.o
    0x0800163c   0x00000098   Code   RO         2796    i.TI4_Config        stm32f10x_tim.o
    0x080016d4   0x000001c8   Code   RO          321    i.TIM1_CC_IRQHandler  motor_vel_time_interval.o
    0x0800189c   0x0000010c   Code   RO          322    i.TIM1_Cap_Init     motor_vel_time_interval.o
    0x080019a8   0x00000078   Code   RO          323    i.TIM1_UP_IRQHandler  motor_vel_time_interval.o
    0x08001a20   0x00000018   Code   RO          358    i.TIM2_IRQHandler   ultrasonic.o
    0x08001a38   0x0000006e   Code   RO          359    i.TIM2_Init         ultrasonic.o
    0x08001aa6   0x00000002   PAD
    0x08001aa8   0x0000001c   Code   RO          360    i.TIM6_IRQHandler   ultrasonic.o
    0x08001ac4   0x0000006c   Code   RO          361    i.TIM6_Init         ultrasonic.o
    0x08001b30   0x00000018   Code   RO         2797    i.TIM_ARRPreloadConfig  stm32f10x_tim.o
    0x08001b48   0x00000006   Code   RO         2803    i.TIM_ClearFlag     stm32f10x_tim.o
    0x08001b4e   0x00000006   Code   RO         2804    i.TIM_ClearITPendingBit  stm32f10x_tim.o
    0x08001b54   0x00000018   Code   RO         2809    i.TIM_Cmd           stm32f10x_tim.o
    0x08001b6c   0x0000001e   Code   RO         2811    i.TIM_CtrlPWMOutputs  stm32f10x_tim.o
    0x08001b8a   0x00000002   PAD
    0x08001b8c   0x000001e8   Code   RO         2814    i.TIM_DeInit        stm32f10x_tim.o
    0x08001d74   0x00000042   Code   RO         2818    i.TIM_EncoderInterfaceConfig  stm32f10x_tim.o
    0x08001db6   0x00000006   Code   RO         2824    i.TIM_GetCapture1   stm32f10x_tim.o
    0x08001dbc   0x00000008   Code   RO         2827    i.TIM_GetCapture4   stm32f10x_tim.o
    0x08001dc4   0x00000022   Code   RO         2830    i.TIM_GetITStatus   stm32f10x_tim.o
    0x08001de6   0x00000002   PAD
    0x08001de8   0x000000ac   Code   RO         2832    i.TIM_ICInit        stm32f10x_tim.o
    0x08001e94   0x00000012   Code   RO         2833    i.TIM_ICStructInit  stm32f10x_tim.o
    0x08001ea6   0x00000012   Code   RO         2834    i.TIM_ITConfig      stm32f10x_tim.o
    0x08001eb8   0x00000098   Code   RO         2838    i.TIM_OC1Init       stm32f10x_tim.o
    0x08001f50   0x00000012   Code   RO         2841    i.TIM_OC1PreloadConfig  stm32f10x_tim.o
    0x08001f62   0x00000002   PAD
    0x08001f64   0x000000a4   Code   RO         2843    i.TIM_OC2Init       stm32f10x_tim.o
    0x08002008   0x0000001a   Code   RO         2846    i.TIM_OC2PreloadConfig  stm32f10x_tim.o
    0x08002022   0x00000002   PAD
    0x08002024   0x000000a0   Code   RO         2848    i.TIM_OC3Init       stm32f10x_tim.o
    0x080020c4   0x00000012   Code   RO         2851    i.TIM_OC3PreloadConfig  stm32f10x_tim.o
    0x080020d6   0x00000002   PAD
    0x080020d8   0x0000007c   Code   RO         2853    i.TIM_OC4Init       stm32f10x_tim.o
    0x08002154   0x0000001a   Code   RO         2855    i.TIM_OC4PreloadConfig  stm32f10x_tim.o
    0x0800216e   0x00000004   Code   RO         2874    i.TIM_SetCounter    stm32f10x_tim.o
    0x08002172   0x00000012   Code   RO         2875    i.TIM_SetIC1Prescaler  stm32f10x_tim.o
    0x08002184   0x0000001a   Code   RO         2876    i.TIM_SetIC2Prescaler  stm32f10x_tim.o
    0x0800219e   0x00000012   Code   RO         2877    i.TIM_SetIC3Prescaler  stm32f10x_tim.o
    0x080021b0   0x0000001a   Code   RO         2878    i.TIM_SetIC4Prescaler  stm32f10x_tim.o
    0x080021ca   0x00000002   PAD
    0x080021cc   0x000000a4   Code   RO         2880    i.TIM_TimeBaseInit  stm32f10x_tim.o
    0x08002270   0x000000ec   Code   RO          268    i.TIMx_PWMInit      motor_pwm.o
    0x0800235c   0x00000028   Code   RO          524    i.USART3_IRQHandler  bluetooth.o
    0x08002384   0x00000018   Code   RO         3345    i.USART_Cmd         stm32f10x_usart.o
    0x0800239c   0x00000054   Code   RO         3349    i.USART_GetITStatus  stm32f10x_usart.o
    0x080023f0   0x0000004a   Code   RO         3351    i.USART_ITConfig    stm32f10x_usart.o
    0x0800243a   0x00000002   PAD
    0x0800243c   0x000000d8   Code   RO         3352    i.USART_Init        stm32f10x_usart.o
    0x08002514   0x0000000a   Code   RO         3359    i.USART_ReceiveData  stm32f10x_usart.o
    0x0800251e   0x00000002   PAD
    0x08002520   0x000000ac   Code   RO          362    i.Ultrasonic_Init   ultrasonic.o
    0x080025cc   0x00000068   Code   RO          363    i.Ultrasonic_Trig   ultrasonic.o
    0x08002634   0x00000004   Code   RO          161    i.UsageFault_Handler  stm32f10x_it.o
    0x08002638   0x00000002   Code   RO          451    i.ValueCompensate   ccd.o
    0x0800263a   0x0000000e   Code   RO         3596    i.__scatterload_copy  mc_w.l(handlers.o)
    0x08002648   0x00000002   Code   RO         3597    i.__scatterload_null  mc_w.l(handlers.o)
    0x0800264a   0x0000000e   Code   RO         3598    i.__scatterload_zeroinit  mc_w.l(handlers.o)
    0x08002658   0x0000007c   Code   RO          452    i.ccd_get_line      ccd.o
    0x080026d4   0x0000013c   Code   RO          417    i.controller        controller.o
    0x08002810   0x0000001a   Code   RO          510    i.delay_us          delay.o
    0x0800282a   0x00000002   PAD
    0x0800282c   0x00000054   Code   RO          291    i.encoder_vel_calc  motor_vel_encoder_mode.o
    0x08002880   0x00000060   Code   RO          292    i.get_encoder_counts_l1  motor_vel_encoder_mode.o
    0x080028e0   0x00000060   Code   RO          293    i.get_encoder_counts_r1  motor_vel_encoder_mode.o
    0x08002940   0x00000088   Code   RO            3    i.main              main.o
    0x080029c8   0x000003f4   Code   RO          269    i.motor_pid_controller  motor_pwm.o
    0x08002dbc   0x00000018   Code   RO          419    i.simple_controller_init  controller.o
    0x08002dd4   0x00000048   Code   RO            4    i.systickInit       main.o
    0x08002e1c   0x00000020   Data   RO         3594    Region$$Table       anon$$obj.o


    Execution Region ER_RW (Base: 0x20000000, Size: 0x00000170, Max: 0xffffffff, ABSOLUTE, COMPRESSED[0x00000038])

    Base Addr    Size         Type   Attr      Idx    E Section Name        Object

    0x20000000   0x0000009c   Data   RW            6    .data               main.o
    0x2000009c   0x00000014   Data   RW          219    .data               system_stm32f10x.o
    0x200000b0   0x00000050   Data   RW          271    .data               motor_pwm.o
    0x20000100   0x0000000c   Data   RW          326    .data               motor_vel_time_interval.o
    0x2000010c   0x00000005   Data   RW          364    .data               ultrasonic.o
    0x20000111   0x00000003   PAD
    0x20000114   0x00000020   Data   RW          420    .data               controller.o
    0x20000134   0x00000024   Data   RW          455    .data               ccd.o
    0x20000158   0x00000002   Data   RW          525    .data               bluetooth.o
    0x2000015a   0x00000014   Data   RW         2205    .data               stm32f10x_rcc.o


    Execution Region ER_ZI (Base: 0x20000170, Size: 0x00000738, Max: 0xffffffff, ABSOLUTE)

    Base Addr    Size         Type   Attr      Idx    E Section Name        Object

    0x20000170   0x0000001c   Zero   RW            5    .bss                main.o
    0x2000018c   0x0000001a   Zero   RW          270    .bss                motor_pwm.o
    0x200001a6   0x00000002   PAD
    0x200001a8   0x000002fc   Zero   RW          453    .bss                ccd.o
    0x200004a4   0x00000004   PAD
    0x200004a8   0x00000400   Zero   RW          575    STACK               startup_stm32f10x_hd.o


==============================================================================

Image component sizes


      Code (inc. data)   RO Data    RW Data    ZI Data      Debug   Object Name

       396         30          0          2          0       1997   bluetooth.o
      1250        120          0         36        764       6234   ccd.o
       340         60          0         32          0       1366   controller.o
         0          0          0          0          0         32   core_cm3.o
        26          0          0          0          0        487   delay.o
        80          4          0          0          0        471   led.o
       804        116          0        156         28     283636   main.o
       132         22          0          0          0     217583   misc.o
      1248        156          0         80         26       2206   motor_pwm.o
       568         60          0          0          0       2360   motor_vel_encoder_mode.o
       844        104          0         12          0       3062   motor_vel_time_interval.o
        36          8        304          0       1024        804   startup_stm32f10x_hd.o
       486         24          0          0          0       8586   stm32f10x_adc.o
       200         18          0          0          0       2124   stm32f10x_exti.o
       522         10          0          0          0       5704   stm32f10x_gpio.o
        24          0          0          0          0       3340   stm32f10x_it.o
       364         50          0         20          0       6163   stm32f10x_rcc.o
      2420        264          0          0          0      20061   stm32f10x_tim.o
       408          6          0          0          0       4978   stm32f10x_usart.o
       328         28          0         20          0       2117   system_stm32f10x.o
       818         94          0          5          0       4594   ultrasonic.o

    ----------------------------------------------------------------------
     11328       1174        336        368       1848     577905   Object Totals
         0          0         32          0          0          0   (incl. Generated)
        34          0          0          5          6          0   (incl. Padding)

    ----------------------------------------------------------------------

      Code (inc. data)   RO Data    RW Data    ZI Data      Debug   Library Member Name

        86          0          0          0          0          0   __dczerorl2.o
         0          0          0          0          0          0   entry.o
         0          0          0          0          0          0   entry10a.o
         0          0          0          0          0          0   entry11a.o
         8          4          0          0          0          0   entry2.o
         4          0          0          0          0          0   entry5.o
         0          0          0          0          0          0   entry7b.o
         0          0          0          0          0          0   entry8b.o
         8          4          0          0          0          0   entry9a.o
        30          0          0          0          0          0   handlers.o
        36          8          0          0          0         68   init.o

    ----------------------------------------------------------------------
       172         16          0          0          0         68   Library Totals
         0          0          0          0          0          0   (incl. Padding)

    ----------------------------------------------------------------------

      Code (inc. data)   RO Data    RW Data    ZI Data      Debug   Library Name

       172         16          0          0          0         68   mc_w.l

    ----------------------------------------------------------------------
       172         16          0          0          0         68   Library Totals

    ----------------------------------------------------------------------

==============================================================================


      Code (inc. data)   RO Data    RW Data    ZI Data      Debug   

     11500       1190        336        368       1848     572537   Grand Totals
     11500       1190        336         56       1848     572537   ELF Image Totals (compressed)
     11500       1190        336         56          0          0   ROM Totals

==============================================================================

    Total RO  Size (Code + RO Data)                11836 (  11.56kB)
    Total RW  Size (RW Data + ZI Data)              2216 (   2.16kB)
    Total ROM Size (Code + RO Data + RW Data)      11892 (  11.61kB)

==============================================================================

