<html>
<body>
<pre>
<h1>µVision Build Log</h1>
<h2>Tool Versions:</h2>
IDE-Version: ¦ÌVision V5.14.0.0
Copyright (C) 2015 ARM Ltd and ARM Germany GmbH. All rights reserved.
License Information: Rui Wang, UC Berkeley, LIC=X96CX-HL05J-74SS0-BTEAY-20WQS-ZBNYU
 
Tool Versions:
Toolchain:       MDK-ARM Standard  Version: 5.14.0.0
Toolchain Path:  C:\Keil_v5\ARM\ARMCC\Bin
C Compiler:      Armcc.exe V5.05 update 1 (build 106)
Assembler:       Armasm.exe V5.05 update 1 (build 106)
Linker/Locator:  ArmLink.exe V5.05 update 1 (build 106)
Library Manager: ArmAr.exe V5.05 update 1 (build 106)
Hex Converter:   FromElf.exe V5.05 update 1 (build 106)
CPU DLL:         SARMCM3.DLL V5.14.0.0
Dialog DLL:      DARMSTM.DLL V1.65.0.0
Target DLL:      Segger\JL2CM3.dll V2.99.13.0
Dialog DLL:      TARMSTM.DLL V1.64.0.0
 
<h2>Project:</h2>
C:\Users\Rui\Tsinghua\classes\mechatronics_system_lab\stm32project\USER\Template.uvprojx
Project File Date:  05/26/2018

<h2>Output:</h2>
Build target 'Template'
compiling main.c...
controller.h(15): warning:  #1-D: last line of file ends without a newline
  }STRU_BODYCONTROL_TARGET;
motor_pwm.h(7): warning:  #1-D: last line of file ends without a newline
  #endif
motor_vel_encoder_mode.h(7): warning:  #1295-D: Deprecated declaration encoder_vel_calc - give arg types
  void encoder_vel_calc();
motor_vel_encoder_mode.h(9): warning:  #1-D: last line of file ends without a newline
  #endif
ultrasonic.h(9): warning:  #1-D: last line of file ends without a newline
  #endif
main.c(39): warning:  #1295-D: Deprecated declaration simple_controller_init - give arg types
  void simple_controller_init();
main.c(40): warning:  #1295-D: Deprecated declaration simple_controller - give arg types
  void simple_controller();
main.c(44): warning:  #1295-D: Deprecated declaration ccd_get_line - give arg types
  void ccd_get_line();
main.c: 8 warnings, 0 errors
compiling motor_pwm.c...
compiling motor_vel_encoder_mode.c...
motor_vel_encoder_mode.c(125): warning:  #1-D: last line of file ends without a newline
  }
motor_vel_encoder_mode.c: 1 warning, 0 errors
compiling motor_vel_time_interval.c...
compiling ultrasonic.c...
delay.h(7): warning:  #1-D: last line of file ends without a newline
  #endif
ultrasonic.c(178): warning:  #1-D: last line of file ends without a newline
  }
ultrasonic.c: 2 warnings, 0 errors
compiling controller.c...
controller.h(15): warning:  #1-D: last line of file ends without a newline
  }STRU_BODYCONTROL_TARGET;
controller.c: 1 warning, 0 errors
compiling ccd.c...
delay.h(7): warning:  #1-D: last line of file ends without a newline
  #endif
ccd.c(107): warning:  #128-D: loop is not reachable
        for(pixel=0;pixel<64;pixel++)
ccd.c: 2 warnings, 0 errors
compiling Bluetooth.c...
linking...
Program Size: Code=11904 RO-data=336 RW-data=372 ZI-data=1844  
FromELF: creating hex file...
"..\OBJ\Template.axf" - 0 Error(s), 14 Warning(s).

<h2>Collection of Component include folders:</h2>
  C:\Users\Rui\Tsinghua\classes\mechatronics_system_lab\stm32project\USER\RTE
  C:\Keil_v5\ARM\PACK\Keil\STM32F1xx_DFP\2.2.0

<h2>Collection of Component Files used:</h2>
</pre>
</body>
</html>
