<html>
<body>
<pre>
<h1>µVision Build Log</h1>
<h2>Tool Versions:</h2>
IDE-Version: ¦ÌVision V5.14.0.0
Copyright (C) 2015 ARM Ltd and ARM Germany GmbH. All rights reserved.
License Information: Rui Wang, UC Berkeley, LIC=X96CX-HL05J-74SS0-BTEAY-20WQS-ZBNYU
 
Tool Versions:
Toolchain:       MDK-ARM Standard  Version: 5.14.0.0
Toolchain Path:  C:\Keil_v5\ARM\ARMCC\Bin
C Compiler:      Armcc.exe V5.05 update 1 (build 106)
Assembler:       Armasm.exe V5.05 update 1 (build 106)
Linker/Locator:  ArmLink.exe V5.05 update 1 (build 106)
Library Manager: ArmAr.exe V5.05 update 1 (build 106)
Hex Converter:   FromElf.exe V5.05 update 1 (build 106)
CPU DLL:         SARMCM3.DLL V5.14.0.0
Dialog DLL:      DARMSTM.DLL V1.65.0.0
Target DLL:      Segger\JL2CM3.dll V2.99.13.0
Dialog DLL:      TARMSTM.DLL V1.64.0.0
 
<h2>Project:</h2>
C:\Users\Rui\Tsinghua\classes\mechatronics_system_lab\stm32project\USER\Template.uvprojx
Project File Date:  05/16/2018

<h2>Output:</h2>
Build target 'Template'
compiling delay.c...
delay.h(7): warning:  #1-D: last line of file ends without a newline
  #endif
delay.c(10): warning:  #1-D: last line of file ends without a newline
  }
delay.c: 2 warnings, 0 errors
linking...
Program Size: Code=10176 RO-data=464 RW-data=340 ZI-data=1844  
FromELF: creating hex file...
"..\OBJ\Template.axf" - 0 Error(s), 2 Warning(s).

<h2>Collection of Component include folders:</h2>
  C:\Users\Rui\Tsinghua\classes\mechatronics_system_lab\stm32project\USER\RTE
  C:\Keil_v5\ARM\PACK\Keil\STM32F1xx_DFP\2.2.0

<h2>Collection of Component Files used:</h2>
</pre>
</body>
</html>
